00:00 +0: loading /Users/mac/Documents/baudex/frontend/test/unit/core/network/network_info_test.dart                                                                                                   00:01 +0: loading /Users/mac/Documents/baudex/frontend/test/unit/core/network/network_info_test.dart                                                                                                   00:02 +0: loading /Users/mac/Documents/baudex/frontend/test/unit/core/network/network_info_test.dart                                                                                                   00:03 +0: loading /Users/mac/Documents/baudex/frontend/test/unit/core/network/network_info_test.dart                                                                                                   00:03 +0: /Users/mac/Documents/baudex/frontend/test/unit/core/network/network_info_test.dart: NetworkInfoImpl isConnected should return true when WiFi is connected                                    00:03 +0: /Users/mac/Documents/baudex/frontend/test/unit/core/network/network_info_test.dart: NetworkInfoImpl isConnected should return true when WiFi is connected                                    
🌐 NetworkInfo: Verificando conectividad...
🌐 NetworkInfo: connectivityResult = [ConnectivityResult.wifi]
🌐 NetworkInfo: WiFi=true, Mobile=false, Ethernet=false
🌐 NetworkInfo: Retornando isConnected=true
00:03 +1: /Users/mac/Documents/baudex/frontend/test/unit/core/network/network_info_test.dart: NetworkInfoImpl isConnected should return true when WiFi is connected                                    00:03 +1: /Users/mac/Documents/baudex/frontend/test/unit/core/network/network_info_test.dart: NetworkInfoImpl isConnected should return true when mobile data is connected                             00:03 +1: /Users/mac/Documents/baudex/frontend/test/unit/core/network/network_info_test.dart: NetworkInfoImpl isConnected should return true when mobile data is connected                             
🌐 NetworkInfo: Verificando conectividad...
🌐 NetworkInfo: connectivityResult = [ConnectivityResult.mobile]
🌐 NetworkInfo: WiFi=false, Mobile=true, Ethernet=false
🌐 NetworkInfo: Retornando isConnected=true
00:03 +2: /Users/mac/Documents/baudex/frontend/test/unit/core/network/network_info_test.dart: NetworkInfoImpl isConnected should return true when mobile data is connected                             00:03 +2: /Users/mac/Documents/baudex/frontend/test/unit/core/network/network_info_test.dart: NetworkInfoImpl isConnected should return true when ethernet is connected                                00:03 +2: /Users/mac/Documents/baudex/frontend/test/unit/core/network/network_info_test.dart: NetworkInfoImpl isConnected should return true when ethernet is connected                                
🌐 NetworkInfo: Verificando conectividad...
🌐 NetworkInfo: connectivityResult = [ConnectivityResult.ethernet]
🌐 NetworkInfo: WiFi=false, Mobile=false, Ethernet=true
🌐 NetworkInfo: Retornando isConnected=true
00:03 +3: /Users/mac/Documents/baudex/frontend/test/unit/core/network/network_info_test.dart: NetworkInfoImpl isConnected should return true when ethernet is connected                                00:03 +3: /Users/mac/Documents/baudex/frontend/test/unit/core/network/network_info_test.dart: NetworkInfoImpl isConnected should return false when no connection is available                          00:03 +3: /Users/mac/Documents/baudex/frontend/test/unit/core/network/network_info_test.dart: NetworkInfoImpl isConnected should return false when no connection is available                          
🌐 NetworkInfo: Verificando conectividad...
🌐 NetworkInfo: connectivityResult = [ConnectivityResult.none]
🌐 NetworkInfo: WiFi=false, Mobile=false, Ethernet=false
🌐 NetworkInfo: Retornando isConnected=false
00:03 +4: /Users/mac/Documents/baudex/frontend/test/unit/core/network/network_info_test.dart: NetworkInfoImpl isConnected should return false when no connection is available                          00:03 +4: /Users/mac/Documents/baudex/frontend/test/unit/core/network/network_info_test.dart: NetworkInfoImpl isConnected should return false when connectivity check throws exception                 00:03 +4: /Users/mac/Documents/baudex/frontend/test/unit/core/network/network_info_test.dart: NetworkInfoImpl isConnected should return false when connectivity check throws exception                 
🌐 NetworkInfo: Verificando conectividad...
❌ NetworkInfo: Error verificando conectividad: Exception: Network error
📚 StackTrace: #0      When.thenThrow.<anonymous closure> (package:mocktail/src/mocktail.dart:249:7)
#1      Mock.noSuchMethod (package:mocktail/src/mocktail.dart:131:37)
#2      MockConnectivity.checkConnectivity (file:///Users/mac/Documents/baudex/frontend/test/unit/core/network/network_info_test.dart:8:7)
#3      NetworkInfoImpl.isConnected (package:baudex_desktop/app/core/network/network_info.dart:20:54)
#4      main.<anonymous closure>.<anonymous closure>.<anonymous closure> (file:///Users/mac/Documents/baudex/frontend/test/unit/core/network/network_info_test.dart:80:42)
#5      Declarer.test.<anonymous closure>.<anonymous closure> (package:test_api/src/backend/declarer.dart:229:19)
<asynchronous suspension>
#6      Declarer.test.<anonymous closure> (package:test_api/src/backend/declarer.dart:227:7)
<asynchronous suspension>
#7      Invoker._waitForOutstandingCallbacks.<anonymous closure> (package:test_api/src/backend/invoker.dart:258:9)
<asynchronous suspension>

00:03 +5: /Users/mac/Documents/baudex/frontend/test/unit/core/network/network_info_test.dart: NetworkInfoImpl isConnected should return false when connectivity check throws exception                 00:03 +5: /Users/mac/Documents/baudex/frontend/test/unit/core/network/network_info_test.dart: NetworkInfoImpl isConnected should handle multiple connectivity results correctly (WiFi + Mobile)        00:03 +5: /Users/mac/Documents/baudex/frontend/test/unit/core/network/network_info_test.dart: NetworkInfoImpl isConnected should handle multiple connectivity results correctly (WiFi + Mobile)        
🌐 NetworkInfo: Verificando conectividad...
🌐 NetworkInfo: connectivityResult = [ConnectivityResult.wifi, ConnectivityResult.mobile]
🌐 NetworkInfo: WiFi=true, Mobile=true, Ethernet=false
🌐 NetworkInfo: Retornando isConnected=true
00:03 +6: /Users/mac/Documents/baudex/frontend/test/unit/core/network/network_info_test.dart: NetworkInfoImpl isConnected should handle multiple connectivity results correctly (WiFi + Mobile)        00:03 +6: /Users/mac/Documents/baudex/frontend/test/unit/core/network/network_info_test.dart: NetworkInfoImpl isConnected should handle multiple connectivity results correctly (WiFi + Ethernet)      00:03 +6: /Users/mac/Documents/baudex/frontend/test/unit/core/network/network_info_test.dart: NetworkInfoImpl isConnected should handle multiple connectivity results correctly (WiFi + Ethernet)      
🌐 NetworkInfo: Verificando conectividad...
🌐 NetworkInfo: connectivityResult = [ConnectivityResult.wifi, ConnectivityResult.ethernet]
🌐 NetworkInfo: WiFi=true, Mobile=false, Ethernet=true
🌐 NetworkInfo: Retornando isConnected=true
00:03 +7: /Users/mac/Documents/baudex/frontend/test/unit/core/network/network_info_test.dart: NetworkInfoImpl isConnected should handle multiple connectivity results correctly (WiFi + Ethernet)      00:03 +7: /Users/mac/Documents/baudex/frontend/test/unit/core/network/network_info_test.dart: NetworkInfoImpl isConnected should return false when list contains only none                             00:03 +7: /Users/mac/Documents/baudex/frontend/test/unit/core/network/network_info_test.dart: NetworkInfoImpl isConnected should return false when list contains only none                             
🌐 NetworkInfo: Verificando conectividad...
🌐 NetworkInfo: connectivityResult = [ConnectivityResult.none]
🌐 NetworkInfo: WiFi=false, Mobile=false, Ethernet=false
🌐 NetworkInfo: Retornando isConnected=false
00:03 +8: /Users/mac/Documents/baudex/frontend/test/unit/core/network/network_info_test.dart: NetworkInfoImpl isConnected should return false when list contains only none                             00:03 +8: /Users/mac/Documents/baudex/frontend/test/unit/core/network/network_info_test.dart: NetworkInfoImpl isConnected should return true when list contains WiFi and none                          00:03 +8: /Users/mac/Documents/baudex/frontend/test/unit/core/network/network_info_test.dart: NetworkInfoImpl isConnected should return true when list contains WiFi and none                          
🌐 NetworkInfo: Verificando conectividad...
🌐 NetworkInfo: connectivityResult = [ConnectivityResult.wifi, ConnectivityResult.none]
🌐 NetworkInfo: WiFi=true, Mobile=false, Ethernet=false
🌐 NetworkInfo: Retornando isConnected=true
00:03 +9: /Users/mac/Documents/baudex/frontend/test/unit/core/network/network_info_test.dart: NetworkInfoImpl isConnected should return true when list contains WiFi and none                          00:03 +9: /Users/mac/Documents/baudex/frontend/test/unit/core/network/network_info_test.dart: NetworkInfoImpl isConnected should return false when list is empty                                       00:03 +9: /Users/mac/Documents/baudex/frontend/test/unit/core/network/network_info_test.dart: NetworkInfoImpl isConnected should return false when list is empty                                       
🌐 NetworkInfo: Verificando conectividad...
🌐 NetworkInfo: connectivityResult = []
🌐 NetworkInfo: WiFi=false, Mobile=false, Ethernet=false
🌐 NetworkInfo: Retornando isConnected=false
00:03 +10: /Users/mac/Documents/baudex/frontend/test/unit/core/network/network_info_test.dart: NetworkInfoImpl isConnected should return false when list is empty                                      00:03 +10: /Users/mac/Documents/baudex/frontend/test/unit/core/network/network_info_test.dart: NetworkInfoImpl isConnected should handle bluetooth connectivity as not connected                       00:04 +10: /Users/mac/Documents/baudex/frontend/test/unit/core/network/network_info_test.dart: NetworkInfoImpl isConnected should handle bluetooth connectivity as not connected                       00:04 +10: /Users/mac/Documents/baudex/frontend/test/unit/core/network/network_info_test.dart: NetworkInfoImpl isConnected should handle bluetooth connectivity as not connected                       
🌐 NetworkInfo: Verificando conectividad...
🌐 NetworkInfo: connectivityResult = [ConnectivityResult.bluetooth]
🌐 NetworkInfo: WiFi=false, Mobile=false, Ethernet=false
🌐 NetworkInfo: Retornando isConnected=false
00:04 +11: /Users/mac/Documents/baudex/frontend/test/unit/core/network/network_info_test.dart: NetworkInfoImpl isConnected should handle bluetooth connectivity as not connected                       00:04 +11: /Users/mac/Documents/baudex/frontend/test/unit/core/network/network_info_test.dart: NetworkInfoImpl isConnected should handle VPN connectivity as connected                                 00:04 +11: /Users/mac/Documents/baudex/frontend/test/unit/core/network/network_info_test.dart: NetworkInfoImpl isConnected should handle VPN connectivity as connected                                 
🌐 NetworkInfo: Verificando conectividad...
🌐 NetworkInfo: connectivityResult = [ConnectivityResult.vpn]
🌐 NetworkInfo: WiFi=false, Mobile=false, Ethernet=false
🌐 NetworkInfo: Retornando isConnected=false
00:04 +12: /Users/mac/Documents/baudex/frontend/test/unit/core/network/network_info_test.dart: NetworkInfoImpl isConnected should handle VPN connectivity as connected                                 00:05 +12: /Users/mac/Documents/baudex/frontend/test/unit/core/network/network_info_test.dart: NetworkInfoImpl isConnected should handle VPN connectivity as connected                                 00:05 +12: loading /Users/mac/Documents/baudex/frontend/test/unit/core/sync/sync_service_test.dart                                                                                                     00:05 +12: /Users/mac/Documents/baudex/frontend/test/unit/core/sync/sync_service_test.dart: (setUpAll)                                                                                                 00:05 +12: /Users/mac/Documents/baudex/frontend/test/unit/core/sync/sync_service_test.dart: SyncService - Connectivity Monitoring should detect when device goes online                                00:05 +13: /Users/mac/Documents/baudex/frontend/test/unit/core/sync/sync_service_test.dart: SyncService - Connectivity Monitoring should detect when device goes online                                00:05 +13: /Users/mac/Documents/baudex/frontend/test/unit/core/sync/sync_service_test.dart: SyncService - Connectivity Monitoring should detect when device goes offline                               00:06 +13: /Users/mac/Documents/baudex/frontend/test/unit/core/sync/sync_service_test.dart: SyncService - Connectivity Monitoring should detect when device goes offline                               00:06 +14: /Users/mac/Documents/baudex/frontend/test/unit/core/sync/sync_service_test.dart: SyncService - Connectivity Monitoring should detect when device goes offline                               00:06 +14: /Users/mac/Documents/baudex/frontend/test/unit/core/sync/sync_service_test.dart: SyncService - Connectivity Monitoring should recognize WiFi as online                                      00:06 +15: /Users/mac/Documents/baudex/frontend/test/unit/core/sync/sync_service_test.dart: SyncService - Connectivity Monitoring should recognize WiFi as online                                      00:06 +15: /Users/mac/Documents/baudex/frontend/test/unit/core/sync/sync_service_test.dart: SyncService - Connectivity Monitoring should recognize mobile data as online                               00:06 +16: /Users/mac/Documents/baudex/frontend/test/unit/core/sync/sync_service_test.dart: SyncService - Connectivity Monitoring should recognize mobile data as online                               00:06 +16: /Users/mac/Documents/baudex/frontend/test/unit/core/sync/sync_service_test.dart: SyncService - Connectivity Monitoring should recognize ethernet as online                                  00:06 +17: /Users/mac/Documents/baudex/frontend/test/unit/core/sync/sync_service_test.dart: SyncService - Connectivity Monitoring should recognize ethernet as online                                  00:06 +17: /Users/mac/Documents/baudex/frontend/test/unit/core/sync/sync_service_test.dart: SyncService - Connectivity Monitoring should NOT sync when offline                                         00:06 +17: /Users/mac/Documents/baudex/frontend/test/unit/core/sync/sync_service_test.dart: SyncService - Connectivity Monitoring should NOT sync when offline                                         
⚠️ Sin conexión, no se puede sincronizar
00:06 +18: /Users/mac/Documents/baudex/frontend/test/unit/core/sync/sync_service_test.dart: SyncService - Connectivity Monitoring should NOT sync when offline                                         00:06 +18: /Users/mac/Documents/baudex/frontend/test/unit/core/sync/sync_service_test.dart: SyncService - Automatic Sync should sync pending operations on connection restore                          00:06 +19: /Users/mac/Documents/baudex/frontend/test/unit/core/sync/sync_service_test.dart: SyncService - Automatic Sync should sync pending operations on connection restore                          00:06 +19: /Users/mac/Documents/baudex/frontend/test/unit/core/sync/sync_service_test.dart: SyncService - Automatic Sync should NOT create duplicate sync timers                                       00:06 +20: /Users/mac/Documents/baudex/frontend/test/unit/core/sync/sync_service_test.dart: SyncService - Automatic Sync should NOT create duplicate sync timers                                       00:06 +20: /Users/mac/Documents/baudex/frontend/test/unit/core/sync/sync_service_test.dart: SyncService - Dependency Ordering should sync Categories before Products                                   00:06 +21: /Users/mac/Documents/baudex/frontend/test/unit/core/sync/sync_service_test.dart: SyncService - Dependency Ordering should sync Categories before Products                                   00:06 +21: /Users/mac/Documents/baudex/frontend/test/unit/core/sync/sync_service_test.dart: SyncService - Dependency Ordering should sync CREATE operations before UPDATE operations                   00:06 +22: /Users/mac/Documents/baudex/frontend/test/unit/core/sync/sync_service_test.dart: SyncService - Dependency Ordering should sync CREATE operations before UPDATE operations                   00:06 +22: /Users/mac/Documents/baudex/frontend/test/unit/core/sync/sync_service_test.dart: SyncService - Dependency Ordering should sync CREATE before UPDATE before DELETE                           00:06 +23: /Users/mac/Documents/baudex/frontend/test/unit/core/sync/sync_service_test.dart: SyncService - Dependency Ordering should sync CREATE before UPDATE before DELETE                           00:06 +23: /Users/mac/Documents/baudex/frontend/test/unit/core/sync/sync_service_test.dart: SyncService - Dependency Ordering should respect operation priority field                                  00:06 +24: /Users/mac/Documents/baudex/frontend/test/unit/core/sync/sync_service_test.dart: SyncService - Dependency Ordering should respect operation priority field                                  00:06 +24: /Users/mac/Documents/baudex/frontend/test/unit/core/sync/sync_service_test.dart: SyncService - Duplicate Operation Handling should merge CREATE + UPDATE into single CREATE                 00:06 +25: /Users/mac/Documents/baudex/frontend/test/unit/core/sync/sync_service_test.dart: SyncService - Duplicate Operation Handling should merge CREATE + UPDATE into single CREATE                 00:06 +25: /Users/mac/Documents/baudex/frontend/test/unit/core/sync/sync_service_test.dart: SyncService - Duplicate Operation Handling should merge multiple UPDATEs into single UPDATE                00:06 +26: /Users/mac/Documents/baudex/frontend/test/unit/core/sync/sync_service_test.dart: SyncService - Duplicate Operation Handling should merge multiple UPDATEs into single UPDATE                00:06 +26: /Users/mac/Documents/baudex/frontend/test/unit/core/sync/sync_service_test.dart: SyncService - Duplicate Operation Handling should handle CREATE + DELETE scenario                          00:06 +27: /Users/mac/Documents/baudex/frontend/test/unit/core/sync/sync_service_test.dart: SyncService - Duplicate Operation Handling should handle CREATE + DELETE scenario                          00:06 +27: /Users/mac/Documents/baudex/frontend/test/unit/core/sync/sync_service_test.dart: SyncService - Duplicate Operation Handling should keep most recent operation payload                       00:06 +28: /Users/mac/Documents/baudex/frontend/test/unit/core/sync/sync_service_test.dart: SyncService - Duplicate Operation Handling should keep most recent operation payload                       00:06 +28: /Users/mac/Documents/baudex/frontend/test/unit/core/sync/sync_service_test.dart: SyncService - Conflict Resolution (HTTP 409) should mark operation as completed on 409 error               00:06 +29: /Users/mac/Documents/baudex/frontend/test/unit/core/sync/sync_service_test.dart: SyncService - Conflict Resolution (HTTP 409) should mark operation as completed on 409 error               00:06 +29: /Users/mac/Documents/baudex/frontend/test/unit/core/sync/sync_service_test.dart: SyncService - Conflict Resolution (HTTP 409) should NOT retry operations that return 409                   00:06 +30: /Users/mac/Documents/baudex/frontend/test/unit/core/sync/sync_service_test.dart: SyncService - Conflict Resolution (HTTP 409) should NOT retry operations that return 409                   00:06 +30: /Users/mac/Documents/baudex/frontend/test/unit/core/sync/sync_service_test.dart: SyncService - Conflict Resolution (HTTP 409) should log conflict errors properly                           00:06 +31: /Users/mac/Documents/baudex/frontend/test/unit/core/sync/sync_service_test.dart: SyncService - Conflict Resolution (HTTP 409) should log conflict errors properly                           00:06 +31: /Users/mac/Documents/baudex/frontend/test/unit/core/sync/sync_service_test.dart: SyncService - Cleanup should delete completed operations older than 7 days                                 00:06 +32: /Users/mac/Documents/baudex/frontend/test/unit/core/sync/sync_service_test.dart: SyncService - Cleanup should delete completed operations older than 7 days                                 00:06 +32: /Users/mac/Documents/baudex/frontend/test/unit/core/sync/sync_service_test.dart: SyncService - Cleanup should NOT delete pending operations older than 7 days                               00:06 +33: /Users/mac/Documents/baudex/frontend/test/unit/core/sync/sync_service_test.dart: SyncService - Cleanup should NOT delete pending operations older than 7 days                               00:06 +33: /Users/mac/Documents/baudex/frontend/test/unit/core/sync/sync_service_test.dart: SyncService - Cleanup should NOT delete failed operations older than 7 days                                00:06 +34: /Users/mac/Documents/baudex/frontend/test/unit/core/sync/sync_service_test.dart: SyncService - Cleanup should NOT delete failed operations older than 7 days                                00:06 +34: /Users/mac/Documents/baudex/frontend/test/unit/core/sync/sync_service_test.dart: SyncService - Error Handling should mark operation as failed on network error                              00:06 +35: /Users/mac/Documents/baudex/frontend/test/unit/core/sync/sync_service_test.dart: SyncService - Error Handling should mark operation as failed on network error                              00:06 +35: /Users/mac/Documents/baudex/frontend/test/unit/core/sync/sync_service_test.dart: SyncService - Error Handling should increment retry count on failure                                       00:06 +36: /Users/mac/Documents/baudex/frontend/test/unit/core/sync/sync_service_test.dart: SyncService - Error Handling should increment retry count on failure                                       00:06 +36: /Users/mac/Documents/baudex/frontend/test/unit/core/sync/sync_service_test.dart: SyncService - Error Handling should stop retrying after max retries (5)                                    00:06 +37: /Users/mac/Documents/baudex/frontend/test/unit/core/sync/sync_service_test.dart: SyncService - Error Handling should stop retrying after max retries (5)                                    00:06 +37: /Users/mac/Documents/baudex/frontend/test/unit/core/sync/sync_service_test.dart: SyncService - Error Handling should handle timeout errors gracefully                                       00:06 +38: /Users/mac/Documents/baudex/frontend/test/unit/core/sync/sync_service_test.dart: SyncService - Error Handling should handle timeout errors gracefully                                       00:06 +38: /Users/mac/Documents/baudex/frontend/test/unit/core/sync/sync_service_test.dart: SyncService - Error Handling should handle server errors (500+)                                            00:06 +39: /Users/mac/Documents/baudex/frontend/test/unit/core/sync/sync_service_test.dart: SyncService - Error Handling should handle server errors (500+)                                            00:06 +39: /Users/mac/Documents/baudex/frontend/test/unit/core/sync/sync_service_test.dart: SyncService - Sync Operations should call correct remote method for CREATE operation                       00:06 +40: /Users/mac/Documents/baudex/frontend/test/unit/core/sync/sync_service_test.dart: SyncService - Sync Operations should call correct remote method for CREATE operation                       00:06 +40: /Users/mac/Documents/baudex/frontend/test/unit/core/sync/sync_service_test.dart: SyncService - Sync Operations should call correct remote method for UPDATE operation                       00:06 +41: /Users/mac/Documents/baudex/frontend/test/unit/core/sync/sync_operation_test.dart: SyncOperation Constructor should create operation with correct fields using named constructor            00:06 +42: /Users/mac/Documents/baudex/frontend/test/unit/core/sync/sync_operation_test.dart: SyncOperation Constructor should create operation with correct fields using named constructor            00:06 +43: /Users/mac/Documents/baudex/frontend/test/unit/core/sync/sync_operation_test.dart: SyncOperation Constructor should create operation with correct fields using named constructor            00:06 +43: /Users/mac/Documents/baudex/frontend/test/unit/core/sync/sync_service_test.dart: SyncService - Add Operations should add operation to sync queue                                            
➕ Operación agregada a cola: Product create
⚠️ Sin conexión, no se puede sincronizar
00:06 +44: /Users/mac/Documents/baudex/frontend/test/unit/core/sync/sync_operation_test.dart: SyncOperation Constructor should create operation with correct fields using named constructor            00:06 +44: /Users/mac/Documents/baudex/frontend/test/unit/core/sync/sync_service_test.dart: SyncService - Add Operations should serialize data to JSON in payload                                      
➕ Operación agregada a cola: Product create
⚠️ Sin conexión, no se puede sincronizar
00:06 +45: /Users/mac/Documents/baudex/frontend/test/unit/core/sync/sync_operation_test.dart: SyncOperation Constructor should create operation with correct fields using named constructor            00:06 +45: /Users/mac/Documents/baudex/frontend/test/unit/core/sync/sync_service_test.dart: SyncService - Add Operations should set priority for operations                                            
➕ Operación agregada a cola: Product create
⚠️ Sin conexión, no se puede sincronizar
00:06 +46: /Users/mac/Documents/baudex/frontend/test/unit/core/sync/sync_operation_test.dart: SyncOperation Constructor should create operation with correct fields using named constructor            00:06 +47: /Users/mac/Documents/baudex/frontend/test/unit/core/sync/sync_operation_test.dart: SyncOperation Constructor should create operation with correct fields using named constructor            00:06 +47: /Users/mac/Documents/baudex/frontend/test/unit/core/sync/sync_service_test.dart: SyncService - Stats and Monitoring should track pending operations count                                   
➕ Operación agregada a cola: Product create
⚠️ Sin conexión, no se puede sincronizar
00:06 +48: /Users/mac/Documents/baudex/frontend/test/unit/core/sync/sync_service_test.dart: SyncService - Stats and Monitoring should track pending operations count                                   00:06 +49: /Users/mac/Documents/baudex/frontend/test/unit/core/sync/sync_service_test.dart: SyncService - Stats and Monitoring should track pending operations count                                   00:06 +50: /Users/mac/Documents/baudex/frontend/test/unit/core/sync/sync_service_test.dart: SyncService - Stats and Monitoring should track pending operations count                                   00:06 +51: /Users/mac/Documents/baudex/frontend/test/unit/core/sync/sync_service_test.dart: SyncService - Stats and Monitoring should track pending operations count                                   00:06 +52: /Users/mac/Documents/baudex/frontend/test/unit/core/sync/sync_service_test.dart: SyncService - Stats and Monitoring should track pending operations count                                   00:06 +53: /Users/mac/Documents/baudex/frontend/test/unit/core/sync/sync_service_test.dart: SyncService - Stats and Monitoring should track pending operations count                                   00:06 +54: /Users/mac/Documents/baudex/frontend/test/unit/core/sync/sync_service_test.dart: SyncService - Stats and Monitoring should track pending operations count                                   00:06 +55: /Users/mac/Documents/baudex/frontend/test/unit/core/sync/sync_service_test.dart: SyncService - Stats and Monitoring should track pending operations count                                   00:06 +56: /Users/mac/Documents/baudex/frontend/test/unit/core/sync/sync_service_test.dart: SyncService - Stats and Monitoring should track pending operations count                                   00:06 +57: /Users/mac/Documents/baudex/frontend/test/unit/core/sync/sync_service_test.dart: SyncService - Stats and Monitoring should track pending operations count                                   00:06 +58: /Users/mac/Documents/baudex/frontend/test/unit/core/sync/sync_service_test.dart: SyncService - Stats and Monitoring should track pending operations count                                   00:06 +59: /Users/mac/Documents/baudex/frontend/test/unit/core/sync/sync_service_test.dart: SyncService - Stats and Monitoring should track pending operations count                                   00:06 +60: /Users/mac/Documents/baudex/frontend/test/unit/core/sync/sync_service_test.dart: SyncService - Stats and Monitoring should track pending operations count                                   00:06 +61: /Users/mac/Documents/baudex/frontend/test/unit/core/sync/sync_service_test.dart: SyncService - Stats and Monitoring should track pending operations count                                   00:06 +62: /Users/mac/Documents/baudex/frontend/test/unit/core/sync/sync_service_test.dart: SyncService - Stats and Monitoring should track pending operations count                                   00:06 +63: /Users/mac/Documents/baudex/frontend/test/unit/core/sync/sync_service_test.dart: SyncService - Stats and Monitoring should track pending operations count                                   00:06 +64: /Users/mac/Documents/baudex/frontend/test/unit/core/sync/sync_service_test.dart: SyncService - Stats and Monitoring should track pending operations count                                   00:06 +65: /Users/mac/Documents/baudex/frontend/test/unit/core/sync/sync_service_test.dart: SyncService - Stats and Monitoring should track pending operations count                                   00:06 +66: /Users/mac/Documents/baudex/frontend/test/unit/core/sync/sync_service_test.dart: SyncService - Stats and Monitoring should track pending operations count                                   00:06 +67: /Users/mac/Documents/baudex/frontend/test/unit/core/sync/sync_operation_test.dart: SyncOperation Helpers and Getters isFailed should return correct value                                   00:06 +68: /Users/mac/Documents/baudex/frontend/test/unit/core/sync/sync_operation_test.dart: SyncOperation Helpers and Getters isFailed should return correct value                                   00:06 +68: /Users/mac/Documents/baudex/frontend/test/unit/core/sync/sync_service_test.dart: ... - Invalid References Cleanup should clean orphaned product operations with invalid category references 00:06 +69: /Users/mac/Documents/baudex/frontend/test/unit/core/sync/sync_operation_test.dart: SyncOperation Helpers and Getters toString should return formatted string                                00:06 +70: /Users/mac/Documents/baudex/frontend/test/unit/core/sync/sync_service_test.dart: SyncService - Invalid References Cleanup should NOT clean products with valid category references          00:06 +71: /Users/mac/Documents/baudex/frontend/test/unit/core/sync/sync_operation_test.dart: SyncOperation Organization ID (Multitenancy) should filter operations by organization ID                 00:06 +72: /Users/mac/Documents/baudex/frontend/test/unit/core/sync/sync_operation_test.dart: SyncOperation Organization ID (Multitenancy) should filter operations by organization ID                 00:06 +72: /Users/mac/Documents/baudex/frontend/test/unit/core/sync/sync_operation_test.dart: SyncOperation Priority should order operations by priority                                               00:06 +73: /Users/mac/Documents/baudex/frontend/test/unit/core/sync/sync_operation_test.dart: SyncOperation Priority should order operations by priority                                               00:07 +73: /Users/mac/Documents/baudex/frontend/test/unit/core/sync/sync_operation_test.dart: SyncOperation Priority should order operations by priority                                               00:07 +73: loading /Users/mac/Documents/baudex/frontend/test/unit/data/datasources/product_local_datasource_isar_test.dart                                                                             00:07 +73: /Users/mac/Documents/baudex/frontend/test/unit/data/datasources/product_local_datasource_isar_test.dart: ProductLocalDataSourceIsar - cacheProducts should cache multiple products in ISAR  00:07 +73: /Users/mac/Documents/baudex/frontend/test/unit/data/datasources/product_local_datasource_isar_test.dart: ProductLocalDataSourceIsar - cacheProducts should cache multiple products in ISAR  
📦 ISAR: 3 productos cacheados exitosamente
00:07 +74: /Users/mac/Documents/baudex/frontend/test/unit/data/datasources/product_local_datasource_isar_test.dart: ProductLocalDataSourceIsar - cacheProducts should cache multiple products in ISAR  00:07 +74: /Users/mac/Documents/baudex/frontend/test/unit/data/datasources/product_local_datasource_isar_test.dart: ProductLocalDataSourceIsar - cacheProducts should mark cached products as synced   00:07 +74: /Users/mac/Documents/baudex/frontend/test/unit/data/datasources/product_local_datasource_isar_test.dart: ProductLocalDataSourceIsar - cacheProducts should mark cached products as synced   
📦 ISAR: 2 productos cacheados exitosamente
00:07 +75: /Users/mac/Documents/baudex/frontend/test/unit/data/datasources/product_local_datasource_isar_test.dart: ProductLocalDataSourceIsar - cacheProducts should mark cached products as synced   00:07 +75: /Users/mac/Documents/baudex/frontend/test/unit/data/datasources/product_local_datasource_isar_test.dart: ... - cacheProducts should update existing product if serverId matches             00:07 +75: /Users/mac/Documents/baudex/frontend/test/unit/data/datasources/product_local_datasource_isar_test.dart: ProductLocalDataSourceIsar - cacheProducts should update existing product if serverId matches
📦 ISAR: 1 productos cacheados exitosamente
📦 ISAR: 1 productos cacheados exitosamente
00:07 +76: /Users/mac/Documents/baudex/frontend/test/unit/data/datasources/product_local_datasource_isar_test.dart: ... - cacheProducts should update existing product if serverId matches             00:07 +76: /Users/mac/Documents/baudex/frontend/test/unit/data/datasources/product_local_datasource_isar_test.dart: ... should update product by SKU if serverId not found (offline sync scenario)     00:07 +76: /Users/mac/Documents/baudex/frontend/test/unit/data/datasources/product_local_datasource_isar_test.dart: ProductLocalDataSourceIsar - cacheProducts should update product by SKU if serverId not found (offline sync scenario)
📦 ISAR: 1 productos cacheados exitosamente
🔄 Producto offline encontrado por SKU: SKU-001
   Actualizando serverId: product_offline_123 → prod-server-123
📦 ISAR: 1 productos cacheados exitosamente
00:07 +77: /Users/mac/Documents/baudex/frontend/test/unit/data/datasources/product_local_datasource_isar_test.dart: ... should update product by SKU if serverId not found (offline sync scenario)     00:07 +77: /Users/mac/Documents/baudex/frontend/test/unit/data/datasources/product_local_datasource_isar_test.dart: ProductLocalDataSourceIsar - cacheProducts should throw CacheException on error    00:07 +77: /Users/mac/Documents/baudex/frontend/test/unit/data/datasources/product_local_datasource_isar_test.dart: ProductLocalDataSourceIsar - cacheProducts should throw CacheException on error    
❌ Error al cachear productos en ISAR: Exception: Database is closed
00:07 +78: /Users/mac/Documents/baudex/frontend/test/unit/data/datasources/product_local_datasource_isar_test.dart: ProductLocalDataSourceIsar - cacheProducts should throw CacheException on error    00:07 +78: /Users/mac/Documents/baudex/frontend/test/unit/data/datasources/product_local_datasource_isar_test.dart: ProductLocalDataSourceIsar - cacheProduct should cache single product in ISAR      00:07 +78: /Users/mac/Documents/baudex/frontend/test/unit/data/datasources/product_local_datasource_isar_test.dart: ProductLocalDataSourceIsar - cacheProduct should cache single product in ISAR      
📦 ISAR: Producto Test Product cacheado exitosamente
00:07 +79: /Users/mac/Documents/baudex/frontend/test/unit/data/datasources/product_local_datasource_isar_test.dart: ProductLocalDataSourceIsar - cacheProduct should cache single product in ISAR      00:07 +79: /Users/mac/Documents/baudex/frontend/test/unit/data/datasources/product_local_datasource_isar_test.dart: ProductLocalDataSourceIsar - cacheProduct should update existing product           00:07 +79: /Users/mac/Documents/baudex/frontend/test/unit/data/datasources/product_local_datasource_isar_test.dart: ProductLocalDataSourceIsar - cacheProduct should update existing product           
📦 ISAR: Producto Test Product cacheado exitosamente
📦 ISAR: Producto Updated cacheado exitosamente
00:07 +80: /Users/mac/Documents/baudex/frontend/test/unit/data/datasources/product_local_datasource_isar_test.dart: ProductLocalDataSourceIsar - cacheProduct should update existing product           00:07 +80: /Users/mac/Documents/baudex/frontend/test/unit/data/datasources/product_local_datasource_isar_test.dart: ... - getCachedProducts should return all non-deleted products from ISAR           00:07 +80: /Users/mac/Documents/baudex/frontend/test/unit/data/datasources/product_local_datasource_isar_test.dart: ProductLocalDataSourceIsar - getCachedProducts should return all non-deleted products from ISAR
📦 ISAR: 5 productos obtenidos del cache local
00:07 +81: /Users/mac/Documents/baudex/frontend/test/unit/data/datasources/product_local_datasource_isar_test.dart: ... - getCachedProducts should return all non-deleted products from ISAR           00:07 +81: /Users/mac/Documents/baudex/frontend/test/unit/data/datasources/product_local_datasource_isar_test.dart: ProductLocalDataSourceIsar - getCachedProducts should not return deleted products  00:07 +81: /Users/mac/Documents/baudex/frontend/test/unit/data/datasources/product_local_datasource_isar_test.dart: ProductLocalDataSourceIsar - getCachedProducts should not return deleted products  
📦 ISAR: 2 productos obtenidos del cache local
00:07 +82: /Users/mac/Documents/baudex/frontend/test/unit/data/datasources/product_local_datasource_isar_test.dart: ProductLocalDataSourceIsar - getCachedProducts should not return deleted products  00:07 +82: /Users/mac/Documents/baudex/frontend/test/unit/data/datasources/product_local_datasource_isar_test.dart: ... - getCachedProducts should throw CacheException when no products in ISAR       00:07 +82: /Users/mac/Documents/baudex/frontend/test/unit/data/datasources/product_local_datasource_isar_test.dart: ProductLocalDataSourceIsar - getCachedProducts should throw CacheException when no products in ISAR
📦 ISAR: No hay productos en cache local
00:07 +83: /Users/mac/Documents/baudex/frontend/test/unit/data/datasources/product_local_datasource_isar_test.dart: ... - getCachedProducts should throw CacheException when no products in ISAR       00:07 +83: /Users/mac/Documents/baudex/frontend/test/unit/data/datasources/product_local_datasource_isar_test.dart: ProductLocalDataSourceIsar - getCachedProduct should return product when found     00:07 +84: /Users/mac/Documents/baudex/frontend/test/unit/data/datasources/product_local_datasource_isar_test.dart: ProductLocalDataSourceIsar - getCachedProduct should return product when found     00:07 +84: /Users/mac/Documents/baudex/frontend/test/unit/data/datasources/product_local_datasource_isar_test.dart: ... - getCachedProduct should return null when product not found                   00:07 +84: /Users/mac/Documents/baudex/frontend/test/unit/data/datasources/product_local_datasource_isar_test.dart: ProductLocalDataSourceIsar - getCachedProduct should return null when product not found
📦 ISAR: Producto con ID non-existent no encontrado en cache
00:07 +85: /Users/mac/Documents/baudex/frontend/test/unit/data/datasources/product_local_datasource_isar_test.dart: ... - getCachedProduct should return null when product not found                   00:07 +85: /Users/mac/Documents/baudex/frontend/test/unit/data/datasources/product_local_datasource_isar_test.dart: ... - getCachedProduct should return null when product is deleted                  00:07 +85: /Users/mac/Documents/baudex/frontend/test/unit/data/datasources/product_local_datasource_isar_test.dart: ProductLocalDataSourceIsar - getCachedProduct should return null when product is deleted
📦 ISAR: Producto con ID prod-001 no encontrado en cache
00:07 +86: /Users/mac/Documents/baudex/frontend/test/unit/data/datasources/product_local_datasource_isar_test.dart: ... - getCachedProduct should return null when product is deleted                  00:07 +86: /Users/mac/Documents/baudex/frontend/test/unit/data/datasources/product_local_datasource_isar_test.dart: ProductLocalDataSourceIsar - removeCachedProduct should soft delete product in ISAR00:07 +86: /Users/mac/Documents/baudex/frontend/test/unit/data/datasources/product_local_datasource_isar_test.dart: ProductLocalDataSourceIsar - removeCachedProduct should soft delete product in ISAR
📦 ISAR: Producto Test Product cacheado exitosamente
🗑️ ISAR: Producto prod-001 eliminado del cache
00:08 +87: /Users/mac/Documents/baudex/frontend/test/unit/data/datasources/product_local_datasource_isar_test.dart: ProductLocalDataSourceIsar - removeCachedProduct should soft delete product in ISAR00:08 +87: /Users/mac/Documents/baudex/frontend/test/unit/data/datasources/product_local_datasource_isar_test.dart: ... - removeCachedProduct should throw CacheException when product not found       00:08 +87: /Users/mac/Documents/baudex/frontend/test/unit/data/datasources/product_local_datasource_isar_test.dart: ProductLocalDataSourceIsar - removeCachedProduct should throw CacheException when product not found
❌ Error al remover producto de ISAR: Producto no encontrado en cache: non-existent
00:08 +88: /Users/mac/Documents/baudex/frontend/test/unit/data/datasources/product_local_datasource_isar_test.dart: ... - removeCachedProduct should throw CacheException when product not found       00:08 +88: /Users/mac/Documents/baudex/frontend/test/unit/data/datasources/product_local_datasource_isar_test.dart: ProductLocalDataSourceIsar - clearProductCache should remove all products from ISAR00:08 +88: /Users/mac/Documents/baudex/frontend/test/unit/data/datasources/product_local_datasource_isar_test.dart: ProductLocalDataSourceIsar - clearProductCache should remove all products from ISAR
🧹 ISAR: Cache de productos limpiado
00:08 +89: /Users/mac/Documents/baudex/frontend/test/unit/data/datasources/product_local_datasource_isar_test.dart: ProductLocalDataSourceIsar - clearProductCache should remove all products from ISAR00:08 +89: /Users/mac/Documents/baudex/frontend/test/unit/data/datasources/product_local_datasource_isar_test.dart: ProductLocalDataSourceIsar - sync flags should get unsynced products               00:08 +89: /Users/mac/Documents/baudex/frontend/test/unit/data/datasources/product_local_datasource_isar_test.dart: ProductLocalDataSourceIsar - sync flags should get unsynced products               
📋 ProductLocalDataSourceIsar: Found 1 unsynced products
00:08 +90: /Users/mac/Documents/baudex/frontend/test/unit/data/datasources/product_local_datasource_isar_test.dart: ProductLocalDataSourceIsar - sync flags should get unsynced products               00:08 +90: /Users/mac/Documents/baudex/frontend/test/unit/data/datasources/product_local_datasource_isar_test.dart: ProductLocalDataSourceIsar - sync flags should mark product as synced              00:08 +90: /Users/mac/Documents/baudex/frontend/test/unit/data/datasources/product_local_datasource_isar_test.dart: ProductLocalDataSourceIsar - sync flags should mark product as synced              
✅ ProductLocalDataSourceIsar: Product marked as synced: prod-001 -> server-id-123
00:08 +91: /Users/mac/Documents/baudex/frontend/test/unit/data/datasources/product_local_datasource_isar_test.dart: ProductLocalDataSourceIsar - sync flags should mark product as synced              00:08 +91: /Users/mac/Documents/baudex/frontend/test/unit/data/datasources/product_local_datasource_isar_test.dart: ProductLocalDataSourceIsar - searchCachedProducts should search products by name   00:08 +92: /Users/mac/Documents/baudex/frontend/test/unit/data/datasources/product_local_datasource_isar_test.dart: ProductLocalDataSourceIsar - searchCachedProducts should search products by name   00:08 +92: /Users/mac/Documents/baudex/frontend/test/unit/data/datasources/product_local_datasource_isar_test.dart: ProductLocalDataSourceIsar - searchCachedProducts should search products by SKU    00:08 +93: /Users/mac/Documents/baudex/frontend/test/unit/data/datasources/product_local_datasource_isar_test.dart: ProductLocalDataSourceIsar - searchCachedProducts should search products by SKU    00:08 +93: loading /Users/mac/Documents/baudex/frontend/test/unit/data/datasources/category_remote_datasource_test.dart                                                                                00:08 +93: /Users/mac/Documents/baudex/frontend/test/unit/data/datasources/category_remote_datasource_test.dart: ... - getCategories should perform GET request to /categories with query parameters   00:08 +93: /Users/mac/Documents/baudex/frontend/test/unit/data/datasources/category_remote_datasource_test.dart: CategoryRemoteDataSource - getCategories should perform GET request to /categories with query parameters
🔧 Query parameters being sent: {page: 1, limit: 10, search: test, status: active}
🏗️ CategoryModel.fromJson processing: Test Category 1
   Available fields: [id, name, description, slug, image, status, sortOrder, parentId, parent, children, productsCount, createdAt, updatedAt, deletedAt]
🏗️ CategoryModel.fromJson processing: Test Category 2
   Available fields: [id, name, description, slug, image, status, sortOrder, parentId, parent, children, productsCount, createdAt, updatedAt, deletedAt]
🏗️ CategoryModel.fromJson processing: Test Category 3
   Available fields: [id, name, description, slug, image, status, sortOrder, parentId, parent, children, productsCount, createdAt, updatedAt, deletedAt]
🏗️ CategoryModel.fromJson processing: Test Category 4
   Available fields: [id, name, description, slug, image, status, sortOrder, parentId, parent, children, productsCount, createdAt, updatedAt, deletedAt]
🏗️ CategoryModel.fromJson processing: Test Category 5
   Available fields: [id, name, description, slug, image, status, sortOrder, parentId, parent, children, productsCount, createdAt, updatedAt, deletedAt]
🔧 Query parameters being sent: {page: 1, limit: 10, search: test, status: active}
00:08 +94: /Users/mac/Documents/baudex/frontend/test/unit/data/datasources/category_remote_datasource_test.dart: ... - getCategories should perform GET request to /categories with query parameters   00:08 +94: /Users/mac/Documents/baudex/frontend/test/unit/data/datasources/category_remote_datasource_test.dart: ... - getCategories should return CategoryResponseModel when status code is 200       00:08 +94: /Users/mac/Documents/baudex/frontend/test/unit/data/datasources/category_remote_datasource_test.dart: CategoryRemoteDataSource - getCategories should return CategoryResponseModel when status code is 200
🔧 Query parameters being sent: {page: 1, limit: 10}
🏗️ CategoryModel.fromJson processing: Test Category 1
   Available fields: [id, name, description, slug, image, status, sortOrder, parentId, parent, children, productsCount, createdAt, updatedAt, deletedAt]
🏗️ CategoryModel.fromJson processing: Test Category 2
   Available fields: [id, name, description, slug, image, status, sortOrder, parentId, parent, children, productsCount, createdAt, updatedAt, deletedAt]
🏗️ CategoryModel.fromJson processing: Test Category 3
   Available fields: [id, name, description, slug, image, status, sortOrder, parentId, parent, children, productsCount, createdAt, updatedAt, deletedAt]
🏗️ CategoryModel.fromJson processing: Test Category 4
   Available fields: [id, name, description, slug, image, status, sortOrder, parentId, parent, children, productsCount, createdAt, updatedAt, deletedAt]
🏗️ CategoryModel.fromJson processing: Test Category 5
   Available fields: [id, name, description, slug, image, status, sortOrder, parentId, parent, children, productsCount, createdAt, updatedAt, deletedAt]
00:08 +95: /Users/mac/Documents/baudex/frontend/test/unit/data/datasources/category_remote_datasource_test.dart: ... - getCategories should return CategoryResponseModel when status code is 200       00:08 +95: /Users/mac/Documents/baudex/frontend/test/unit/data/datasources/category_remote_datasource_test.dart: ... - getCategories should throw ServerException when status code is 404              00:08 +95: /Users/mac/Documents/baudex/frontend/test/unit/data/datasources/category_remote_datasource_test.dart: CategoryRemoteDataSource - getCategories should throw ServerException when status code is 404
🔧 Query parameters being sent: {page: 1, limit: 10}
00:08 +96: /Users/mac/Documents/baudex/frontend/test/unit/data/datasources/category_remote_datasource_test.dart: ... - getCategories should throw ServerException when status code is 404              00:08 +96: /Users/mac/Documents/baudex/frontend/test/unit/data/datasources/category_remote_datasource_test.dart: ... - getCategories should throw ServerException when status code is 500              00:08 +96: /Users/mac/Documents/baudex/frontend/test/unit/data/datasources/category_remote_datasource_test.dart: CategoryRemoteDataSource - getCategories should throw ServerException when status code is 500
🔧 Query parameters being sent: {page: 1, limit: 10}
00:08 +97: /Users/mac/Documents/baudex/frontend/test/unit/data/datasources/category_remote_datasource_test.dart: ... - getCategories should throw ServerException when status code is 500              00:08 +97: /Users/mac/Documents/baudex/frontend/test/unit/data/datasources/category_remote_datasource_test.dart: ... - getCategories should throw ConnectionException on DioException with no response 00:08 +97: /Users/mac/Documents/baudex/frontend/test/unit/data/datasources/category_remote_datasource_test.dart: CategoryRemoteDataSource - getCategories should throw ConnectionException on DioException with no response
🔧 Query parameters being sent: {page: 1, limit: 10}
00:08 +98: /Users/mac/Documents/baudex/frontend/test/unit/data/datasources/category_remote_datasource_test.dart: ... - getCategories should throw ConnectionException on DioException with no response 00:08 +98: /Users/mac/Documents/baudex/frontend/test/unit/data/datasources/category_remote_datasource_test.dart: ... - getCategoryById should perform GET request to /categories/:id                   00:08 +98: /Users/mac/Documents/baudex/frontend/test/unit/data/datasources/category_remote_datasource_test.dart: CategoryRemoteDataSource - getCategoryById should perform GET request to /categories/:id
🏗️ CategoryModel.fromJson processing: Test Category
   Available fields: [id, name, description, slug, image, status, sortOrder, parentId, parent, children, productsCount, createdAt, updatedAt, deletedAt]
00:08 +99: /Users/mac/Documents/baudex/frontend/test/unit/data/datasources/category_remote_datasource_test.dart: ... - getCategoryById should perform GET request to /categories/:id                   00:08 +99: /Users/mac/Documents/baudex/frontend/test/unit/data/datasources/category_remote_datasource_test.dart: ... - getCategoryById should return CategoryModel when status code is 200             00:08 +99: /Users/mac/Documents/baudex/frontend/test/unit/data/datasources/category_remote_datasource_test.dart: CategoryRemoteDataSource - getCategoryById should return CategoryModel when status code is 200
🏗️ CategoryModel.fromJson processing: Test Category
   Available fields: [id, name, description, slug, image, status, sortOrder, parentId, parent, children, productsCount, createdAt, updatedAt, deletedAt]
00:08 +100: /Users/mac/Documents/baudex/frontend/test/unit/data/datasources/category_remote_datasource_test.dart: ... - getCategoryById should return CategoryModel when status code is 200            00:08 +100: /Users/mac/Documents/baudex/frontend/test/unit/data/datasources/category_remote_datasource_test.dart: ... - getCategoryById should throw ServerException when category not found (404)     00:08 +101: /Users/mac/Documents/baudex/frontend/test/unit/data/datasources/category_remote_datasource_test.dart: ... - getCategoryById should throw ServerException when category not found (404)     00:08 +101: /Users/mac/Documents/baudex/frontend/test/unit/data/datasources/category_remote_datasource_test.dart: ... - getCategoryBySlug should perform GET request to /categories/slug/:slug         00:08 +101: /Users/mac/Documents/baudex/frontend/test/unit/data/datasources/category_remote_datasource_test.dart: CategoryRemoteDataSource - getCategoryBySlug should perform GET request to /categories/slug/:slug
🏗️ CategoryModel.fromJson processing: Test Category
   Available fields: [id, name, description, slug, image, status, sortOrder, parentId, parent, children, productsCount, createdAt, updatedAt, deletedAt]
00:08 +102: /Users/mac/Documents/baudex/frontend/test/unit/data/datasources/category_remote_datasource_test.dart: ... - getCategoryBySlug should perform GET request to /categories/slug/:slug         00:08 +102: /Users/mac/Documents/baudex/frontend/test/unit/data/datasources/category_remote_datasource_test.dart: ... - getCategoryBySlug should return CategoryModel when slug found                  00:08 +102: /Users/mac/Documents/baudex/frontend/test/unit/data/datasources/category_remote_datasource_test.dart: CategoryRemoteDataSource - getCategoryBySlug should return CategoryModel when slug found
🏗️ CategoryModel.fromJson processing: Test Category
   Available fields: [id, name, description, slug, image, status, sortOrder, parentId, parent, children, productsCount, createdAt, updatedAt, deletedAt]
00:08 +103: /Users/mac/Documents/baudex/frontend/test/unit/data/datasources/category_remote_datasource_test.dart: ... - getCategoryBySlug should return CategoryModel when slug found                  00:08 +103: /Users/mac/Documents/baudex/frontend/test/unit/data/datasources/category_remote_datasource_test.dart: ... - getCategoryBySlug should throw ServerException when slug not found             00:08 +104: /Users/mac/Documents/baudex/frontend/test/unit/data/datasources/category_remote_datasource_test.dart: ... - getCategoryBySlug should throw ServerException when slug not found             00:08 +104: /Users/mac/Documents/baudex/frontend/test/unit/data/datasources/category_remote_datasource_test.dart: ... - getCategoryTree should perform GET request to /categories/tree                 00:08 +104: /Users/mac/Documents/baudex/frontend/test/unit/data/datasources/category_remote_datasource_test.dart: CategoryRemoteDataSource - getCategoryTree should perform GET request to /categories/tree
🏗️ CategoryModel.fromJson processing: Electronics
   Available fields: [id, name, description, slug, image, status, sortOrder, parentId, parent, children, productsCount, createdAt, updatedAt, deletedAt]
🏗️ CategoryModel.fromJson processing: Clothing
   Available fields: [id, name, description, slug, image, status, sortOrder, parentId, parent, children, productsCount, createdAt, updatedAt, deletedAt]
🏗️ CategoryModel.fromJson processing: Phones
   Available fields: [id, name, description, slug, image, status, sortOrder, parentId, parent, children, productsCount, createdAt, updatedAt, deletedAt]
🏗️ CategoryModel.fromJson processing: Electronics
   Available fields: [id, name, description, slug, image, status, sortOrder, parentId, parent, children, productsCount, createdAt, updatedAt, deletedAt]
🏗️ CategoryModel.fromJson processing: Laptops
   Available fields: [id, name, description, slug, image, status, sortOrder, parentId, parent, children, productsCount, createdAt, updatedAt, deletedAt]
🏗️ CategoryModel.fromJson processing: Electronics
   Available fields: [id, name, description, slug, image, status, sortOrder, parentId, parent, children, productsCount, createdAt, updatedAt, deletedAt]
🏗️ CategoryModel.fromJson processing: Mens
   Available fields: [id, name, description, slug, image, status, sortOrder, parentId, parent, children, productsCount, createdAt, updatedAt, deletedAt]
🏗️ CategoryModel.fromJson processing: Clothing
   Available fields: [id, name, description, slug, image, status, sortOrder, parentId, parent, children, productsCount, createdAt, updatedAt, deletedAt]
🏗️ CategoryModel.fromJson processing: Womens
   Available fields: [id, name, description, slug, image, status, sortOrder, parentId, parent, children, productsCount, createdAt, updatedAt, deletedAt]
🏗️ CategoryModel.fromJson processing: Clothing
   Available fields: [id, name, description, slug, image, status, sortOrder, parentId, parent, children, productsCount, createdAt, updatedAt, deletedAt]
00:08 +105: /Users/mac/Documents/baudex/frontend/test/unit/data/datasources/category_remote_datasource_test.dart: ... - getCategoryTree should perform GET request to /categories/tree                 00:08 +105: /Users/mac/Documents/baudex/frontend/test/unit/data/datasources/category_remote_datasource_test.dart: ... - getCategoryTree should return list of CategoryModels when successful           00:08 +105: /Users/mac/Documents/baudex/frontend/test/unit/data/datasources/category_remote_datasource_test.dart: CategoryRemoteDataSource - getCategoryTree should return list of CategoryModels when successful
🏗️ CategoryModel.fromJson processing: Electronics
   Available fields: [id, name, description, slug, image, status, sortOrder, parentId, parent, children, productsCount, createdAt, updatedAt, deletedAt]
🏗️ CategoryModel.fromJson processing: Clothing
   Available fields: [id, name, description, slug, image, status, sortOrder, parentId, parent, children, productsCount, createdAt, updatedAt, deletedAt]
🏗️ CategoryModel.fromJson processing: Phones
   Available fields: [id, name, description, slug, image, status, sortOrder, parentId, parent, children, productsCount, createdAt, updatedAt, deletedAt]
🏗️ CategoryModel.fromJson processing: Electronics
   Available fields: [id, name, description, slug, image, status, sortOrder, parentId, parent, children, productsCount, createdAt, updatedAt, deletedAt]
🏗️ CategoryModel.fromJson processing: Laptops
   Available fields: [id, name, description, slug, image, status, sortOrder, parentId, parent, children, productsCount, createdAt, updatedAt, deletedAt]
🏗️ CategoryModel.fromJson processing: Electronics
   Available fields: [id, name, description, slug, image, status, sortOrder, parentId, parent, children, productsCount, createdAt, updatedAt, deletedAt]
🏗️ CategoryModel.fromJson processing: Mens
   Available fields: [id, name, description, slug, image, status, sortOrder, parentId, parent, children, productsCount, createdAt, updatedAt, deletedAt]
🏗️ CategoryModel.fromJson processing: Clothing
   Available fields: [id, name, description, slug, image, status, sortOrder, parentId, parent, children, productsCount, createdAt, updatedAt, deletedAt]
🏗️ CategoryModel.fromJson processing: Womens
   Available fields: [id, name, description, slug, image, status, sortOrder, parentId, parent, children, productsCount, createdAt, updatedAt, deletedAt]
🏗️ CategoryModel.fromJson processing: Clothing
   Available fields: [id, name, description, slug, image, status, sortOrder, parentId, parent, children, productsCount, createdAt, updatedAt, deletedAt]
00:08 +106: /Users/mac/Documents/baudex/frontend/test/unit/data/datasources/category_remote_datasource_test.dart: ... - getCategoryTree should return list of CategoryModels when successful           00:08 +106: /Users/mac/Documents/baudex/frontend/test/unit/data/datasources/category_remote_datasource_test.dart: CategoryRemoteDataSource - getCategoryTree should throw ServerException on error     00:08 +107: /Users/mac/Documents/baudex/frontend/test/unit/data/datasources/category_remote_datasource_test.dart: CategoryRemoteDataSource - getCategoryTree should throw ServerException on error     00:08 +107: /Users/mac/Documents/baudex/frontend/test/unit/data/datasources/category_remote_datasource_test.dart: ... - getCategoryStats should perform GET request to /categories/stats               00:08 +108: /Users/mac/Documents/baudex/frontend/test/unit/data/datasources/category_remote_datasource_test.dart: ... - getCategoryStats should perform GET request to /categories/stats               00:08 +108: /Users/mac/Documents/baudex/frontend/test/unit/data/datasources/category_remote_datasource_test.dart: ... - getCategoryStats should return CategoryStatsModel when successful              00:08 +109: /Users/mac/Documents/baudex/frontend/test/unit/data/datasources/category_remote_datasource_test.dart: ... - getCategoryStats should return CategoryStatsModel when successful              00:08 +109: /Users/mac/Documents/baudex/frontend/test/unit/data/datasources/category_remote_datasource_test.dart: ... should perform GET request to /categories/search with query params               00:08 +109: /Users/mac/Documents/baudex/frontend/test/unit/data/datasources/category_remote_datasource_test.dart: CategoryRemoteDataSource - searchCategories should perform GET request to /categories/search with query params
🏗️ CategoryModel.fromJson processing: Test Category 1
   Available fields: [id, name, description, slug, image, status, sortOrder, parentId, parent, children, productsCount, createdAt, updatedAt, deletedAt]
🏗️ CategoryModel.fromJson processing: Test Category 2
   Available fields: [id, name, description, slug, image, status, sortOrder, parentId, parent, children, productsCount, createdAt, updatedAt, deletedAt]
🏗️ CategoryModel.fromJson processing: Test Category 3
   Available fields: [id, name, description, slug, image, status, sortOrder, parentId, parent, children, productsCount, createdAt, updatedAt, deletedAt]
00:08 +110: /Users/mac/Documents/baudex/frontend/test/unit/data/datasources/category_remote_datasource_test.dart: ... should perform GET request to /categories/search with query params               00:08 +110: /Users/mac/Documents/baudex/frontend/test/unit/data/datasources/category_remote_datasource_test.dart: ... - searchCategories should return list of CategoryModels on successful search     00:08 +110: /Users/mac/Documents/baudex/frontend/test/unit/data/datasources/category_remote_datasource_test.dart: CategoryRemoteDataSource - searchCategories should return list of CategoryModels on successful search
🏗️ CategoryModel.fromJson processing: Test Category 1
   Available fields: [id, name, description, slug, image, status, sortOrder, parentId, parent, children, productsCount, createdAt, updatedAt, deletedAt]
🏗️ CategoryModel.fromJson processing: Test Category 2
   Available fields: [id, name, description, slug, image, status, sortOrder, parentId, parent, children, productsCount, createdAt, updatedAt, deletedAt]
🏗️ CategoryModel.fromJson processing: Test Category 3
   Available fields: [id, name, description, slug, image, status, sortOrder, parentId, parent, children, productsCount, createdAt, updatedAt, deletedAt]
00:08 +111: /Users/mac/Documents/baudex/frontend/test/unit/data/datasources/category_remote_datasource_test.dart: ... - searchCategories should return list of CategoryModels on successful search     00:08 +111: /Users/mac/Documents/baudex/frontend/test/unit/data/datasources/category_remote_datasource_test.dart: ... - searchCategories should throw ServerException on search error                  00:08 +112: /Users/mac/Documents/baudex/frontend/test/unit/data/datasources/category_remote_datasource_test.dart: ... - searchCategories should throw ServerException on search error                  00:08 +112: /Users/mac/Documents/baudex/frontend/test/unit/data/datasources/category_remote_datasource_test.dart: CategoryRemoteDataSource - createCategory should perform POST request to /categories 00:08 +112: /Users/mac/Documents/baudex/frontend/test/unit/data/datasources/category_remote_datasource_test.dart: CategoryRemoteDataSource - createCategory should perform POST request to /categories 
🏗️ CategoryModel.fromJson processing: Test Category
   Available fields: [id, name, description, slug, image, status, sortOrder, parentId, parent, children, productsCount, createdAt, updatedAt, deletedAt]
00:08 +113: /Users/mac/Documents/baudex/frontend/test/unit/data/datasources/category_remote_datasource_test.dart: CategoryRemoteDataSource - createCategory should perform POST request to /categories 00:08 +113: /Users/mac/Documents/baudex/frontend/test/unit/data/datasources/category_remote_datasource_test.dart: ... - createCategory should return CategoryModel when status code is 201             00:08 +113: /Users/mac/Documents/baudex/frontend/test/unit/data/datasources/category_remote_datasource_test.dart: CategoryRemoteDataSource - createCategory should return CategoryModel when status code is 201
🏗️ CategoryModel.fromJson processing: Test Category
   Available fields: [id, name, description, slug, image, status, sortOrder, parentId, parent, children, productsCount, createdAt, updatedAt, deletedAt]
00:08 +114: /Users/mac/Documents/baudex/frontend/test/unit/data/datasources/category_remote_datasource_test.dart: ... - createCategory should return CategoryModel when status code is 201             00:08 +114: /Users/mac/Documents/baudex/frontend/test/unit/data/datasources/category_remote_datasource_test.dart: ... - createCategory should throw ServerException on validation error (400)          00:08 +115: /Users/mac/Documents/baudex/frontend/test/unit/data/datasources/category_remote_datasource_test.dart: ... - createCategory should throw ServerException on validation error (400)          00:08 +115: /Users/mac/Documents/baudex/frontend/test/unit/data/datasources/category_remote_datasource_test.dart: ... - createCategory should throw ServerException on duplicate slug (409)            00:08 +116: /Users/mac/Documents/baudex/frontend/test/unit/data/datasources/category_remote_datasource_test.dart: ... - createCategory should throw ServerException on duplicate slug (409)            00:08 +116: /Users/mac/Documents/baudex/frontend/test/unit/data/datasources/category_remote_datasource_test.dart: ... - updateCategory should perform PATCH request to /categories/:id                 00:08 +116: /Users/mac/Documents/baudex/frontend/test/unit/data/datasources/category_remote_datasource_test.dart: CategoryRemoteDataSource - updateCategory should perform PATCH request to /categories/:id
🏗️ CategoryModel.fromJson processing: Test Category
   Available fields: [id, name, description, slug, image, status, sortOrder, parentId, parent, children, productsCount, createdAt, updatedAt, deletedAt]
00:08 +117: /Users/mac/Documents/baudex/frontend/test/unit/data/datasources/category_remote_datasource_test.dart: ... - updateCategory should perform PATCH request to /categories/:id                 00:08 +117: /Users/mac/Documents/baudex/frontend/test/unit/data/datasources/category_remote_datasource_test.dart: ... - updateCategory should return updated CategoryModel when successful             00:08 +117: /Users/mac/Documents/baudex/frontend/test/unit/data/datasources/category_remote_datasource_test.dart: CategoryRemoteDataSource - updateCategory should return updated CategoryModel when successful
🏗️ CategoryModel.fromJson processing: Test Category
   Available fields: [id, name, description, slug, image, status, sortOrder, parentId, parent, children, productsCount, createdAt, updatedAt, deletedAt]
00:08 +118: /Users/mac/Documents/baudex/frontend/test/unit/data/datasources/category_remote_datasource_test.dart: ... - updateCategory should return updated CategoryModel when successful             00:08 +118: /Users/mac/Documents/baudex/frontend/test/unit/data/datasources/category_remote_datasource_test.dart: ... - updateCategory should throw ServerException when category not found            00:08 +119: /Users/mac/Documents/baudex/frontend/test/unit/data/datasources/category_remote_datasource_test.dart: ... - updateCategory should throw ServerException when category not found            00:08 +119: /Users/mac/Documents/baudex/frontend/test/unit/data/datasources/category_remote_datasource_test.dart: ... - deleteCategory should perform DELETE request to /categories/:id                00:08 +120: /Users/mac/Documents/baudex/frontend/test/unit/data/datasources/category_remote_datasource_test.dart: ... - deleteCategory should perform DELETE request to /categories/:id                00:08 +120: /Users/mac/Documents/baudex/frontend/test/unit/data/datasources/category_remote_datasource_test.dart: ... - deleteCategory should complete successfully on 204 status code                 00:08 +121: /Users/mac/Documents/baudex/frontend/test/unit/data/datasources/category_remote_datasource_test.dart: ... - deleteCategory should complete successfully on 204 status code                 00:08 +121: /Users/mac/Documents/baudex/frontend/test/unit/data/datasources/category_remote_datasource_test.dart: ... - deleteCategory should throw ServerException when category not found            00:08 +122: /Users/mac/Documents/baudex/frontend/test/unit/data/datasources/category_remote_datasource_test.dart: ... - deleteCategory should throw ServerException when category not found            00:08 +122: /Users/mac/Documents/baudex/frontend/test/unit/data/datasources/category_remote_datasource_test.dart: ... - deleteCategory should throw ServerException when category has products (409)   00:09 +122: /Users/mac/Documents/baudex/frontend/test/unit/data/datasources/category_remote_datasource_test.dart: ... - deleteCategory should throw ServerException when category has products (409)   00:09 +123: /Users/mac/Documents/baudex/frontend/test/unit/data/datasources/category_remote_datasource_test.dart: ... - deleteCategory should throw ServerException when category has products (409)   00:09 +123: /Users/mac/Documents/baudex/frontend/test/unit/data/datasources/category_remote_datasource_test.dart: ... - Connection Handling should throw ConnectionException on connection timeout     00:09 +123: /Users/mac/Documents/baudex/frontend/test/unit/data/datasources/category_remote_datasource_test.dart: CategoryRemoteDataSource - Connection Handling should throw ConnectionException on connection timeout
🔧 Query parameters being sent: {page: 1, limit: 10}
00:09 +124: /Users/mac/Documents/baudex/frontend/test/unit/data/datasources/category_remote_datasource_test.dart: ... - Connection Handling should throw ConnectionException on connection timeout     00:09 +124: /Users/mac/Documents/baudex/frontend/test/unit/data/datasources/category_remote_datasource_test.dart: ... - Connection Handling should throw ConnectionException on socket exception       00:09 +124: /Users/mac/Documents/baudex/frontend/test/unit/data/datasources/category_remote_datasource_test.dart: CategoryRemoteDataSource - Connection Handling should throw ConnectionException on socket exception
🔧 Query parameters being sent: {page: 1, limit: 10}
00:09 +125: /Users/mac/Documents/baudex/frontend/test/unit/data/datasources/category_remote_datasource_test.dart: ... - Connection Handling should throw ConnectionException on socket exception       00:10 +125: /Users/mac/Documents/baudex/frontend/test/unit/data/datasources/category_remote_datasource_test.dart: ... - Connection Handling should throw ConnectionException on socket exception       00:10 +125: loading /Users/mac/Documents/baudex/frontend/test/unit/data/datasources/product_remote_datasource_test.dart                                                                                00:10 +125: /Users/mac/Documents/baudex/frontend/test/unit/data/datasources/product_remote_datasource_test.dart: ... - getProducts should perform GET request to /products with query parameters       00:10 +125: /Users/mac/Documents/baudex/frontend/test/unit/data/datasources/product_remote_datasource_test.dart: ProductRemoteDataSource - getProducts should perform GET request to /products with query parameters
🔍 ProductModel.fromJson: Procesando JSON
📋 JSON keys: [id, name, description, sku, barcode, type, status, stock, minStock, unit, weight, length, width, height, images, metadata, categoryId, createdById, prices, category, createdBy, createdAt, updatedAt, taxCategory, taxRate, isTaxable, taxDescription, retentionCategory, retentionRate, hasRetention]
🔍 ProductPriceModel.fromJson: Procesando precio price-001
🔍 ProductModel.fromJson: Procesando JSON
📋 JSON keys: [id, name, description, sku, barcode, type, status, stock, minStock, unit, weight, length, width, height, images, metadata, categoryId, createdById, prices, category, createdBy, createdAt, updatedAt, taxCategory, taxRate, isTaxable, taxDescription, retentionCategory, retentionRate, hasRetention]
🔍 ProductPriceModel.fromJson: Procesando precio price-001
🔍 ProductModel.fromJson: Procesando JSON
📋 JSON keys: [id, name, description, sku, barcode, type, status, stock, minStock, unit, weight, length, width, height, images, metadata, categoryId, createdById, prices, category, createdBy, createdAt, updatedAt, taxCategory, taxRate, isTaxable, taxDescription, retentionCategory, retentionRate, hasRetention]
🔍 ProductPriceModel.fromJson: Procesando precio price-001
🔍 ProductModel.fromJson: Procesando JSON
📋 JSON keys: [id, name, description, sku, barcode, type, status, stock, minStock, unit, weight, length, width, height, images, metadata, categoryId, createdById, prices, category, createdBy, createdAt, updatedAt, taxCategory, taxRate, isTaxable, taxDescription, retentionCategory, retentionRate, hasRetention]
🔍 ProductPriceModel.fromJson: Procesando precio price-001
🔍 ProductModel.fromJson: Procesando JSON
📋 JSON keys: [id, name, description, sku, barcode, type, status, stock, minStock, unit, weight, length, width, height, images, metadata, categoryId, createdById, prices, category, createdBy, createdAt, updatedAt, taxCategory, taxRate, isTaxable, taxDescription, retentionCategory, retentionRate, hasRetention]
🔍 ProductPriceModel.fromJson: Procesando precio price-001
00:10 +126: /Users/mac/Documents/baudex/frontend/test/unit/data/datasources/product_remote_datasource_test.dart: ... - getProducts should perform GET request to /products with query parameters       00:10 +126: /Users/mac/Documents/baudex/frontend/test/unit/data/datasources/product_remote_datasource_test.dart: ... - getProducts should return ProductResponseModel when status code is 200          00:10 +126: /Users/mac/Documents/baudex/frontend/test/unit/data/datasources/product_remote_datasource_test.dart: ProductRemoteDataSource - getProducts should return ProductResponseModel when status code is 200
🔍 ProductModel.fromJson: Procesando JSON
📋 JSON keys: [id, name, description, sku, barcode, type, status, stock, minStock, unit, weight, length, width, height, images, metadata, categoryId, createdById, prices, category, createdBy, createdAt, updatedAt, taxCategory, taxRate, isTaxable, taxDescription, retentionCategory, retentionRate, hasRetention]
🔍 ProductPriceModel.fromJson: Procesando precio price-001
🔍 ProductModel.fromJson: Procesando JSON
📋 JSON keys: [id, name, description, sku, barcode, type, status, stock, minStock, unit, weight, length, width, height, images, metadata, categoryId, createdById, prices, category, createdBy, createdAt, updatedAt, taxCategory, taxRate, isTaxable, taxDescription, retentionCategory, retentionRate, hasRetention]
🔍 ProductPriceModel.fromJson: Procesando precio price-001
🔍 ProductModel.fromJson: Procesando JSON
📋 JSON keys: [id, name, description, sku, barcode, type, status, stock, minStock, unit, weight, length, width, height, images, metadata, categoryId, createdById, prices, category, createdBy, createdAt, updatedAt, taxCategory, taxRate, isTaxable, taxDescription, retentionCategory, retentionRate, hasRetention]
🔍 ProductPriceModel.fromJson: Procesando precio price-001
🔍 ProductModel.fromJson: Procesando JSON
📋 JSON keys: [id, name, description, sku, barcode, type, status, stock, minStock, unit, weight, length, width, height, images, metadata, categoryId, createdById, prices, category, createdBy, createdAt, updatedAt, taxCategory, taxRate, isTaxable, taxDescription, retentionCategory, retentionRate, hasRetention]
🔍 ProductPriceModel.fromJson: Procesando precio price-001
🔍 ProductModel.fromJson: Procesando JSON
📋 JSON keys: [id, name, description, sku, barcode, type, status, stock, minStock, unit, weight, length, width, height, images, metadata, categoryId, createdById, prices, category, createdBy, createdAt, updatedAt, taxCategory, taxRate, isTaxable, taxDescription, retentionCategory, retentionRate, hasRetention]
🔍 ProductPriceModel.fromJson: Procesando precio price-001
00:10 +127: /Users/mac/Documents/baudex/frontend/test/unit/data/datasources/product_remote_datasource_test.dart: ... - getProducts should return ProductResponseModel when status code is 200          00:10 +127: /Users/mac/Documents/baudex/frontend/test/unit/data/datasources/product_remote_datasource_test.dart: ... - getProducts should throw ServerException when status code is 404                00:10 +128: /Users/mac/Documents/baudex/frontend/test/unit/data/datasources/product_remote_datasource_test.dart: ... - getProducts should throw ServerException when status code is 404                00:10 +128: /Users/mac/Documents/baudex/frontend/test/unit/data/datasources/product_remote_datasource_test.dart: ... - getProducts should throw ServerException when status code is 500                00:10 +129: /Users/mac/Documents/baudex/frontend/test/unit/data/datasources/product_remote_datasource_test.dart: ... - getProducts should throw ServerException when status code is 500                00:10 +129: /Users/mac/Documents/baudex/frontend/test/unit/data/datasources/product_remote_datasource_test.dart: ... - getProducts should throw ConnectionException on DioException with no response   00:10 +130: /Users/mac/Documents/baudex/frontend/test/unit/data/datasources/product_remote_datasource_test.dart: ... - getProducts should throw ConnectionException on DioException with no response   00:10 +130: /Users/mac/Documents/baudex/frontend/test/unit/data/datasources/product_remote_datasource_test.dart: ProductRemoteDataSource - getProductById should perform GET request to /products/:id  00:10 +130: /Users/mac/Documents/baudex/frontend/test/unit/data/datasources/product_remote_datasource_test.dart: ProductRemoteDataSource - getProductById should perform GET request to /products/:id  
🔍 ProductModel.fromJson: Procesando JSON
📋 JSON keys: [id, name, description, sku, barcode, type, status, stock, minStock, unit, weight, length, width, height, images, metadata, categoryId, createdById, prices, category, createdBy, createdAt, updatedAt, taxCategory, taxRate, isTaxable, taxDescription, retentionCategory, retentionRate, hasRetention]
🔍 ProductPriceModel.fromJson: Procesando precio price-001
00:10 +131: /Users/mac/Documents/baudex/frontend/test/unit/data/datasources/product_remote_datasource_test.dart: ProductRemoteDataSource - getProductById should perform GET request to /products/:id  00:10 +131: /Users/mac/Documents/baudex/frontend/test/unit/data/datasources/product_remote_datasource_test.dart: ... - getProductById should return ProductModel when status code is 200               00:10 +131: /Users/mac/Documents/baudex/frontend/test/unit/data/datasources/product_remote_datasource_test.dart: ProductRemoteDataSource - getProductById should return ProductModel when status code is 200
🔍 ProductModel.fromJson: Procesando JSON
📋 JSON keys: [id, name, description, sku, barcode, type, status, stock, minStock, unit, weight, length, width, height, images, metadata, categoryId, createdById, prices, category, createdBy, createdAt, updatedAt, taxCategory, taxRate, isTaxable, taxDescription, retentionCategory, retentionRate, hasRetention]
🔍 ProductPriceModel.fromJson: Procesando precio price-001
00:10 +132: /Users/mac/Documents/baudex/frontend/test/unit/data/datasources/product_remote_datasource_test.dart: ... - getProductById should return ProductModel when status code is 200               00:10 +132: /Users/mac/Documents/baudex/frontend/test/unit/data/datasources/product_remote_datasource_test.dart: ... - getProductById should throw ServerException when product not found (404)        00:10 +133: /Users/mac/Documents/baudex/frontend/test/unit/data/datasources/product_remote_datasource_test.dart: ... - getProductById should throw ServerException when product not found (404)        00:10 +133: /Users/mac/Documents/baudex/frontend/test/unit/data/datasources/product_remote_datasource_test.dart: ProductRemoteDataSource - createProduct should perform POST request to /products      00:10 +133: /Users/mac/Documents/baudex/frontend/test/unit/data/datasources/product_remote_datasource_test.dart: ProductRemoteDataSource - createProduct should perform POST request to /products      
🌐 Enviando petición CREATE PRODUCT...
📋 Request data: {name: Test Product, sku: SKU-001, categoryId: cat-001, description: Test product description, barcode: 1234567890}
✅ Response status: 201
📋 Response data keys: [success, data, message]
🔍 Procesando data del producto...
📋 Product data keys: [id, name, description, sku, barcode, type, status, stock, minStock, unit, weight, length, width, height, images, metadata, categoryId, createdById, prices, category, createdBy, createdAt, updatedAt, taxCategory, taxRate, isTaxable, taxDescription, retentionCategory, retentionRate, hasRetention]
✅ Creando ProductModel...
🔍 ProductModel.fromJson: Procesando JSON
📋 JSON keys: [id, name, description, sku, barcode, type, status, stock, minStock, unit, weight, length, width, height, images, metadata, categoryId, createdById, prices, category, createdBy, createdAt, updatedAt, taxCategory, taxRate, isTaxable, taxDescription, retentionCategory, retentionRate, hasRetention]
🔍 ProductPriceModel.fromJson: Procesando precio price-001
00:10 +134: /Users/mac/Documents/baudex/frontend/test/unit/data/datasources/product_remote_datasource_test.dart: ProductRemoteDataSource - createProduct should perform POST request to /products      00:10 +134: /Users/mac/Documents/baudex/frontend/test/unit/data/datasources/product_remote_datasource_test.dart: ... - createProduct should return created ProductModel when status code is 201        00:10 +134: /Users/mac/Documents/baudex/frontend/test/unit/data/datasources/product_remote_datasource_test.dart: ProductRemoteDataSource - createProduct should return created ProductModel when status code is 201
🌐 Enviando petición CREATE PRODUCT...
📋 Request data: {name: Test Product, sku: SKU-001, categoryId: cat-001, description: Test product description, barcode: 1234567890}
✅ Response status: 201
📋 Response data keys: [success, data, message]
🔍 Procesando data del producto...
📋 Product data keys: [id, name, description, sku, barcode, type, status, stock, minStock, unit, weight, length, width, height, images, metadata, categoryId, createdById, prices, category, createdBy, createdAt, updatedAt, taxCategory, taxRate, isTaxable, taxDescription, retentionCategory, retentionRate, hasRetention]
✅ Creando ProductModel...
🔍 ProductModel.fromJson: Procesando JSON
📋 JSON keys: [id, name, description, sku, barcode, type, status, stock, minStock, unit, weight, length, width, height, images, metadata, categoryId, createdById, prices, category, createdBy, createdAt, updatedAt, taxCategory, taxRate, isTaxable, taxDescription, retentionCategory, retentionRate, hasRetention]
🔍 ProductPriceModel.fromJson: Procesando precio price-001
00:10 +135: /Users/mac/Documents/baudex/frontend/test/unit/data/datasources/product_remote_datasource_test.dart: ... - createProduct should return created ProductModel when status code is 201        00:10 +135: /Users/mac/Documents/baudex/frontend/test/unit/data/datasources/product_remote_datasource_test.dart: ... - createProduct should throw ValidationException on 400 status code               00:10 +135: /Users/mac/Documents/baudex/frontend/test/unit/data/datasources/product_remote_datasource_test.dart: ProductRemoteDataSource - createProduct should throw ValidationException on 400 status code
🌐 Enviando petición CREATE PRODUCT...
📋 Request data: {name: Test Product, sku: SKU-001, categoryId: cat-001, description: Test product description, barcode: 1234567890}
✅ Response status: 400
📋 Response data keys: [success, message, errors]
❌ Status code inesperado: 400
00:10 +136: /Users/mac/Documents/baudex/frontend/test/unit/data/datasources/product_remote_datasource_test.dart: ... - createProduct should throw ValidationException on 400 status code               00:10 +136: /Users/mac/Documents/baudex/frontend/test/unit/data/datasources/product_remote_datasource_test.dart: ProductRemoteDataSource - updateProduct should perform PUT request to /products/:id   00:10 +136: /Users/mac/Documents/baudex/frontend/test/unit/data/datasources/product_remote_datasource_test.dart: ProductRemoteDataSource - updateProduct should perform PUT request to /products/:id   
🌐 Enviando petición UPDATE PRODUCT...
📋 Request ID: prod-001
📤 UpdateProductRequestModel.toJson(): Serializando modelo completo
⚠️ UpdateProductRequestModel: No hay precios para serializar
   - prices es null
📋 UpdateProductRequestModel: JSON final contiene campos: [name, stock]
🔍 Verificación final: JSON NO contiene campo "prices"
📋 Request data: {name: Updated Name, stock: 75.0}
📤 UpdateProductRequestModel.toJson(): Serializando modelo completo
⚠️ UpdateProductRequestModel: No hay precios para serializar
   - prices es null
📋 UpdateProductRequestModel: JSON final contiene campos: [name, stock]
🔍 Verificación final: JSON NO contiene campo "prices"
⚠️ NO SE ENCONTRARON PRECIOS EN LA PETICIÓN
✅ Response status: 200
📋 Response data keys: [id, name, description, sku, barcode, type, status, stock, minStock, unit, weight, length, width, height, images, metadata, categoryId, createdById, prices, category, createdBy, createdAt, updatedAt, taxCategory, taxRate, isTaxable, taxDescription, retentionCategory, retentionRate, hasRetention]
✅ Respuesta incluye 1 precios:
   - price1: $100000.0 COP (ID: price-001)
🔍 ProductModel.fromJson: Procesando JSON
📋 JSON keys: [id, name, description, sku, barcode, type, status, stock, minStock, unit, weight, length, width, height, images, metadata, categoryId, createdById, prices, category, createdBy, createdAt, updatedAt, taxCategory, taxRate, isTaxable, taxDescription, retentionCategory, retentionRate, hasRetention]
🔍 ProductPriceModel.fromJson: Procesando precio price-001
📤 UpdateProductRequestModel.toJson(): Serializando modelo completo
⚠️ UpdateProductRequestModel: No hay precios para serializar
   - prices es null
📋 UpdateProductRequestModel: JSON final contiene campos: [name, stock]
🔍 Verificación final: JSON NO contiene campo "prices"
00:10 +137: /Users/mac/Documents/baudex/frontend/test/unit/data/datasources/product_remote_datasource_test.dart: ProductRemoteDataSource - updateProduct should perform PUT request to /products/:id   00:10 +137: /Users/mac/Documents/baudex/frontend/test/unit/data/datasources/product_remote_datasource_test.dart: ... - updateProduct should return updated ProductModel when status code is 200        00:10 +137: /Users/mac/Documents/baudex/frontend/test/unit/data/datasources/product_remote_datasource_test.dart: ProductRemoteDataSource - updateProduct should return updated ProductModel when status code is 200
🌐 Enviando petición UPDATE PRODUCT...
📋 Request ID: prod-001
📤 UpdateProductRequestModel.toJson(): Serializando modelo completo
⚠️ UpdateProductRequestModel: No hay precios para serializar
   - prices es null
📋 UpdateProductRequestModel: JSON final contiene campos: [name, stock]
🔍 Verificación final: JSON NO contiene campo "prices"
📋 Request data: {name: Updated Name, stock: 75.0}
📤 UpdateProductRequestModel.toJson(): Serializando modelo completo
⚠️ UpdateProductRequestModel: No hay precios para serializar
   - prices es null
📋 UpdateProductRequestModel: JSON final contiene campos: [name, stock]
🔍 Verificación final: JSON NO contiene campo "prices"
⚠️ NO SE ENCONTRARON PRECIOS EN LA PETICIÓN
✅ Response status: 200
📋 Response data keys: [id, name, description, sku, barcode, type, status, stock, minStock, unit, weight, length, width, height, images, metadata, categoryId, createdById, prices, category, createdBy, createdAt, updatedAt, taxCategory, taxRate, isTaxable, taxDescription, retentionCategory, retentionRate, hasRetention]
✅ Respuesta incluye 1 precios:
   - price1: $100000.0 COP (ID: price-001)
🔍 ProductModel.fromJson: Procesando JSON
📋 JSON keys: [id, name, description, sku, barcode, type, status, stock, minStock, unit, weight, length, width, height, images, metadata, categoryId, createdById, prices, category, createdBy, createdAt, updatedAt, taxCategory, taxRate, isTaxable, taxDescription, retentionCategory, retentionRate, hasRetention]
🔍 ProductPriceModel.fromJson: Procesando precio price-001
00:10 +138: /Users/mac/Documents/baudex/frontend/test/unit/data/datasources/product_remote_datasource_test.dart: ... - updateProduct should return updated ProductModel when status code is 200        00:10 +138: /Users/mac/Documents/baudex/frontend/test/unit/data/datasources/product_remote_datasource_test.dart: ... - updateProduct should throw ServerException when product not found               00:10 +138: /Users/mac/Documents/baudex/frontend/test/unit/data/datasources/product_remote_datasource_test.dart: ProductRemoteDataSource - updateProduct should throw ServerException when product not found
🌐 Enviando petición UPDATE PRODUCT...
📋 Request ID: prod-001
📤 UpdateProductRequestModel.toJson(): Serializando modelo completo
⚠️ UpdateProductRequestModel: No hay precios para serializar
   - prices es null
📋 UpdateProductRequestModel: JSON final contiene campos: [name, stock]
🔍 Verificación final: JSON NO contiene campo "prices"
📋 Request data: {name: Updated Name, stock: 75.0}
📤 UpdateProductRequestModel.toJson(): Serializando modelo completo
⚠️ UpdateProductRequestModel: No hay precios para serializar
   - prices es null
📋 UpdateProductRequestModel: JSON final contiene campos: [name, stock]
🔍 Verificación final: JSON NO contiene campo "prices"
⚠️ NO SE ENCONTRARON PRECIOS EN LA PETICIÓN
✅ Response status: 404
❌ Status code inesperado: 404
00:10 +139: /Users/mac/Documents/baudex/frontend/test/unit/data/datasources/product_remote_datasource_test.dart: ... - updateProduct should throw ServerException when product not found               00:10 +139: /Users/mac/Documents/baudex/frontend/test/unit/data/datasources/product_remote_datasource_test.dart: ProductRemoteDataSource - deleteProduct should perform DELETE request to /products/:id00:10 +140: /Users/mac/Documents/baudex/frontend/test/unit/data/datasources/product_remote_datasource_test.dart: ProductRemoteDataSource - deleteProduct should perform DELETE request to /products/:id00:10 +140: /Users/mac/Documents/baudex/frontend/test/unit/data/datasources/product_remote_datasource_test.dart: ... - deleteProduct should complete successfully when status code is 200              00:10 +141: /Users/mac/Documents/baudex/frontend/test/unit/data/datasources/product_remote_datasource_test.dart: ... - deleteProduct should complete successfully when status code is 200              00:10 +141: /Users/mac/Documents/baudex/frontend/test/unit/data/datasources/product_remote_datasource_test.dart: ... - deleteProduct should throw ServerException when deletion fails                  00:10 +142: /Users/mac/Documents/baudex/frontend/test/unit/data/datasources/product_remote_datasource_test.dart: ... - deleteProduct should throw ServerException when deletion fails                  00:10 +142: /Users/mac/Documents/baudex/frontend/test/unit/data/datasources/product_remote_datasource_test.dart: ... - updateProductStock should perform PATCH request to /products/:id/stock          00:10 +142: /Users/mac/Documents/baudex/frontend/test/unit/data/datasources/product_remote_datasource_test.dart: ProductRemoteDataSource - updateProductStock should perform PATCH request to /products/:id/stock
🔍 ProductModel.fromJson: Procesando JSON
📋 JSON keys: [id, name, description, sku, barcode, type, status, stock, minStock, unit, weight, length, width, height, images, metadata, categoryId, createdById, prices, category, createdBy, createdAt, updatedAt, taxCategory, taxRate, isTaxable, taxDescription, retentionCategory, retentionRate, hasRetention]
🔍 ProductPriceModel.fromJson: Procesando precio price-001
00:10 +143: /Users/mac/Documents/baudex/frontend/test/unit/data/datasources/product_remote_datasource_test.dart: ... - updateProductStock should perform PATCH request to /products/:id/stock          00:10 +143: /Users/mac/Documents/baudex/frontend/test/unit/data/datasources/product_remote_datasource_test.dart: ProductRemoteDataSource - updateProductStock should return updated ProductModel       00:10 +143: /Users/mac/Documents/baudex/frontend/test/unit/data/datasources/product_remote_datasource_test.dart: ProductRemoteDataSource - updateProductStock should return updated ProductModel       
🔍 ProductModel.fromJson: Procesando JSON
📋 JSON keys: [id, name, description, sku, barcode, type, status, stock, minStock, unit, weight, length, width, height, images, metadata, categoryId, createdById, prices, category, createdBy, createdAt, updatedAt, taxCategory, taxRate, isTaxable, taxDescription, retentionCategory, retentionRate, hasRetention]
🔍 ProductPriceModel.fromJson: Procesando precio price-001
00:10 +144: /Users/mac/Documents/baudex/frontend/test/unit/data/datasources/product_remote_datasource_test.dart: ProductRemoteDataSource - updateProductStock should return updated ProductModel       00:10 +144: /Users/mac/Documents/baudex/frontend/test/unit/data/datasources/product_remote_datasource_test.dart: ... - searchProducts should perform GET request to /products/search with query params 00:10 +144: /Users/mac/Documents/baudex/frontend/test/unit/data/datasources/product_remote_datasource_test.dart: ProductRemoteDataSource - searchProducts should perform GET request to /products/search with query params
🔍 ProductModel.fromJson: Procesando JSON
📋 JSON keys: [id, name, description, sku, barcode, type, status, stock, minStock, unit, weight, length, width, height, images, metadata, categoryId, createdById, prices, category, createdBy, createdAt, updatedAt, taxCategory, taxRate, isTaxable, taxDescription, retentionCategory, retentionRate, hasRetention]
🔍 ProductPriceModel.fromJson: Procesando precio price-001
🔍 ProductModel.fromJson: Procesando JSON
📋 JSON keys: [id, name, description, sku, barcode, type, status, stock, minStock, unit, weight, length, width, height, images, metadata, categoryId, createdById, prices, category, createdBy, createdAt, updatedAt, taxCategory, taxRate, isTaxable, taxDescription, retentionCategory, retentionRate, hasRetention]
🔍 ProductPriceModel.fromJson: Procesando precio price-001
🔍 ProductModel.fromJson: Procesando JSON
📋 JSON keys: [id, name, description, sku, barcode, type, status, stock, minStock, unit, weight, length, width, height, images, metadata, categoryId, createdById, prices, category, createdBy, createdAt, updatedAt, taxCategory, taxRate, isTaxable, taxDescription, retentionCategory, retentionRate, hasRetention]
🔍 ProductPriceModel.fromJson: Procesando precio price-001
00:10 +145: /Users/mac/Documents/baudex/frontend/test/unit/data/datasources/product_remote_datasource_test.dart: ... - searchProducts should perform GET request to /products/search with query params 00:10 +145: /Users/mac/Documents/baudex/frontend/test/unit/data/datasources/product_remote_datasource_test.dart: ProductRemoteDataSource - searchProducts should return list of ProductModels          00:10 +145: /Users/mac/Documents/baudex/frontend/test/unit/data/datasources/product_remote_datasource_test.dart: ProductRemoteDataSource - searchProducts should return list of ProductModels          
🔍 ProductModel.fromJson: Procesando JSON
📋 JSON keys: [id, name, description, sku, barcode, type, status, stock, minStock, unit, weight, length, width, height, images, metadata, categoryId, createdById, prices, category, createdBy, createdAt, updatedAt, taxCategory, taxRate, isTaxable, taxDescription, retentionCategory, retentionRate, hasRetention]
🔍 ProductPriceModel.fromJson: Procesando precio price-001
🔍 ProductModel.fromJson: Procesando JSON
📋 JSON keys: [id, name, description, sku, barcode, type, status, stock, minStock, unit, weight, length, width, height, images, metadata, categoryId, createdById, prices, category, createdBy, createdAt, updatedAt, taxCategory, taxRate, isTaxable, taxDescription, retentionCategory, retentionRate, hasRetention]
🔍 ProductPriceModel.fromJson: Procesando precio price-001
🔍 ProductModel.fromJson: Procesando JSON
📋 JSON keys: [id, name, description, sku, barcode, type, status, stock, minStock, unit, weight, length, width, height, images, metadata, categoryId, createdById, prices, category, createdBy, createdAt, updatedAt, taxCategory, taxRate, isTaxable, taxDescription, retentionCategory, retentionRate, hasRetention]
🔍 ProductPriceModel.fromJson: Procesando precio price-001
00:10 +146: /Users/mac/Documents/baudex/frontend/test/unit/data/datasources/product_remote_datasource_test.dart: ProductRemoteDataSource - searchProducts should return list of ProductModels          00:10 +146: /Users/mac/Documents/baudex/frontend/test/unit/data/datasources/product_remote_datasource_test.dart: ... - getLowStockProducts should perform GET request to /products/low-stock           00:10 +146: /Users/mac/Documents/baudex/frontend/test/unit/data/datasources/product_remote_datasource_test.dart: ProductRemoteDataSource - getLowStockProducts should perform GET request to /products/low-stock
🔍 ProductModel.fromJson: Procesando JSON
📋 JSON keys: [id, name, description, sku, barcode, type, status, stock, minStock, unit, weight, length, width, height, images, metadata, categoryId, createdById, prices, category, createdBy, createdAt, updatedAt, taxCategory, taxRate, isTaxable, taxDescription, retentionCategory, retentionRate, hasRetention]
🔍 ProductPriceModel.fromJson: Procesando precio price-001
🔍 ProductModel.fromJson: Procesando JSON
📋 JSON keys: [id, name, description, sku, barcode, type, status, stock, minStock, unit, weight, length, width, height, images, metadata, categoryId, createdById, prices, category, createdBy, createdAt, updatedAt, taxCategory, taxRate, isTaxable, taxDescription, retentionCategory, retentionRate, hasRetention]
🔍 ProductPriceModel.fromJson: Procesando precio price-001
00:10 +147: /Users/mac/Documents/baudex/frontend/test/unit/data/datasources/product_remote_datasource_test.dart: ... - getLowStockProducts should perform GET request to /products/low-stock           00:10 +147: /Users/mac/Documents/baudex/frontend/test/unit/data/datasources/product_remote_datasource_test.dart: ... - getLowStockProducts should return list of low stock ProductModels               00:10 +147: /Users/mac/Documents/baudex/frontend/test/unit/data/datasources/product_remote_datasource_test.dart: ProductRemoteDataSource - getLowStockProducts should return list of low stock ProductModels
🔍 ProductModel.fromJson: Procesando JSON
📋 JSON keys: [id, name, description, sku, barcode, type, status, stock, minStock, unit, weight, length, width, height, images, metadata, categoryId, createdById, prices, category, createdBy, createdAt, updatedAt, taxCategory, taxRate, isTaxable, taxDescription, retentionCategory, retentionRate, hasRetention]
🔍 ProductPriceModel.fromJson: Procesando precio price-001
🔍 ProductModel.fromJson: Procesando JSON
📋 JSON keys: [id, name, description, sku, barcode, type, status, stock, minStock, unit, weight, length, width, height, images, metadata, categoryId, createdById, prices, category, createdBy, createdAt, updatedAt, taxCategory, taxRate, isTaxable, taxDescription, retentionCategory, retentionRate, hasRetention]
🔍 ProductPriceModel.fromJson: Procesando precio price-001
00:10 +148: /Users/mac/Documents/baudex/frontend/test/unit/data/datasources/product_remote_datasource_test.dart: ... - getLowStockProducts should return list of low stock ProductModels               00:10 +148: /Users/mac/Documents/baudex/frontend/test/unit/data/datasources/product_remote_datasource_test.dart: ... - error handling should throw ConnectionException on network timeout              00:10 +149: /Users/mac/Documents/baudex/frontend/test/unit/data/datasources/product_remote_datasource_test.dart: ... - error handling should throw ConnectionException on network timeout              00:10 +149: /Users/mac/Documents/baudex/frontend/test/unit/data/datasources/product_remote_datasource_test.dart: ... - error handling should throw ConnectionException on receive timeout              00:10 +150: /Users/mac/Documents/baudex/frontend/test/unit/data/datasources/product_remote_datasource_test.dart: ... - error handling should throw ConnectionException on receive timeout              00:10 +150: /Users/mac/Documents/baudex/frontend/test/unit/data/datasources/product_remote_datasource_test.dart: ... - error handling should throw ServerException on unexpected errors                00:10 +151: /Users/mac/Documents/baudex/frontend/test/unit/data/datasources/product_remote_datasource_test.dart: ... - error handling should throw ServerException on unexpected errors                00:11 +151: /Users/mac/Documents/baudex/frontend/test/unit/data/datasources/product_remote_datasource_test.dart: ... - error handling should throw ServerException on unexpected errors                00:11 +151: loading /Users/mac/Documents/baudex/frontend/test/unit/data/repositories/product_offline_repository_test.dart                                                                              00:11 +151: /Users/mac/Documents/baudex/frontend/test/unit/data/repositories/product_offline_repository_test.dart: ProductOfflineRepository - getProducts should return paginated products from ISAR   00:11 +152: /Users/mac/Documents/baudex/frontend/test/unit/data/repositories/product_offline_repository_test.dart: ProductOfflineRepository - getProducts should return paginated products from ISAR   00:11 +152: /Users/mac/Documents/baudex/frontend/test/unit/data/repositories/product_offline_repository_test.dart: ProductOfflineRepository - getProducts should filter products by status             00:11 +153: /Users/mac/Documents/baudex/frontend/test/unit/data/repositories/product_offline_repository_test.dart: ProductOfflineRepository - getProducts should filter products by status             00:11 +153: /Users/mac/Documents/baudex/frontend/test/unit/data/repositories/product_offline_repository_test.dart: ProductOfflineRepository - getProducts should filter products by type               00:11 +154: /Users/mac/Documents/baudex/frontend/test/unit/data/repositories/product_offline_repository_test.dart: ProductOfflineRepository - getProducts should filter products by type               00:11 +154: /Users/mac/Documents/baudex/frontend/test/unit/data/repositories/product_offline_repository_test.dart: ProductOfflineRepository - getProducts should filter products by categoryId         00:11 +155: /Users/mac/Documents/baudex/frontend/test/unit/data/repositories/product_offline_repository_test.dart: ProductOfflineRepository - getProducts should filter products by categoryId         00:11 +155: /Users/mac/Documents/baudex/frontend/test/unit/data/repositories/product_offline_repository_test.dart: ProductOfflineRepository - getProducts should filter products by inStock            00:11 +156: /Users/mac/Documents/baudex/frontend/test/unit/data/repositories/product_offline_repository_test.dart: ProductOfflineRepository - getProducts should filter products by inStock            00:11 +156: /Users/mac/Documents/baudex/frontend/test/unit/data/repositories/product_offline_repository_test.dart: ProductOfflineRepository - getProducts should filter products by lowStock           00:11 +157: /Users/mac/Documents/baudex/frontend/test/unit/data/repositories/product_offline_repository_test.dart: ProductOfflineRepository - getProducts should filter products by lowStock           00:11 +157: /Users/mac/Documents/baudex/frontend/test/unit/data/repositories/product_offline_repository_test.dart: ... - getProducts should search products by name, SKU, or barcode                   00:11 +158: /Users/mac/Documents/baudex/frontend/test/unit/data/repositories/product_offline_repository_test.dart: ... - getProducts should search products by name, SKU, or barcode                   00:11 +158: /Users/mac/Documents/baudex/frontend/test/unit/data/repositories/product_offline_repository_test.dart: ProductOfflineRepository - getProducts should sort products by name ascending       00:11 +159: /Users/mac/Documents/baudex/frontend/test/unit/data/repositories/product_offline_repository_test.dart: ProductOfflineRepository - getProducts should sort products by name ascending       00:11 +159: /Users/mac/Documents/baudex/frontend/test/unit/data/repositories/product_offline_repository_test.dart: ProductOfflineRepository - getProducts should paginate results correctly            00:11 +160: /Users/mac/Documents/baudex/frontend/test/unit/data/repositories/product_offline_repository_test.dart: ProductOfflineRepository - getProducts should paginate results correctly            00:11 +160: /Users/mac/Documents/baudex/frontend/test/unit/data/repositories/product_offline_repository_test.dart: ProductOfflineRepository - getProductById should return product when found in ISAR  00:11 +161: /Users/mac/Documents/baudex/frontend/test/unit/data/repositories/product_offline_repository_test.dart: ProductOfflineRepository - getProductById should return product when found in ISAR  00:11 +161: /Users/mac/Documents/baudex/frontend/test/unit/data/repositories/product_offline_repository_test.dart: ... - getProductById should return CacheFailure when product not in ISAR            00:11 +162: /Users/mac/Documents/baudex/frontend/test/unit/data/repositories/product_offline_repository_test.dart: ... - getProductById should return CacheFailure when product not in ISAR            00:11 +162: /Users/mac/Documents/baudex/frontend/test/unit/data/repositories/product_offline_repository_test.dart: ProductOfflineRepository - getProductById should not return deleted products        00:11 +163: /Users/mac/Documents/baudex/frontend/test/unit/data/repositories/product_offline_repository_test.dart: ProductOfflineRepository - getProductById should not return deleted products        00:11 +163: /Users/mac/Documents/baudex/frontend/test/unit/data/repositories/product_offline_repository_test.dart: ProductOfflineRepository - createProduct should create product with offline ID      00:11 +163: /Users/mac/Documents/baudex/frontend/test/unit/data/repositories/product_offline_repository_test.dart: ProductOfflineRepository - createProduct should create product with offline ID      
Warning: Could not add to sync queue: "SyncService" not found. You need to call "Get.put(SyncService())" or "Get.lazyPut(()=>SyncService())"
00:11 +164: /Users/mac/Documents/baudex/frontend/test/unit/data/repositories/product_offline_repository_test.dart: ProductOfflineRepository - createProduct should create product with offline ID      00:11 +164: /Users/mac/Documents/baudex/frontend/test/unit/data/repositories/product_offline_repository_test.dart: ProductOfflineRepository - createProduct should mark product as unsynced            00:11 +164: /Users/mac/Documents/baudex/frontend/test/unit/data/repositories/product_offline_repository_test.dart: ProductOfflineRepository - createProduct should mark product as unsynced            
Warning: Could not add to sync queue: "SyncService" not found. You need to call "Get.put(SyncService())" or "Get.lazyPut(()=>SyncService())"
00:11 +165: /Users/mac/Documents/baudex/frontend/test/unit/data/repositories/product_offline_repository_test.dart: ProductOfflineRepository - createProduct should mark product as unsynced            00:11 +165: /Users/mac/Documents/baudex/frontend/test/unit/data/repositories/product_offline_repository_test.dart: ... - createProduct should create sync operation for offline creation               00:11 +165: /Users/mac/Documents/baudex/frontend/test/unit/data/repositories/product_offline_repository_test.dart: ProductOfflineRepository - createProduct should create sync operation for offline creation
Warning: Could not add to sync queue: "SyncService" not found. You need to call "Get.put(SyncService())" or "Get.lazyPut(()=>SyncService())"
00:11 +166: /Users/mac/Documents/baudex/frontend/test/unit/data/repositories/product_offline_repository_test.dart: ... - createProduct should create sync operation for offline creation               00:11 +166: /Users/mac/Documents/baudex/frontend/test/unit/data/repositories/product_offline_repository_test.dart: ProductOfflineRepository - updateProduct should update product in ISAR              00:11 +166: /Users/mac/Documents/baudex/frontend/test/unit/data/repositories/product_offline_repository_test.dart: ProductOfflineRepository - updateProduct should update product in ISAR              
Warning: Could not add to sync queue: "SyncService" not found. You need to call "Get.put(SyncService())" or "Get.lazyPut(()=>SyncService())"
00:11 +167: /Users/mac/Documents/baudex/frontend/test/unit/data/repositories/product_offline_repository_test.dart: ProductOfflineRepository - updateProduct should update product in ISAR              00:11 +167: /Users/mac/Documents/baudex/frontend/test/unit/data/repositories/product_offline_repository_test.dart: ... - updateProduct should mark product as unsynced after update                    00:11 +167: /Users/mac/Documents/baudex/frontend/test/unit/data/repositories/product_offline_repository_test.dart: ProductOfflineRepository - updateProduct should mark product as unsynced after update
Warning: Could not add to sync queue: "SyncService" not found. You need to call "Get.put(SyncService())" or "Get.lazyPut(()=>SyncService())"
00:11 +168: /Users/mac/Documents/baudex/frontend/test/unit/data/repositories/product_offline_repository_test.dart: ... - updateProduct should mark product as unsynced after update                    00:11 +168: /Users/mac/Documents/baudex/frontend/test/unit/data/repositories/product_offline_repository_test.dart: ... - updateProduct should create sync operation for offline update                 00:11 +168: /Users/mac/Documents/baudex/frontend/test/unit/data/repositories/product_offline_repository_test.dart: ProductOfflineRepository - updateProduct should create sync operation for offline update
Warning: Could not add to sync queue: "SyncService" not found. You need to call "Get.put(SyncService())" or "Get.lazyPut(()=>SyncService())"
00:11 +169: /Users/mac/Documents/baudex/frontend/test/unit/data/repositories/product_offline_repository_test.dart: ... - updateProduct should create sync operation for offline update                 00:11 +169: /Users/mac/Documents/baudex/frontend/test/unit/data/repositories/product_offline_repository_test.dart: ProductOfflineRepository - deleteProduct should soft delete product in ISAR         00:11 +169: /Users/mac/Documents/baudex/frontend/test/unit/data/repositories/product_offline_repository_test.dart: ProductOfflineRepository - deleteProduct should soft delete product in ISAR         
Warning: Could not add to sync queue: "SyncService" not found. You need to call "Get.put(SyncService())" or "Get.lazyPut(()=>SyncService())"
00:11 +170: /Users/mac/Documents/baudex/frontend/test/unit/data/repositories/product_offline_repository_test.dart: ProductOfflineRepository - deleteProduct should soft delete product in ISAR         00:11 +170: /Users/mac/Documents/baudex/frontend/test/unit/data/repositories/product_offline_repository_test.dart: ... - deleteProduct should create sync operation for offline deletion               00:11 +170: /Users/mac/Documents/baudex/frontend/test/unit/data/repositories/product_offline_repository_test.dart: ProductOfflineRepository - deleteProduct should create sync operation for offline deletion
Warning: Could not add to sync queue: "SyncService" not found. You need to call "Get.put(SyncService())" or "Get.lazyPut(()=>SyncService())"
00:11 +171: /Users/mac/Documents/baudex/frontend/test/unit/data/repositories/product_offline_repository_test.dart: ... - deleteProduct should create sync operation for offline deletion               00:11 +171: /Users/mac/Documents/baudex/frontend/test/unit/data/repositories/product_offline_repository_test.dart: ProductOfflineRepository - updateProductStock should subtract stock correctly       00:11 +172: /Users/mac/Documents/baudex/frontend/test/unit/data/repositories/product_offline_repository_test.dart: ProductOfflineRepository - updateProductStock should subtract stock correctly       00:11 +172: /Users/mac/Documents/baudex/frontend/test/unit/data/repositories/product_offline_repository_test.dart: ProductOfflineRepository - updateProductStock should add stock correctly            00:11 +173: /Users/mac/Documents/baudex/frontend/test/unit/data/repositories/product_offline_repository_test.dart: ProductOfflineRepository - updateProductStock should add stock correctly            00:11 +173: /Users/mac/Documents/baudex/frontend/test/unit/data/repositories/product_offline_repository_test.dart: ... - updateProductStock should mark as unsynced after stock update                 00:11 +174: /Users/mac/Documents/baudex/frontend/test/unit/data/repositories/product_offline_repository_test.dart: ... - updateProductStock should mark as unsynced after stock update                 00:11 +174: /Users/mac/Documents/baudex/frontend/test/unit/data/repositories/product_offline_repository_test.dart: ProductOfflineRepository - searchProducts should search products by term            00:11 +175: /Users/mac/Documents/baudex/frontend/test/unit/data/repositories/product_offline_repository_test.dart: ProductOfflineRepository - searchProducts should search products by term            00:11 +175: /Users/mac/Documents/baudex/frontend/test/unit/data/repositories/product_offline_repository_test.dart: ProductOfflineRepository - getLowStockProducts should return products with low stock00:11 +176: /Users/mac/Documents/baudex/frontend/test/unit/data/repositories/product_offline_repository_test.dart: ProductOfflineRepository - getLowStockProducts should return products with low stock00:12 +176: /Users/mac/Documents/baudex/frontend/test/unit/data/repositories/product_offline_repository_test.dart: ProductOfflineRepository - getLowStockProducts should return products with low stock00:12 +176: loading /Users/mac/Documents/baudex/frontend/test/unit/data/repositories/product_repository_impl_test.dart                                                                                 00:12 +176: /Users/mac/Documents/baudex/frontend/test/unit/data/repositories/product_repository_impl_test.dart: ... - getProducts should check if device is online when getProducts is called          00:12 +176: /Users/mac/Documents/baudex/frontend/test/unit/data/repositories/product_repository_impl_test.dart: ProductRepositoryImpl - getProducts should check if device is online when getProducts is called
🚀🚀🚀 PRODUCT REPOSITORY GET PRODUCTS LLAMADO!!! 🚀🚀🚀
🚀🚀🚀 SI VES ESTE LOG, EL CÓDIGO NUEVO SE ESTÁ EJECUTANDO 🚀🚀🚀
   📄 Params: page=1, limit=10, search=null
🔍 ProductRepository: Verificando conexión a internet...
🌐 ProductRepository: networkInfo.isConnected retornó = true
✅ ProductRepository: HAY CONEXIÓN - Intentando llamar al backend...
📡 ProductRepository: Llamando a remoteDataSource.getProducts()...
📦 ProductRepository: Respuesta recibida del backend con 5 productos
00:12 +177: /Users/mac/Documents/baudex/frontend/test/unit/data/repositories/product_repository_impl_test.dart: ... - getProducts should check if device is online when getProducts is called          00:12 +177: /Users/mac/Documents/baudex/frontend/test/unit/data/repositories/product_repository_impl_test.dart: ... getProducts should return remote data when device is online and call is successful 00:12 +177: /Users/mac/Documents/baudex/frontend/test/unit/data/repositories/product_repository_impl_test.dart: ProductRepositoryImpl - getProducts should return remote data when device is online and call is successful
🚀🚀🚀 PRODUCT REPOSITORY GET PRODUCTS LLAMADO!!! 🚀🚀🚀
🚀🚀🚀 SI VES ESTE LOG, EL CÓDIGO NUEVO SE ESTÁ EJECUTANDO 🚀🚀🚀
   📄 Params: page=1, limit=10, search=null
🔍 ProductRepository: Verificando conexión a internet...
🌐 ProductRepository: networkInfo.isConnected retornó = true
✅ ProductRepository: HAY CONEXIÓN - Intentando llamar al backend...
📡 ProductRepository: Llamando a remoteDataSource.getProducts()...
📦 ProductRepository: Respuesta recibida del backend con 5 productos
00:12 +178: /Users/mac/Documents/baudex/frontend/test/unit/data/repositories/product_repository_impl_test.dart: ... getProducts should return remote data when device is online and call is successful 00:12 +178: /Users/mac/Documents/baudex/frontend/test/unit/data/repositories/product_repository_impl_test.dart: ... - getProducts should cache data locally when online call is successful             00:12 +178: /Users/mac/Documents/baudex/frontend/test/unit/data/repositories/product_repository_impl_test.dart: ProductRepositoryImpl - getProducts should cache data locally when online call is successful
🚀🚀🚀 PRODUCT REPOSITORY GET PRODUCTS LLAMADO!!! 🚀🚀🚀
🚀🚀🚀 SI VES ESTE LOG, EL CÓDIGO NUEVO SE ESTÁ EJECUTANDO 🚀🚀🚀
   📄 Params: page=1, limit=10, search=null
🔍 ProductRepository: Verificando conexión a internet...
🌐 ProductRepository: networkInfo.isConnected retornó = true
✅ ProductRepository: HAY CONEXIÓN - Intentando llamar al backend...
📡 ProductRepository: Llamando a remoteDataSource.getProducts()...
📦 ProductRepository: Respuesta recibida del backend con 5 productos
00:12 +179: /Users/mac/Documents/baudex/frontend/test/unit/data/repositories/product_repository_impl_test.dart: ... - getProducts should cache data locally when online call is successful             00:12 +179: /Users/mac/Documents/baudex/frontend/test/unit/data/repositories/product_repository_impl_test.dart: ProductRepositoryImpl - getProducts should return cached data when device is offline   00:12 +179: /Users/mac/Documents/baudex/frontend/test/unit/data/repositories/product_repository_impl_test.dart: ProductRepositoryImpl - getProducts should return cached data when device is offline   
🚀🚀🚀 PRODUCT REPOSITORY GET PRODUCTS LLAMADO!!! 🚀🚀🚀
🚀🚀🚀 SI VES ESTE LOG, EL CÓDIGO NUEVO SE ESTÁ EJECUTANDO 🚀🚀🚀
   📄 Params: page=1, limit=10, search=null
🔍 ProductRepository: Verificando conexión a internet...
🌐 ProductRepository: networkInfo.isConnected retornó = false
⚠️ ProductRepository: SIN CONEXIÓN - Usando caché local
💾 _getProductsFromCache(): Intentando obtener productos desde caché local...
💾 Cache local retornó 5 productos
✅ _getProductsFromCache(): Retornando 5 productos desde caché
✅ Cache retornó 5 productos
00:12 +180: /Users/mac/Documents/baudex/frontend/test/unit/data/repositories/product_repository_impl_test.dart: ProductRepositoryImpl - getProducts should return cached data when device is offline   00:12 +180: /Users/mac/Documents/baudex/frontend/test/unit/data/repositories/product_repository_impl_test.dart: ... - getProducts should return cached data when remote call fails (fallback)          00:12 +180: /Users/mac/Documents/baudex/frontend/test/unit/data/repositories/product_repository_impl_test.dart: ProductRepositoryImpl - getProducts should return cached data when remote call fails (fallback)
🚀🚀🚀 PRODUCT REPOSITORY GET PRODUCTS LLAMADO!!! 🚀🚀🚀
🚀🚀🚀 SI VES ESTE LOG, EL CÓDIGO NUEVO SE ESTÁ EJECUTANDO 🚀🚀🚀
   📄 Params: page=1, limit=10, search=null
🔍 ProductRepository: Verificando conexión a internet...
🌐 ProductRepository: networkInfo.isConnected retornó = true
✅ ProductRepository: HAY CONEXIÓN - Intentando llamar al backend...
📡 ProductRepository: Llamando a remoteDataSource.getProducts()...
⚠️ ServerException: Server error - Intentando cache como fallback...
💾 _getProductsFromCache(): Intentando obtener productos desde caché local...
💾 Cache local retornó 5 productos
✅ _getProductsFromCache(): Retornando 5 productos desde caché
00:12 +181: /Users/mac/Documents/baudex/frontend/test/unit/data/repositories/product_repository_impl_test.dart: ... - getProducts should return cached data when remote call fails (fallback)          00:12 +181: /Users/mac/Documents/baudex/frontend/test/unit/data/repositories/product_repository_impl_test.dart: ... - getProducts should return CacheFailure when offline and no cached data available 00:12 +181: /Users/mac/Documents/baudex/frontend/test/unit/data/repositories/product_repository_impl_test.dart: ProductRepositoryImpl - getProducts should return CacheFailure when offline and no cached data available
🚀🚀🚀 PRODUCT REPOSITORY GET PRODUCTS LLAMADO!!! 🚀🚀🚀
🚀🚀🚀 SI VES ESTE LOG, EL CÓDIGO NUEVO SE ESTÁ EJECUTANDO 🚀🚀🚀
   📄 Params: page=1, limit=10, search=null
🔍 ProductRepository: Verificando conexión a internet...
🌐 ProductRepository: networkInfo.isConnected retornó = false
⚠️ ProductRepository: SIN CONEXIÓN - Usando caché local
💾 _getProductsFromCache(): Intentando obtener productos desde caché local...
❌ _getProductsFromCache(): CacheException: No cached data
❌ Cache falló: No cached data
00:12 +182: /Users/mac/Documents/baudex/frontend/test/unit/data/repositories/product_repository_impl_test.dart: ... - getProducts should return CacheFailure when offline and no cached data available 00:12 +182: /Users/mac/Documents/baudex/frontend/test/unit/data/repositories/product_repository_impl_test.dart: ... - getProducts should forward query parameters to remote datasource                 00:12 +182: /Users/mac/Documents/baudex/frontend/test/unit/data/repositories/product_repository_impl_test.dart: ProductRepositoryImpl - getProducts should forward query parameters to remote datasource
🚀🚀🚀 PRODUCT REPOSITORY GET PRODUCTS LLAMADO!!! 🚀🚀🚀
🚀🚀🚀 SI VES ESTE LOG, EL CÓDIGO NUEVO SE ESTÁ EJECUTANDO 🚀🚀🚀
   📄 Params: page=2, limit=20, search=test
🔍 ProductRepository: Verificando conexión a internet...
🌐 ProductRepository: networkInfo.isConnected retornó = true
✅ ProductRepository: HAY CONEXIÓN - Intentando llamar al backend...
📡 ProductRepository: Llamando a remoteDataSource.getProducts()...
📦 ProductRepository: Respuesta recibida del backend con 5 productos
00:12 +183: /Users/mac/Documents/baudex/frontend/test/unit/data/repositories/product_repository_impl_test.dart: ... - getProducts should forward query parameters to remote datasource                 00:12 +183: /Users/mac/Documents/baudex/frontend/test/unit/data/repositories/product_repository_impl_test.dart: ... getProductById should return product when device is online and remote call succeeds00:12 +184: /Users/mac/Documents/baudex/frontend/test/unit/data/repositories/product_repository_impl_test.dart: ... getProductById should return product when device is online and remote call succeeds00:12 +184: /Users/mac/Documents/baudex/frontend/test/unit/data/repositories/product_repository_impl_test.dart: ProductRepositoryImpl - getProductById should cache product when online call succeeds  00:12 +185: /Users/mac/Documents/baudex/frontend/test/unit/data/repositories/product_repository_impl_test.dart: ProductRepositoryImpl - getProductById should cache product when online call succeeds  00:12 +185: /Users/mac/Documents/baudex/frontend/test/unit/data/repositories/product_repository_impl_test.dart: ... - getProductById should return cached product when device is offline               00:12 +186: /Users/mac/Documents/baudex/frontend/test/unit/data/repositories/product_repository_impl_test.dart: ... - getProductById should return cached product when device is offline               00:12 +186: /Users/mac/Documents/baudex/frontend/test/unit/data/repositories/product_repository_impl_test.dart: ... should return NotFoundFailure when product not found in cache offline              00:12 +187: /Users/mac/Documents/baudex/frontend/test/unit/data/repositories/product_repository_impl_test.dart: ... should return NotFoundFailure when product not found in cache offline              00:12 +187: /Users/mac/Documents/baudex/frontend/test/unit/data/repositories/product_repository_impl_test.dart: ... - createProduct should create product remotely when device is online               00:12 +188: /Users/mac/Documents/baudex/frontend/test/unit/data/repositories/product_repository_impl_test.dart: ... - createProduct should create product remotely when device is online               00:12 +188: /Users/mac/Documents/baudex/frontend/test/unit/data/repositories/product_repository_impl_test.dart: ProductRepositoryImpl - createProduct should cache created product when online         00:12 +189: /Users/mac/Documents/baudex/frontend/test/unit/data/repositories/product_repository_impl_test.dart: ProductRepositoryImpl - createProduct should cache created product when online         00:12 +189: /Users/mac/Documents/baudex/frontend/test/unit/data/repositories/product_repository_impl_test.dart: ... - createProduct should fallback to offline creation when remote creation fails     00:12 +189: /Users/mac/Documents/baudex/frontend/test/unit/data/repositories/product_repository_impl_test.dart: ProductRepositoryImpl - createProduct should fallback to offline creation when remote creation fails
⚠️ ServerException al crear producto: Creation failed - Creando offline...
📱 ProductRepository: Creating product offline: Test Product
⚠️ ProductRepository: Error agregando a cola de sync: "SyncService" not found. You need to call "Get.put(SyncService())" or "Get.lazyPut(()=>SyncService())"
✅ ProductRepository: Product created offline successfully
00:12 +190: /Users/mac/Documents/baudex/frontend/test/unit/data/repositories/product_repository_impl_test.dart: ... - createProduct should fallback to offline creation when remote creation fails     00:12 +190: /Users/mac/Documents/baudex/frontend/test/unit/data/repositories/product_repository_impl_test.dart: ... - updateProduct should update product remotely when device is online               00:12 +190: /Users/mac/Documents/baudex/frontend/test/unit/data/repositories/product_repository_impl_test.dart: ProductRepositoryImpl - updateProduct should update product remotely when device is online
🏗️ UpdateProductRequestModel.fromParams(): Construyendo modelo
   📊 Precios recibidos: 0
🔍 UpdateProductRequestModel.hasUpdates: true
00:12 +191: /Users/mac/Documents/baudex/frontend/test/unit/data/repositories/product_repository_impl_test.dart: ... - updateProduct should update product remotely when device is online               00:12 +191: /Users/mac/Documents/baudex/frontend/test/unit/data/repositories/product_repository_impl_test.dart: ProductRepositoryImpl - updateProduct should cache updated product when online         00:12 +191: /Users/mac/Documents/baudex/frontend/test/unit/data/repositories/product_repository_impl_test.dart: ProductRepositoryImpl - updateProduct should cache updated product when online         
🏗️ UpdateProductRequestModel.fromParams(): Construyendo modelo
   📊 Precios recibidos: 0
🔍 UpdateProductRequestModel.hasUpdates: true
00:12 +192: /Users/mac/Documents/baudex/frontend/test/unit/data/repositories/product_repository_impl_test.dart: ProductRepositoryImpl - updateProduct should cache updated product when online         00:12 +192: /Users/mac/Documents/baudex/frontend/test/unit/data/repositories/product_repository_impl_test.dart: ... - deleteProduct should delete product remotely when device is online               00:12 +192: /Users/mac/Documents/baudex/frontend/test/unit/data/repositories/product_repository_impl_test.dart: ProductRepositoryImpl - deleteProduct should delete product remotely when device is online
⚠️ Error actualizando ISAR (no crítico): Exception: ISAR database not initialized. Call initialize() first.
00:12 +193: /Users/mac/Documents/baudex/frontend/test/unit/data/repositories/product_repository_impl_test.dart: ... - deleteProduct should delete product remotely when device is online               00:12 +193: /Users/mac/Documents/baudex/frontend/test/unit/data/repositories/product_repository_impl_test.dart: ... - deleteProduct should delete from cache when online deletion succeeds             00:12 +193: /Users/mac/Documents/baudex/frontend/test/unit/data/repositories/product_repository_impl_test.dart: ProductRepositoryImpl - deleteProduct should delete from cache when online deletion succeeds
⚠️ Error actualizando ISAR (no crítico): Exception: ISAR database not initialized. Call initialize() first.
00:12 +194: /Users/mac/Documents/baudex/frontend/test/unit/data/repositories/product_repository_impl_test.dart: ... - deleteProduct should delete from cache when online deletion succeeds             00:12 +194: /Users/mac/Documents/baudex/frontend/test/unit/data/repositories/product_repository_impl_test.dart: ... - deleteProduct should fallback to offline deletion when remote deletion fails     00:12 +194: /Users/mac/Documents/baudex/frontend/test/unit/data/repositories/product_repository_impl_test.dart: ProductRepositoryImpl - deleteProduct should fallback to offline deletion when remote deletion fails
⚠️ ServerException al eliminar producto: Deletion failed - Eliminando offline...
📱 ProductRepository: Deleting product offline: prod-001
⚠️ Error actualizando ISAR durante delete offline: Exception: ISAR database not initialized. Call initialize() first.
⚠️ ProductRepository: Error agregando eliminación a cola: "SyncService" not found. You need to call "Get.put(SyncService())" or "Get.lazyPut(()=>SyncService())"
✅ ProductRepository: Product deleted offline successfully
00:12 +195: /Users/mac/Documents/baudex/frontend/test/unit/data/repositories/product_repository_impl_test.dart: ... - deleteProduct should fallback to offline deletion when remote deletion fails     00:12 +195: /Users/mac/Documents/baudex/frontend/test/unit/data/repositories/product_repository_impl_test.dart: ... - updateProductStock should update stock remotely when device is online            00:12 +196: /Users/mac/Documents/baudex/frontend/test/unit/data/repositories/product_repository_impl_test.dart: ... - updateProductStock should update stock remotely when device is online            00:12 +196: /Users/mac/Documents/baudex/frontend/test/unit/data/repositories/product_repository_impl_test.dart: ProductRepositoryImpl - updateProductStock should cache updated stock when online      00:12 +197: /Users/mac/Documents/baudex/frontend/test/unit/data/repositories/product_repository_impl_test.dart: ProductRepositoryImpl - updateProductStock should cache updated stock when online      00:12 +197: /Users/mac/Documents/baudex/frontend/test/unit/data/repositories/product_repository_impl_test.dart: ... - searchProducts should search products remotely when device is online             00:12 +198: /Users/mac/Documents/baudex/frontend/test/unit/data/repositories/product_repository_impl_test.dart: ... - searchProducts should search products remotely when device is online             00:12 +198: /Users/mac/Documents/baudex/frontend/test/unit/data/repositories/product_repository_impl_test.dart: ProductRepositoryImpl - searchProducts should search in cache when device is offline   00:12 +198: /Users/mac/Documents/baudex/frontend/test/unit/data/repositories/product_repository_impl_test.dart: ProductRepositoryImpl - searchProducts should search in cache when device is offline   
⚠️ Error del servidor en searchProducts: type 'Null' is not a subtype of type 'Future<List<ProductModel>>' - intentando cache local...
✅ 3 productos encontrados en cache local
00:12 +199: /Users/mac/Documents/baudex/frontend/test/unit/data/repositories/product_repository_impl_test.dart: ProductRepositoryImpl - searchProducts should search in cache when device is offline   00:12 +199: /Users/mac/Documents/baudex/frontend/test/unit/data/repositories/product_repository_impl_test.dart: ... - getLowStockProducts should get low stock products from remote when online        00:12 +200: /Users/mac/Documents/baudex/frontend/test/unit/data/repositories/product_repository_impl_test.dart: ... - getLowStockProducts should get low stock products from remote when online        00:12 +200: /Users/mac/Documents/baudex/frontend/test/unit/data/repositories/product_repository_impl_test.dart: ... - getLowStockProducts should get low stock products from cache when server fails   00:12 +200: /Users/mac/Documents/baudex/frontend/test/unit/data/repositories/product_repository_impl_test.dart: ProductRepositoryImpl - getLowStockProducts should get low stock products from cache when server fails
⚠️ Error del servidor en getLowStockProducts: Server error - intentando cache local...
✅ 2 productos con stock bajo encontrados en cache
00:12 +201: /Users/mac/Documents/baudex/frontend/test/unit/data/repositories/product_repository_impl_test.dart: ... - getLowStockProducts should get low stock products from cache when server fails   00:13 +201: /Users/mac/Documents/baudex/frontend/test/unit/data/repositories/product_repository_impl_test.dart: ... - getLowStockProducts should get low stock products from cache when server fails   00:13 +201: loading /Users/mac/Documents/baudex/frontend/test/unit/data/repositories/category_offline_repository_test.dart                                                                             00:13 +201: /Users/mac/Documents/baudex/frontend/test/unit/data/repositories/category_offline_repository_test.dart: ... - getCategories should return paginated categories from ISAR                   00:13 +202: /Users/mac/Documents/baudex/frontend/test/unit/data/repositories/category_offline_repository_test.dart: ... - getCategories should return paginated categories from ISAR                   00:13 +202: /Users/mac/Documents/baudex/frontend/test/unit/data/repositories/category_offline_repository_test.dart: CategoryOfflineRepository - getCategories should filter categories by status       00:13 +203: /Users/mac/Documents/baudex/frontend/test/unit/data/repositories/category_offline_repository_test.dart: CategoryOfflineRepository - getCategories should filter categories by status       00:13 +203: /Users/mac/Documents/baudex/frontend/test/unit/data/repositories/category_offline_repository_test.dart: CategoryOfflineRepository - getCategories should filter categories by parentId     00:13 +204: /Users/mac/Documents/baudex/frontend/test/unit/data/repositories/category_offline_repository_test.dart: CategoryOfflineRepository - getCategories should filter categories by parentId     00:13 +204: /Users/mac/Documents/baudex/frontend/test/unit/data/repositories/category_offline_repository_test.dart: CategoryOfflineRepository - getCategories should filter categories by onlyParents  00:13 +205: /Users/mac/Documents/baudex/frontend/test/unit/data/repositories/category_offline_repository_test.dart: CategoryOfflineRepository - getCategories should filter categories by onlyParents  00:13 +205: /Users/mac/Documents/baudex/frontend/test/unit/data/repositories/category_offline_repository_test.dart: ... - getCategories should search categories by name or description                00:13 +206: /Users/mac/Documents/baudex/frontend/test/unit/data/repositories/category_offline_repository_test.dart: ... - getCategories should search categories by name or description                00:13 +206: /Users/mac/Documents/baudex/frontend/test/unit/data/repositories/category_offline_repository_test.dart: CategoryOfflineRepository - getCategories should sort categories by name ascending 00:13 +207: /Users/mac/Documents/baudex/frontend/test/unit/data/repositories/category_offline_repository_test.dart: CategoryOfflineRepository - getCategories should sort categories by name ascending 00:13 +207: /Users/mac/Documents/baudex/frontend/test/unit/data/repositories/category_offline_repository_test.dart: CategoryOfflineRepository - getCategories should paginate results correctly        00:13 +208: /Users/mac/Documents/baudex/frontend/test/unit/data/repositories/category_offline_repository_test.dart: CategoryOfflineRepository - getCategories should paginate results correctly        00:13 +208: /Users/mac/Documents/baudex/frontend/test/unit/data/repositories/category_offline_repository_test.dart: ... - getCategoryById should return category when found in ISAR                    00:13 +209: /Users/mac/Documents/baudex/frontend/test/unit/data/repositories/category_offline_repository_test.dart: ... - getCategoryById should return category when found in ISAR                    00:13 +209: /Users/mac/Documents/baudex/frontend/test/unit/data/repositories/category_offline_repository_test.dart: ... - getCategoryById should return CacheFailure when category not in ISAR         00:13 +210: /Users/mac/Documents/baudex/frontend/test/unit/data/repositories/category_offline_repository_test.dart: ... - getCategoryById should return CacheFailure when category not in ISAR         00:13 +210: /Users/mac/Documents/baudex/frontend/test/unit/data/repositories/category_offline_repository_test.dart: CategoryOfflineRepository - getCategoryById should not return deleted categories   00:13 +211: /Users/mac/Documents/baudex/frontend/test/unit/data/repositories/category_offline_repository_test.dart: CategoryOfflineRepository - getCategoryById should not return deleted categories   00:13 +211: /Users/mac/Documents/baudex/frontend/test/unit/data/repositories/category_offline_repository_test.dart: CategoryOfflineRepository - createCategory should create category with offline ID  00:13 +211: /Users/mac/Documents/baudex/frontend/test/unit/data/repositories/category_offline_repository_test.dart: CategoryOfflineRepository - createCategory should create category with offline ID  
Warning: Could not add to sync queue: "SyncService" not found. You need to call "Get.put(SyncService())" or "Get.lazyPut(()=>SyncService())"
00:13 +212: /Users/mac/Documents/baudex/frontend/test/unit/data/repositories/category_offline_repository_test.dart: CategoryOfflineRepository - createCategory should create category with offline ID  00:13 +212: /Users/mac/Documents/baudex/frontend/test/unit/data/repositories/category_offline_repository_test.dart: CategoryOfflineRepository - createCategory should mark category as unsynced        00:13 +212: /Users/mac/Documents/baudex/frontend/test/unit/data/repositories/category_offline_repository_test.dart: CategoryOfflineRepository - createCategory should mark category as unsynced        
Warning: Could not add to sync queue: "SyncService" not found. You need to call "Get.put(SyncService())" or "Get.lazyPut(()=>SyncService())"
00:13 +213: /Users/mac/Documents/baudex/frontend/test/unit/data/repositories/category_offline_repository_test.dart: CategoryOfflineRepository - createCategory should mark category as unsynced        00:13 +213: /Users/mac/Documents/baudex/frontend/test/unit/data/repositories/category_offline_repository_test.dart: CategoryOfflineRepository - updateCategory should update category in ISAR          00:13 +213: /Users/mac/Documents/baudex/frontend/test/unit/data/repositories/category_offline_repository_test.dart: CategoryOfflineRepository - updateCategory should update category in ISAR          
Warning: Could not add to sync queue: "SyncService" not found. You need to call "Get.put(SyncService())" or "Get.lazyPut(()=>SyncService())"
00:13 +214: /Users/mac/Documents/baudex/frontend/test/unit/data/repositories/category_offline_repository_test.dart: CategoryOfflineRepository - updateCategory should update category in ISAR          00:13 +214: /Users/mac/Documents/baudex/frontend/test/unit/data/repositories/category_offline_repository_test.dart: ... - updateCategory should mark category as unsynced after update                 00:13 +214: /Users/mac/Documents/baudex/frontend/test/unit/data/repositories/category_offline_repository_test.dart: CategoryOfflineRepository - updateCategory should mark category as unsynced after update
Warning: Could not add to sync queue: "SyncService" not found. You need to call "Get.put(SyncService())" or "Get.lazyPut(()=>SyncService())"
00:13 +215: /Users/mac/Documents/baudex/frontend/test/unit/data/repositories/category_offline_repository_test.dart: ... - updateCategory should mark category as unsynced after update                 00:13 +215: /Users/mac/Documents/baudex/frontend/test/unit/data/repositories/category_offline_repository_test.dart: CategoryOfflineRepository - deleteCategory should soft delete category in ISAR     00:13 +215: /Users/mac/Documents/baudex/frontend/test/unit/data/repositories/category_offline_repository_test.dart: CategoryOfflineRepository - deleteCategory should soft delete category in ISAR     
Warning: Could not add to sync queue: "SyncService" not found. You need to call "Get.put(SyncService())" or "Get.lazyPut(()=>SyncService())"
00:13 +216: /Users/mac/Documents/baudex/frontend/test/unit/data/repositories/category_offline_repository_test.dart: CategoryOfflineRepository - deleteCategory should soft delete category in ISAR     00:13 +216: /Users/mac/Documents/baudex/frontend/test/unit/data/repositories/category_offline_repository_test.dart: ... - getCategoryBySlug should return category when slug found in ISAR             00:13 +217: /Users/mac/Documents/baudex/frontend/test/unit/data/repositories/category_offline_repository_test.dart: ... - getCategoryBySlug should return category when slug found in ISAR             00:13 +217: /Users/mac/Documents/baudex/frontend/test/unit/data/repositories/category_offline_repository_test.dart: ... - getCategoryBySlug should return CacheFailure when slug not found             00:13 +218: /Users/mac/Documents/baudex/frontend/test/unit/data/repositories/category_offline_repository_test.dart: ... - getCategoryBySlug should return CacheFailure when slug not found             00:13 +218: /Users/mac/Documents/baudex/frontend/test/unit/data/repositories/category_offline_repository_test.dart: ... - getCategoryTree should return hierarchical category tree                     00:13 +219: /Users/mac/Documents/baudex/frontend/test/unit/data/repositories/category_offline_repository_test.dart: ... - getCategoryTree should return hierarchical category tree                     00:13 +219: /Users/mac/Documents/baudex/frontend/test/unit/data/repositories/category_offline_repository_test.dart: CategoryOfflineRepository - getCategoryStats should return category statistics     00:13 +220: /Users/mac/Documents/baudex/frontend/test/unit/data/repositories/category_offline_repository_test.dart: CategoryOfflineRepository - getCategoryStats should return category statistics     00:13 +220: /Users/mac/Documents/baudex/frontend/test/unit/data/repositories/category_offline_repository_test.dart: CategoryOfflineRepository - searchCategories should search categories by term      00:13 +221: /Users/mac/Documents/baudex/frontend/test/unit/data/repositories/category_offline_repository_test.dart: CategoryOfflineRepository - searchCategories should search categories by term      00:13 +221: /Users/mac/Documents/baudex/frontend/test/unit/data/repositories/category_offline_repository_test.dart: CategoryOfflineRepository - updateCategoryStatus should update category status     00:13 +221: /Users/mac/Documents/baudex/frontend/test/unit/data/repositories/category_offline_repository_test.dart: CategoryOfflineRepository - updateCategoryStatus should update category status     
Warning: Could not add to sync queue: "SyncService" not found. You need to call "Get.put(SyncService())" or "Get.lazyPut(()=>SyncService())"
00:13 +222: /Users/mac/Documents/baudex/frontend/test/unit/data/repositories/category_offline_repository_test.dart: CategoryOfflineRepository - updateCategoryStatus should update category status     00:13 +222: /Users/mac/Documents/baudex/frontend/test/unit/data/repositories/category_offline_repository_test.dart: CategoryOfflineRepository - restoreCategory should restore soft-deleted category   00:13 +223: /Users/mac/Documents/baudex/frontend/test/unit/data/repositories/category_offline_repository_test.dart: CategoryOfflineRepository - restoreCategory should restore soft-deleted category   00:13 +223: /Users/mac/Documents/baudex/frontend/test/unit/data/repositories/category_offline_repository_test.dart: CategoryOfflineRepository - isSlugAvailable should return false when slug exists   00:13 +224: /Users/mac/Documents/baudex/frontend/test/unit/data/repositories/category_offline_repository_test.dart: CategoryOfflineRepository - isSlugAvailable should return false when slug exists   00:13 +224: /Users/mac/Documents/baudex/frontend/test/unit/data/repositories/category_offline_repository_test.dart: ... - isSlugAvailable should return true when slug does not exist                  00:13 +225: /Users/mac/Documents/baudex/frontend/test/unit/data/repositories/category_offline_repository_test.dart: ... - isSlugAvailable should return true when slug does not exist                  00:13 +225: /Users/mac/Documents/baudex/frontend/test/unit/data/repositories/category_offline_repository_test.dart: ... - isSlugAvailable should exclude specific category when checking slug          00:13 +226: /Users/mac/Documents/baudex/frontend/test/unit/data/repositories/category_offline_repository_test.dart: ... - isSlugAvailable should exclude specific category when checking slug          00:13 +226: /Users/mac/Documents/baudex/frontend/test/unit/data/repositories/category_offline_repository_test.dart: CategoryOfflineRepository - generateUniqueSlug should generate slug from name      00:13 +227: /Users/mac/Documents/baudex/frontend/test/unit/data/repositories/category_offline_repository_test.dart: CategoryOfflineRepository - generateUniqueSlug should generate slug from name      00:13 +227: /Users/mac/Documents/baudex/frontend/test/unit/data/repositories/category_offline_repository_test.dart: CategoryOfflineRepository - generateUniqueSlug should append number if slug exists 00:13 +228: /Users/mac/Documents/baudex/frontend/test/unit/data/repositories/category_offline_repository_test.dart: CategoryOfflineRepository - generateUniqueSlug should append number if slug exists 00:14 +228: /Users/mac/Documents/baudex/frontend/test/unit/data/repositories/category_offline_repository_test.dart: CategoryOfflineRepository - generateUniqueSlug should append number if slug exists 00:14 +228: loading /Users/mac/Documents/baudex/frontend/test/unit/data/repositories/category_repository_impl_test.dart                                                                                00:14 +228: /Users/mac/Documents/baudex/frontend/test/unit/data/repositories/category_repository_impl_test.dart: ... - getCategories should check if device is online when getCategories is called     00:14 +229: /Users/mac/Documents/baudex/frontend/test/unit/data/repositories/category_repository_impl_test.dart: ... - getCategories should check if device is online when getCategories is called     00:14 +229: /Users/mac/Documents/baudex/frontend/test/unit/data/repositories/category_repository_impl_test.dart: ... should return remote data when device is online and call is successful            00:14 +230: /Users/mac/Documents/baudex/frontend/test/unit/data/repositories/category_repository_impl_test.dart: ... should return remote data when device is online and call is successful            00:14 +230: /Users/mac/Documents/baudex/frontend/test/unit/data/repositories/category_repository_impl_test.dart: ... - getCategories should cache data locally when online call is successful          00:14 +231: /Users/mac/Documents/baudex/frontend/test/unit/data/repositories/category_repository_impl_test.dart: ... - getCategories should cache data locally when online call is successful          00:14 +231: /Users/mac/Documents/baudex/frontend/test/unit/data/repositories/category_repository_impl_test.dart: ... - getCategories should return cached data when device is offline                  00:14 +231: /Users/mac/Documents/baudex/frontend/test/unit/data/repositories/category_repository_impl_test.dart: CategoryRepositoryImpl - getCategories should return cached data when device is offline
📂 CategoryRepository: Applying offline filters to 5 cached categories
   Filters: status=null, onlyParents=null, search=null, parentId=null
   Final result: 5/5 categories (page 1/1)
00:14 +232: /Users/mac/Documents/baudex/frontend/test/unit/data/repositories/category_repository_impl_test.dart: ... - getCategories should return cached data when device is offline                  00:14 +232: /Users/mac/Documents/baudex/frontend/test/unit/data/repositories/category_repository_impl_test.dart: ... - getCategories should return cached data when remote call fails (fallback)       00:14 +232: /Users/mac/Documents/baudex/frontend/test/unit/data/repositories/category_repository_impl_test.dart: CategoryRepositoryImpl - getCategories should return cached data when remote call fails (fallback)
⚠️ ServerException en categorías: Server error - Usando cache...
📂 CategoryRepository: Applying offline filters to 5 cached categories
   Filters: status=null, onlyParents=null, search=null, parentId=null
   Final result: 5/5 categories (page 1/1)
00:14 +233: /Users/mac/Documents/baudex/frontend/test/unit/data/repositories/category_repository_impl_test.dart: ... - getCategories should return cached data when remote call fails (fallback)       00:14 +233: /Users/mac/Documents/baudex/frontend/test/unit/data/repositories/category_repository_impl_test.dart: ... getCategories should return CacheFailure when offline and no cached data available00:15 +233: /Users/mac/Documents/baudex/frontend/test/unit/data/repositories/category_repository_impl_test.dart: ... getCategories should return CacheFailure when offline and no cached data available00:15 +233: /Users/mac/Documents/baudex/frontend/test/unit/data/repositories/category_repository_impl_test.dart: CategoryRepositoryImpl - getCategories should return CacheFailure when offline and no cached data available
❌ CategoryRepository: Cache error in _getCategoriesFromCache: No cached data
00:15 +234: /Users/mac/Documents/baudex/frontend/test/unit/data/repositories/category_repository_impl_test.dart: ... getCategories should return CacheFailure when offline and no cached data available00:15 +234: /Users/mac/Documents/baudex/frontend/test/unit/data/repositories/category_repository_impl_test.dart: ... - getCategories should forward query parameters to remote datasource              00:15 +235: /Users/mac/Documents/baudex/frontend/test/unit/data/repositories/category_repository_impl_test.dart: ... - getCategories should forward query parameters to remote datasource              00:15 +235: /Users/mac/Documents/baudex/frontend/test/unit/data/repositories/category_repository_impl_test.dart: ... should return category when device is online and remote call succeeds             00:15 +236: /Users/mac/Documents/baudex/frontend/test/unit/data/repositories/category_repository_impl_test.dart: ... should return category when device is online and remote call succeeds             00:15 +236: /Users/mac/Documents/baudex/frontend/test/unit/data/repositories/category_repository_impl_test.dart: ... - getCategoryById should cache category when online call succeeds                 00:15 +237: /Users/mac/Documents/baudex/frontend/test/unit/data/repositories/category_repository_impl_test.dart: ... - getCategoryById should cache category when online call succeeds                 00:15 +237: /Users/mac/Documents/baudex/frontend/test/unit/data/repositories/category_repository_impl_test.dart: ... - getCategoryById should return cached category when device is offline            00:15 +238: /Users/mac/Documents/baudex/frontend/test/unit/data/repositories/category_repository_impl_test.dart: ... - getCategoryById should return cached category when device is offline            00:15 +238: /Users/mac/Documents/baudex/frontend/test/unit/data/repositories/category_repository_impl_test.dart: ... should return CacheFailure when category not found in cache while offline         00:15 +239: /Users/mac/Documents/baudex/frontend/test/unit/data/repositories/category_repository_impl_test.dart: ... should return CacheFailure when category not found in cache while offline         00:15 +239: /Users/mac/Documents/baudex/frontend/test/unit/data/repositories/category_repository_impl_test.dart: ... - getCategoryById should return cached category when remote call fails (fallback) 00:15 +240: /Users/mac/Documents/baudex/frontend/test/unit/data/repositories/category_repository_impl_test.dart: ... - getCategoryById should return cached category when remote call fails (fallback) 00:15 +240: /Users/mac/Documents/baudex/frontend/test/unit/data/repositories/category_repository_impl_test.dart: ... - getCategoryById should return ServerFailure when remote and cache both fail     00:15 +241: /Users/mac/Documents/baudex/frontend/test/unit/data/repositories/category_repository_impl_test.dart: ... - getCategoryById should return ServerFailure when remote and cache both fail     00:15 +241: /Users/mac/Documents/baudex/frontend/test/unit/data/repositories/category_repository_impl_test.dart: ... - getCategoryTree should return category tree when device is online               00:15 +241: /Users/mac/Documents/baudex/frontend/test/unit/data/repositories/category_repository_impl_test.dart: CategoryRepositoryImpl - getCategoryTree should return category tree when device is online
🌳 CategoryRepository: Processing 6 categories from remote
🏗️ Converting CategoryModel to CategoryTree: Electronics
🏗️ Creating CategoryTree from JSON: Electronics
   Raw JSON: {id: cat-electronics, name: Electronics, description: Test category description, slug: electronics, image: null, status: active, sortOrder: 0, parentId: null, parent: null, children: null, productsCount: 0, createdAt: 2024-01-01T00:00:00.000, updatedAt: 2024-01-01T00:00:00.000, deletedAt: null, level: 0, hasChildren: false}
✅ CategoryTree created: Electronics (Level: 0, HasChildren: false)
🏗️ Converting CategoryModel to CategoryTree: Clothing
🏗️ Creating CategoryTree from JSON: Clothing
   Raw JSON: {id: cat-clothing, name: Clothing, description: Test category description, slug: clothing, image: null, status: active, sortOrder: 1, parentId: null, parent: null, children: null, productsCount: 0, createdAt: 2024-01-01T00:00:00.000, updatedAt: 2024-01-01T00:00:00.000, deletedAt: null, level: 0, hasChildren: false}
✅ CategoryTree created: Clothing (Level: 0, HasChildren: false)
🏗️ Converting CategoryModel to CategoryTree: Phones
🏗️ Creating CategoryTree from JSON: Phones
   Raw JSON: {id: cat-phones, name: Phones, description: Test category description, slug: phones, image: null, status: active, sortOrder: 0, parentId: cat-electronics, parent: {id: cat-electronics, name: Electronics, description: Test category description, slug: electronics, image: null, status: active, sortOrder: 0, parentId: null, parent: null, children: null, productsCount: 0, createdAt: 2024-01-01T00:00:00.000, updatedAt: 2024-01-01T00:00:00.000, deletedAt: null}, children: null, productsCount: 0, createdAt: 2024-01-01T00:00:00.000, updatedAt: 2024-01-01T00:00:00.000, deletedAt: null, level: 1, hasChildren: false}
✅ CategoryTree created: Phones (Level: 1, HasChildren: false)
🏗️ Converting CategoryModel to CategoryTree: Laptops
🏗️ Creating CategoryTree from JSON: Laptops
   Raw JSON: {id: cat-laptops, name: Laptops, description: Test category description, slug: laptops, image: null, status: active, sortOrder: 1, parentId: cat-electronics, parent: {id: cat-electronics, name: Electronics, description: Test category description, slug: electronics, image: null, status: active, sortOrder: 0, parentId: null, parent: null, children: null, productsCount: 0, createdAt: 2024-01-01T00:00:00.000, updatedAt: 2024-01-01T00:00:00.000, deletedAt: null}, children: null, productsCount: 0, createdAt: 2024-01-01T00:00:00.000, updatedAt: 2024-01-01T00:00:00.000, deletedAt: null, level: 1, hasChildren: false}
✅ CategoryTree created: Laptops (Level: 1, HasChildren: false)
🏗️ Converting CategoryModel to CategoryTree: Mens
🏗️ Creating CategoryTree from JSON: Mens
   Raw JSON: {id: cat-mens, name: Mens, description: Test category description, slug: mens, image: null, status: active, sortOrder: 0, parentId: cat-clothing, parent: {id: cat-clothing, name: Clothing, description: Test category description, slug: clothing, image: null, status: active, sortOrder: 1, parentId: null, parent: null, children: null, productsCount: 0, createdAt: 2024-01-01T00:00:00.000, updatedAt: 2024-01-01T00:00:00.000, deletedAt: null}, children: null, productsCount: 0, createdAt: 2024-01-01T00:00:00.000, updatedAt: 2024-01-01T00:00:00.000, deletedAt: null, level: 1, hasChildren: false}
✅ CategoryTree created: Mens (Level: 1, HasChildren: false)
🏗️ Converting CategoryModel to CategoryTree: Womens
🏗️ Creating CategoryTree from JSON: Womens
   Raw JSON: {id: cat-womens, name: Womens, description: Test category description, slug: womens, image: null, status: active, sortOrder: 1, parentId: cat-clothing, parent: {id: cat-clothing, name: Clothing, description: Test category description, slug: clothing, image: null, status: active, sortOrder: 1, parentId: null, parent: null, children: null, productsCount: 0, createdAt: 2024-01-01T00:00:00.000, updatedAt: 2024-01-01T00:00:00.000, deletedAt: null}, children: null, productsCount: 0, createdAt: 2024-01-01T00:00:00.000, updatedAt: 2024-01-01T00:00:00.000, deletedAt: null, level: 1, hasChildren: false}
✅ CategoryTree created: Womens (Level: 1, HasChildren: false)
✅ CategoryRepository: Successfully converted 6 CategoryTrees
00:15 +242: /Users/mac/Documents/baudex/frontend/test/unit/data/repositories/category_repository_impl_test.dart: ... - getCategoryTree should return category tree when device is online               00:15 +242: /Users/mac/Documents/baudex/frontend/test/unit/data/repositories/category_repository_impl_test.dart: ... - getCategoryTree should cache category tree when online call succeeds            00:15 +242: /Users/mac/Documents/baudex/frontend/test/unit/data/repositories/category_repository_impl_test.dart: CategoryRepositoryImpl - getCategoryTree should cache category tree when online call succeeds
🌳 CategoryRepository: Processing 6 categories from remote
🏗️ Converting CategoryModel to CategoryTree: Electronics
🏗️ Creating CategoryTree from JSON: Electronics
   Raw JSON: {id: cat-electronics, name: Electronics, description: Test category description, slug: electronics, image: null, status: active, sortOrder: 0, parentId: null, parent: null, children: null, productsCount: 0, createdAt: 2024-01-01T00:00:00.000, updatedAt: 2024-01-01T00:00:00.000, deletedAt: null, level: 0, hasChildren: false}
✅ CategoryTree created: Electronics (Level: 0, HasChildren: false)
🏗️ Converting CategoryModel to CategoryTree: Clothing
🏗️ Creating CategoryTree from JSON: Clothing
   Raw JSON: {id: cat-clothing, name: Clothing, description: Test category description, slug: clothing, image: null, status: active, sortOrder: 1, parentId: null, parent: null, children: null, productsCount: 0, createdAt: 2024-01-01T00:00:00.000, updatedAt: 2024-01-01T00:00:00.000, deletedAt: null, level: 0, hasChildren: false}
✅ CategoryTree created: Clothing (Level: 0, HasChildren: false)
🏗️ Converting CategoryModel to CategoryTree: Phones
🏗️ Creating CategoryTree from JSON: Phones
   Raw JSON: {id: cat-phones, name: Phones, description: Test category description, slug: phones, image: null, status: active, sortOrder: 0, parentId: cat-electronics, parent: {id: cat-electronics, name: Electronics, description: Test category description, slug: electronics, image: null, status: active, sortOrder: 0, parentId: null, parent: null, children: null, productsCount: 0, createdAt: 2024-01-01T00:00:00.000, updatedAt: 2024-01-01T00:00:00.000, deletedAt: null}, children: null, productsCount: 0, createdAt: 2024-01-01T00:00:00.000, updatedAt: 2024-01-01T00:00:00.000, deletedAt: null, level: 1, hasChildren: false}
✅ CategoryTree created: Phones (Level: 1, HasChildren: false)
🏗️ Converting CategoryModel to CategoryTree: Laptops
🏗️ Creating CategoryTree from JSON: Laptops
   Raw JSON: {id: cat-laptops, name: Laptops, description: Test category description, slug: laptops, image: null, status: active, sortOrder: 1, parentId: cat-electronics, parent: {id: cat-electronics, name: Electronics, description: Test category description, slug: electronics, image: null, status: active, sortOrder: 0, parentId: null, parent: null, children: null, productsCount: 0, createdAt: 2024-01-01T00:00:00.000, updatedAt: 2024-01-01T00:00:00.000, deletedAt: null}, children: null, productsCount: 0, createdAt: 2024-01-01T00:00:00.000, updatedAt: 2024-01-01T00:00:00.000, deletedAt: null, level: 1, hasChildren: false}
✅ CategoryTree created: Laptops (Level: 1, HasChildren: false)
🏗️ Converting CategoryModel to CategoryTree: Mens
🏗️ Creating CategoryTree from JSON: Mens
   Raw JSON: {id: cat-mens, name: Mens, description: Test category description, slug: mens, image: null, status: active, sortOrder: 0, parentId: cat-clothing, parent: {id: cat-clothing, name: Clothing, description: Test category description, slug: clothing, image: null, status: active, sortOrder: 1, parentId: null, parent: null, children: null, productsCount: 0, createdAt: 2024-01-01T00:00:00.000, updatedAt: 2024-01-01T00:00:00.000, deletedAt: null}, children: null, productsCount: 0, createdAt: 2024-01-01T00:00:00.000, updatedAt: 2024-01-01T00:00:00.000, deletedAt: null, level: 1, hasChildren: false}
✅ CategoryTree created: Mens (Level: 1, HasChildren: false)
🏗️ Converting CategoryModel to CategoryTree: Womens
🏗️ Creating CategoryTree from JSON: Womens
   Raw JSON: {id: cat-womens, name: Womens, description: Test category description, slug: womens, image: null, status: active, sortOrder: 1, parentId: cat-clothing, parent: {id: cat-clothing, name: Clothing, description: Test category description, slug: clothing, image: null, status: active, sortOrder: 1, parentId: null, parent: null, children: null, productsCount: 0, createdAt: 2024-01-01T00:00:00.000, updatedAt: 2024-01-01T00:00:00.000, deletedAt: null}, children: null, productsCount: 0, createdAt: 2024-01-01T00:00:00.000, updatedAt: 2024-01-01T00:00:00.000, deletedAt: null, level: 1, hasChildren: false}
✅ CategoryTree created: Womens (Level: 1, HasChildren: false)
✅ CategoryRepository: Successfully converted 6 CategoryTrees
00:15 +243: /Users/mac/Documents/baudex/frontend/test/unit/data/repositories/category_repository_impl_test.dart: ... - getCategoryTree should cache category tree when online call succeeds            00:15 +243: /Users/mac/Documents/baudex/frontend/test/unit/data/repositories/category_repository_impl_test.dart: ... - getCategoryTree should return cached tree when device is offline                00:15 +243: /Users/mac/Documents/baudex/frontend/test/unit/data/repositories/category_repository_impl_test.dart: CategoryRepositoryImpl - getCategoryTree should return cached tree when device is offline
📂 CategoryRepository: Loading category tree from cache
🏗️ Creating CategoryTree from JSON: Electronics
   Raw JSON: {id: cat-electronics, name: Electronics, description: Test category description, slug: electronics, image: null, status: active, sortOrder: 0, parentId: null, parent: null, children: null, productsCount: 0, createdAt: 2024-01-01T00:00:00.000, updatedAt: 2024-01-01T00:00:00.000, deletedAt: null, level: 0, hasChildren: false}
✅ CategoryTree created: Electronics (Level: 0, HasChildren: false)
🏗️ Creating CategoryTree from JSON: Clothing
   Raw JSON: {id: cat-clothing, name: Clothing, description: Test category description, slug: clothing, image: null, status: active, sortOrder: 1, parentId: null, parent: null, children: null, productsCount: 0, createdAt: 2024-01-01T00:00:00.000, updatedAt: 2024-01-01T00:00:00.000, deletedAt: null, level: 0, hasChildren: false}
✅ CategoryTree created: Clothing (Level: 0, HasChildren: false)
🏗️ Creating CategoryTree from JSON: Phones
   Raw JSON: {id: cat-phones, name: Phones, description: Test category description, slug: phones, image: null, status: active, sortOrder: 0, parentId: cat-electronics, parent: {id: cat-electronics, name: Electronics, description: Test category description, slug: electronics, image: null, status: active, sortOrder: 0, parentId: null, parent: null, children: null, productsCount: 0, createdAt: 2024-01-01T00:00:00.000, updatedAt: 2024-01-01T00:00:00.000, deletedAt: null}, children: null, productsCount: 0, createdAt: 2024-01-01T00:00:00.000, updatedAt: 2024-01-01T00:00:00.000, deletedAt: null, level: 1, hasChildren: false}
✅ CategoryTree created: Phones (Level: 1, HasChildren: false)
🏗️ Creating CategoryTree from JSON: Laptops
   Raw JSON: {id: cat-laptops, name: Laptops, description: Test category description, slug: laptops, image: null, status: active, sortOrder: 1, parentId: cat-electronics, parent: {id: cat-electronics, name: Electronics, description: Test category description, slug: electronics, image: null, status: active, sortOrder: 0, parentId: null, parent: null, children: null, productsCount: 0, createdAt: 2024-01-01T00:00:00.000, updatedAt: 2024-01-01T00:00:00.000, deletedAt: null}, children: null, productsCount: 0, createdAt: 2024-01-01T00:00:00.000, updatedAt: 2024-01-01T00:00:00.000, deletedAt: null, level: 1, hasChildren: false}
✅ CategoryTree created: Laptops (Level: 1, HasChildren: false)
🏗️ Creating CategoryTree from JSON: Mens
   Raw JSON: {id: cat-mens, name: Mens, description: Test category description, slug: mens, image: null, status: active, sortOrder: 0, parentId: cat-clothing, parent: {id: cat-clothing, name: Clothing, description: Test category description, slug: clothing, image: null, status: active, sortOrder: 1, parentId: null, parent: null, children: null, productsCount: 0, createdAt: 2024-01-01T00:00:00.000, updatedAt: 2024-01-01T00:00:00.000, deletedAt: null}, children: null, productsCount: 0, createdAt: 2024-01-01T00:00:00.000, updatedAt: 2024-01-01T00:00:00.000, deletedAt: null, level: 1, hasChildren: false}
✅ CategoryTree created: Mens (Level: 1, HasChildren: false)
🏗️ Creating CategoryTree from JSON: Womens
   Raw JSON: {id: cat-womens, name: Womens, description: Test category description, slug: womens, image: null, status: active, sortOrder: 1, parentId: cat-clothing, parent: {id: cat-clothing, name: Clothing, description: Test category description, slug: clothing, image: null, status: active, sortOrder: 1, parentId: null, parent: null, children: null, productsCount: 0, createdAt: 2024-01-01T00:00:00.000, updatedAt: 2024-01-01T00:00:00.000, deletedAt: null}, children: null, productsCount: 0, createdAt: 2024-01-01T00:00:00.000, updatedAt: 2024-01-01T00:00:00.000, deletedAt: null, level: 1, hasChildren: false}
✅ CategoryTree created: Womens (Level: 1, HasChildren: false)
✅ CategoryRepository: Successfully loaded 6 CategoryTrees from cache
00:15 +244: /Users/mac/Documents/baudex/frontend/test/unit/data/repositories/category_repository_impl_test.dart: ... - getCategoryTree should return cached tree when device is offline                00:15 +244: /Users/mac/Documents/baudex/frontend/test/unit/data/repositories/category_repository_impl_test.dart: ... - getCategoryTree should return cached tree when remote call fails (fallback)     00:15 +244: /Users/mac/Documents/baudex/frontend/test/unit/data/repositories/category_repository_impl_test.dart: CategoryRepositoryImpl - getCategoryTree should return cached tree when remote call fails (fallback)
⚠️ ServerException en getCategoryTree - Usando cache...
📂 CategoryRepository: Loading category tree from cache
🏗️ Creating CategoryTree from JSON: Electronics
   Raw JSON: {id: cat-electronics, name: Electronics, description: Test category description, slug: electronics, image: null, status: active, sortOrder: 0, parentId: null, parent: null, children: null, productsCount: 0, createdAt: 2024-01-01T00:00:00.000, updatedAt: 2024-01-01T00:00:00.000, deletedAt: null, level: 0, hasChildren: false}
✅ CategoryTree created: Electronics (Level: 0, HasChildren: false)
🏗️ Creating CategoryTree from JSON: Clothing
   Raw JSON: {id: cat-clothing, name: Clothing, description: Test category description, slug: clothing, image: null, status: active, sortOrder: 1, parentId: null, parent: null, children: null, productsCount: 0, createdAt: 2024-01-01T00:00:00.000, updatedAt: 2024-01-01T00:00:00.000, deletedAt: null, level: 0, hasChildren: false}
✅ CategoryTree created: Clothing (Level: 0, HasChildren: false)
🏗️ Creating CategoryTree from JSON: Phones
   Raw JSON: {id: cat-phones, name: Phones, description: Test category description, slug: phones, image: null, status: active, sortOrder: 0, parentId: cat-electronics, parent: {id: cat-electronics, name: Electronics, description: Test category description, slug: electronics, image: null, status: active, sortOrder: 0, parentId: null, parent: null, children: null, productsCount: 0, createdAt: 2024-01-01T00:00:00.000, updatedAt: 2024-01-01T00:00:00.000, deletedAt: null}, children: null, productsCount: 0, createdAt: 2024-01-01T00:00:00.000, updatedAt: 2024-01-01T00:00:00.000, deletedAt: null, level: 1, hasChildren: false}
✅ CategoryTree created: Phones (Level: 1, HasChildren: false)
🏗️ Creating CategoryTree from JSON: Laptops
   Raw JSON: {id: cat-laptops, name: Laptops, description: Test category description, slug: laptops, image: null, status: active, sortOrder: 1, parentId: cat-electronics, parent: {id: cat-electronics, name: Electronics, description: Test category description, slug: electronics, image: null, status: active, sortOrder: 0, parentId: null, parent: null, children: null, productsCount: 0, createdAt: 2024-01-01T00:00:00.000, updatedAt: 2024-01-01T00:00:00.000, deletedAt: null}, children: null, productsCount: 0, createdAt: 2024-01-01T00:00:00.000, updatedAt: 2024-01-01T00:00:00.000, deletedAt: null, level: 1, hasChildren: false}
✅ CategoryTree created: Laptops (Level: 1, HasChildren: false)
🏗️ Creating CategoryTree from JSON: Mens
   Raw JSON: {id: cat-mens, name: Mens, description: Test category description, slug: mens, image: null, status: active, sortOrder: 0, parentId: cat-clothing, parent: {id: cat-clothing, name: Clothing, description: Test category description, slug: clothing, image: null, status: active, sortOrder: 1, parentId: null, parent: null, children: null, productsCount: 0, createdAt: 2024-01-01T00:00:00.000, updatedAt: 2024-01-01T00:00:00.000, deletedAt: null}, children: null, productsCount: 0, createdAt: 2024-01-01T00:00:00.000, updatedAt: 2024-01-01T00:00:00.000, deletedAt: null, level: 1, hasChildren: false}
✅ CategoryTree created: Mens (Level: 1, HasChildren: false)
🏗️ Creating CategoryTree from JSON: Womens
   Raw JSON: {id: cat-womens, name: Womens, description: Test category description, slug: womens, image: null, status: active, sortOrder: 1, parentId: cat-clothing, parent: {id: cat-clothing, name: Clothing, description: Test category description, slug: clothing, image: null, status: active, sortOrder: 1, parentId: null, parent: null, children: null, productsCount: 0, createdAt: 2024-01-01T00:00:00.000, updatedAt: 2024-01-01T00:00:00.000, deletedAt: null}, children: null, productsCount: 0, createdAt: 2024-01-01T00:00:00.000, updatedAt: 2024-01-01T00:00:00.000, deletedAt: null, level: 1, hasChildren: false}
✅ CategoryTree created: Womens (Level: 1, HasChildren: false)
✅ CategoryRepository: Successfully loaded 6 CategoryTrees from cache
00:15 +245: /Users/mac/Documents/baudex/frontend/test/unit/data/repositories/category_repository_impl_test.dart: ... - getCategoryTree should return cached tree when remote call fails (fallback)     00:15 +245: /Users/mac/Documents/baudex/frontend/test/unit/data/repositories/category_repository_impl_test.dart: ... - searchCategories should return search results when device is online             00:15 +246: /Users/mac/Documents/baudex/frontend/test/unit/data/repositories/category_repository_impl_test.dart: ... - searchCategories should return search results when device is online             00:15 +246: /Users/mac/Documents/baudex/frontend/test/unit/data/repositories/category_repository_impl_test.dart: ... - searchCategories should return ServerFailure when remote call fails             00:15 +247: /Users/mac/Documents/baudex/frontend/test/unit/data/repositories/category_repository_impl_test.dart: ... - searchCategories should return ServerFailure when remote call fails             00:15 +247: /Users/mac/Documents/baudex/frontend/test/unit/data/repositories/category_repository_impl_test.dart: ... - searchCategories should return ConnectionFailure when device is offline         00:15 +248: /Users/mac/Documents/baudex/frontend/test/unit/data/repositories/category_repository_impl_test.dart: ... - searchCategories should return ConnectionFailure when device is offline         00:15 +248: /Users/mac/Documents/baudex/frontend/test/unit/data/repositories/category_repository_impl_test.dart: CategoryRepositoryImpl - createCategory should create category when device is online  00:15 +249: /Users/mac/Documents/baudex/frontend/test/unit/data/repositories/category_repository_impl_test.dart: CategoryRepositoryImpl - createCategory should create category when device is online  00:15 +249: /Users/mac/Documents/baudex/frontend/test/unit/data/repositories/category_repository_impl_test.dart: CategoryRepositoryImpl - createCategory should cache created category                 00:15 +250: /Users/mac/Documents/baudex/frontend/test/unit/data/repositories/category_repository_impl_test.dart: CategoryRepositoryImpl - createCategory should cache created category                 00:15 +250: /Users/mac/Documents/baudex/frontend/test/unit/data/repositories/category_repository_impl_test.dart: ... - createCategory should fallback to offline creation when server fails            00:15 +250: /Users/mac/Documents/baudex/frontend/test/unit/data/repositories/category_repository_impl_test.dart: CategoryRepositoryImpl - createCategory should fallback to offline creation when server fails
⚠️ ServerException al crear categoría: Server error - Creando offline...
📱 CategoryRepository: Creating category offline: Test Category
⚠️ Error agregando a cola: "SyncService" not found. You need to call "Get.put(SyncService())" or "Get.lazyPut(()=>SyncService())"
✅ Category created offline successfully
00:15 +251: /Users/mac/Documents/baudex/frontend/test/unit/data/repositories/category_repository_impl_test.dart: ... - createCategory should fallback to offline creation when server fails            00:15 +251: /Users/mac/Documents/baudex/frontend/test/unit/data/repositories/category_repository_impl_test.dart: CategoryRepositoryImpl - createCategory should create offline when device is offline  00:15 +251: /Users/mac/Documents/baudex/frontend/test/unit/data/repositories/category_repository_impl_test.dart: CategoryRepositoryImpl - createCategory should create offline when device is offline  
📱 CategoryRepository: Creating category offline: Test Category
⚠️ Error agregando a cola: "SyncService" not found. You need to call "Get.put(SyncService())" or "Get.lazyPut(()=>SyncService())"
✅ Category created offline successfully
00:15 +252: /Users/mac/Documents/baudex/frontend/test/unit/data/repositories/category_repository_impl_test.dart: CategoryRepositoryImpl - createCategory should create offline when device is offline  00:15 +252: /Users/mac/Documents/baudex/frontend/test/unit/data/repositories/category_repository_impl_test.dart: CategoryRepositoryImpl - updateCategory should update category when device is online  00:15 +253: /Users/mac/Documents/baudex/frontend/test/unit/data/repositories/category_repository_impl_test.dart: CategoryRepositoryImpl - updateCategory should update category when device is online  00:15 +253: /Users/mac/Documents/baudex/frontend/test/unit/data/repositories/category_repository_impl_test.dart: CategoryRepositoryImpl - updateCategory should cache updated category                 00:15 +254: /Users/mac/Documents/baudex/frontend/test/unit/data/repositories/category_repository_impl_test.dart: CategoryRepositoryImpl - updateCategory should cache updated category                 00:15 +254: /Users/mac/Documents/baudex/frontend/test/unit/data/repositories/category_repository_impl_test.dart: ... - updateCategory should fallback to offline update when server fails              00:15 +254: /Users/mac/Documents/baudex/frontend/test/unit/data/repositories/category_repository_impl_test.dart: CategoryRepositoryImpl - updateCategory should fallback to offline update when server fails
⚠️ ServerException al actualizar categoría: Server error - Actualizando offline...
📱 CategoryRepository: Updating category offline: cat-001
⚠️ Error agregando a cola: "SyncService" not found. You need to call "Get.put(SyncService())" or "Get.lazyPut(()=>SyncService())"
✅ Category updated offline successfully
00:15 +255: /Users/mac/Documents/baudex/frontend/test/unit/data/repositories/category_repository_impl_test.dart: ... - updateCategory should fallback to offline update when server fails              00:15 +255: /Users/mac/Documents/baudex/frontend/test/unit/data/repositories/category_repository_impl_test.dart: CategoryRepositoryImpl - updateCategory should update offline when device is offline  00:15 +255: /Users/mac/Documents/baudex/frontend/test/unit/data/repositories/category_repository_impl_test.dart: CategoryRepositoryImpl - updateCategory should update offline when device is offline  
📱 CategoryRepository: Updating category offline: cat-001
⚠️ Error agregando a cola: "SyncService" not found. You need to call "Get.put(SyncService())" or "Get.lazyPut(()=>SyncService())"
✅ Category updated offline successfully
00:15 +256: /Users/mac/Documents/baudex/frontend/test/unit/data/repositories/category_repository_impl_test.dart: CategoryRepositoryImpl - updateCategory should update offline when device is offline  00:15 +256: /Users/mac/Documents/baudex/frontend/test/unit/data/repositories/category_repository_impl_test.dart: CategoryRepositoryImpl - deleteCategory should delete category when device is online  00:15 +256: /Users/mac/Documents/baudex/frontend/test/unit/data/repositories/category_repository_impl_test.dart: CategoryRepositoryImpl - deleteCategory should delete category when device is online  
⚠️ Error actualizando ISAR (no crítico): Exception: ISAR database not initialized. Call initialize() first.
00:15 +257: /Users/mac/Documents/baudex/frontend/test/unit/data/repositories/category_repository_impl_test.dart: CategoryRepositoryImpl - deleteCategory should delete category when device is online  00:15 +257: /Users/mac/Documents/baudex/frontend/test/unit/data/repositories/category_repository_impl_test.dart: ... - deleteCategory should remove from cache after successful deletion               00:15 +257: /Users/mac/Documents/baudex/frontend/test/unit/data/repositories/category_repository_impl_test.dart: CategoryRepositoryImpl - deleteCategory should remove from cache after successful deletion
⚠️ Error actualizando ISAR (no crítico): Exception: ISAR database not initialized. Call initialize() first.
00:15 +258: /Users/mac/Documents/baudex/frontend/test/unit/data/repositories/category_repository_impl_test.dart: ... - deleteCategory should remove from cache after successful deletion               00:15 +258: /Users/mac/Documents/baudex/frontend/test/unit/data/repositories/category_repository_impl_test.dart: ... - deleteCategory should fallback to offline delete when server fails              00:15 +258: /Users/mac/Documents/baudex/frontend/test/unit/data/repositories/category_repository_impl_test.dart: CategoryRepositoryImpl - deleteCategory should fallback to offline delete when server fails
⚠️ [CATEGORY_REPO] ServerException al eliminar: Server error - Fallback offline...
📱 CategoryRepository: Deleting category offline: cat-001
⚠️ Error actualizando ISAR (no crítico): Exception: ISAR database not initialized. Call initialize() first.
⚠️ Error agregando a cola: "SyncService" not found. You need to call "Get.put(SyncService())" or "Get.lazyPut(()=>SyncService())"
✅ Category deleted offline successfully
00:15 +259: /Users/mac/Documents/baudex/frontend/test/unit/data/repositories/category_repository_impl_test.dart: ... - deleteCategory should fallback to offline delete when server fails              00:15 +259: /Users/mac/Documents/baudex/frontend/test/unit/data/repositories/category_repository_impl_test.dart: CategoryRepositoryImpl - deleteCategory should delete offline when device is offline  00:15 +259: /Users/mac/Documents/baudex/frontend/test/unit/data/repositories/category_repository_impl_test.dart: CategoryRepositoryImpl - deleteCategory should delete offline when device is offline  
📱 CategoryRepository: Deleting category offline: cat-001
⚠️ Error actualizando ISAR (no crítico): Exception: ISAR database not initialized. Call initialize() first.
⚠️ Error agregando a cola: "SyncService" not found. You need to call "Get.put(SyncService())" or "Get.lazyPut(()=>SyncService())"
✅ Category deleted offline successfully
00:15 +260: /Users/mac/Documents/baudex/frontend/test/unit/data/repositories/category_repository_impl_test.dart: CategoryRepositoryImpl - deleteCategory should delete offline when device is offline  00:15 +260: loading /Users/mac/Documents/baudex/frontend/test/unit/data/models/isar_product_test.dart                                                                                                  00:15 +260: /Users/mac/Documents/baudex/frontend/test/unit/data/models/isar_product_test.dart: IsarProduct fromEntity should convert Product entity to IsarProduct                                     00:15 +261: /Users/mac/Documents/baudex/frontend/test/unit/data/models/isar_product_test.dart: IsarProduct fromEntity should convert Product entity to IsarProduct                                     00:15 +261: /Users/mac/Documents/baudex/frontend/test/unit/data/models/isar_product_test.dart: IsarProduct fromEntity should map ProductType enum to IsarProductType                                   00:15 +262: /Users/mac/Documents/baudex/frontend/test/unit/data/models/isar_product_test.dart: IsarProduct fromEntity should map ProductType enum to IsarProductType                                   00:15 +262: /Users/mac/Documents/baudex/frontend/test/unit/data/models/isar_product_test.dart: IsarProduct fromEntity should map ProductStatus enum to IsarProductStatus                               00:15 +263: /Users/mac/Documents/baudex/frontend/test/unit/data/models/isar_product_test.dart: IsarProduct fromEntity should map ProductStatus enum to IsarProductStatus                               00:15 +263: /Users/mac/Documents/baudex/frontend/test/unit/data/models/isar_product_test.dart: IsarProduct fromEntity should mark as synced by default                                                 00:15 +264: /Users/mac/Documents/baudex/frontend/test/unit/data/models/isar_product_test.dart: IsarProduct fromEntity should mark as synced by default                                                 00:15 +264: /Users/mac/Documents/baudex/frontend/test/unit/data/models/isar_product_test.dart: IsarProduct fromEntity should handle null optional fields                                               00:15 +265: /Users/mac/Documents/baudex/frontend/test/unit/data/models/isar_product_test.dart: IsarProduct fromEntity should handle null optional fields                                               00:15 +265: /Users/mac/Documents/baudex/frontend/test/unit/data/models/isar_product_test.dart: IsarProduct fromEntity should convert prices to IsarProductPrice list                                   00:15 +266: /Users/mac/Documents/baudex/frontend/test/unit/data/models/isar_product_test.dart: IsarProduct fromEntity should convert prices to IsarProductPrice list                                   00:15 +266: /Users/mac/Documents/baudex/frontend/test/unit/data/models/isar_product_test.dart: IsarProduct fromEntity should handle empty prices list                                                  00:15 +267: /Users/mac/Documents/baudex/frontend/test/unit/data/models/isar_product_test.dart: IsarProduct fromEntity should handle empty prices list                                                  00:15 +267: /Users/mac/Documents/baudex/frontend/test/unit/data/models/isar_product_test.dart: IsarProduct toEntity should convert IsarProduct to Product entity                                       00:15 +268: /Users/mac/Documents/baudex/frontend/test/unit/data/models/isar_product_test.dart: IsarProduct toEntity should convert IsarProduct to Product entity                                       00:15 +268: /Users/mac/Documents/baudex/frontend/test/unit/data/models/isar_product_test.dart: IsarProduct toEntity should map IsarProductType to ProductType enum                                     00:15 +269: /Users/mac/Documents/baudex/frontend/test/unit/data/models/isar_product_test.dart: IsarProduct toEntity should map IsarProductType to ProductType enum                                     00:15 +269: /Users/mac/Documents/baudex/frontend/test/unit/data/models/isar_product_test.dart: IsarProduct toEntity should map IsarProductStatus to ProductStatus enum                                 00:15 +270: /Users/mac/Documents/baudex/frontend/test/unit/data/models/isar_product_test.dart: IsarProduct toEntity should map IsarProductStatus to ProductStatus enum                                 00:15 +270: /Users/mac/Documents/baudex/frontend/test/unit/data/models/isar_product_test.dart: IsarProduct toEntity should convert IsarProductPrice list to ProductPrice entities                      00:15 +271: /Users/mac/Documents/baudex/frontend/test/unit/data/models/isar_product_test.dart: IsarProduct toEntity should convert IsarProductPrice list to ProductPrice entities                      00:15 +271: /Users/mac/Documents/baudex/frontend/test/unit/data/models/isar_product_test.dart: IsarProduct utility methods isDeleted should return true when deletedAt is set                          00:15 +272: /Users/mac/Documents/baudex/frontend/test/unit/data/models/isar_product_test.dart: IsarProduct utility methods isDeleted should return true when deletedAt is set                          00:15 +272: /Users/mac/Documents/baudex/frontend/test/unit/data/models/isar_product_test.dart: IsarProduct utility methods isDeleted should return false when deletedAt is null                        00:15 +273: /Users/mac/Documents/baudex/frontend/test/unit/data/models/isar_product_test.dart: IsarProduct utility methods isDeleted should return false when deletedAt is null                        00:15 +273: /Users/mac/Documents/baudex/frontend/test/unit/data/models/isar_product_test.dart: IsarProduct utility methods isActive should return true when status is active and not deleted           00:15 +274: /Users/mac/Documents/baudex/frontend/test/unit/data/models/isar_product_test.dart: IsarProduct utility methods isActive should return true when status is active and not deleted           00:15 +274: /Users/mac/Documents/baudex/frontend/test/unit/data/models/isar_product_test.dart: IsarProduct utility methods isActive should return false when deleted                                   00:15 +275: /Users/mac/Documents/baudex/frontend/test/unit/data/models/isar_product_test.dart: IsarProduct utility methods isActive should return false when deleted                                   00:15 +275: /Users/mac/Documents/baudex/frontend/test/unit/data/models/isar_product_test.dart: IsarProduct utility methods isActive should return false when status is inactive                        00:15 +276: /Users/mac/Documents/baudex/frontend/test/unit/data/models/isar_product_test.dart: IsarProduct utility methods isActive should return false when status is inactive                        00:15 +276: /Users/mac/Documents/baudex/frontend/test/unit/data/models/isar_product_test.dart: IsarProduct utility methods isLowStock should return true when stock <= minStock                        00:15 +277: /Users/mac/Documents/baudex/frontend/test/unit/data/models/isar_product_test.dart: IsarProduct utility methods isLowStock should return true when stock <= minStock                        00:15 +277: /Users/mac/Documents/baudex/frontend/test/unit/data/models/isar_product_test.dart: IsarProduct utility methods isLowStock should return false when stock > minStock                        00:15 +278: /Users/mac/Documents/baudex/frontend/test/unit/data/models/isar_product_test.dart: IsarProduct utility methods isLowStock should return false when stock > minStock                        00:15 +278: /Users/mac/Documents/baudex/frontend/test/unit/data/models/isar_product_test.dart: IsarProduct utility methods needsSync should return true when isSynced is false                         00:15 +279: /Users/mac/Documents/baudex/frontend/test/unit/data/models/isar_product_test.dart: IsarProduct utility methods needsSync should return true when isSynced is false                         00:15 +279: /Users/mac/Documents/baudex/frontend/test/unit/data/models/isar_product_test.dart: IsarProduct utility methods needsSync should return false when isSynced is true                         00:15 +280: /Users/mac/Documents/baudex/frontend/test/unit/data/models/isar_product_test.dart: IsarProduct utility methods needsSync should return false when isSynced is true                         00:15 +280: /Users/mac/Documents/baudex/frontend/test/unit/data/models/isar_product_test.dart: IsarProduct sync methods markAsUnsynced should set isSynced to false                                    00:15 +281: /Users/mac/Documents/baudex/frontend/test/unit/data/models/isar_product_test.dart: IsarProduct sync methods markAsUnsynced should set isSynced to false                                    00:15 +281: /Users/mac/Documents/baudex/frontend/test/unit/data/models/isar_product_test.dart: IsarProduct sync methods markAsUnsynced should update updatedAt timestamp                               00:15 +282: /Users/mac/Documents/baudex/frontend/test/unit/data/models/isar_product_test.dart: IsarProduct sync methods markAsUnsynced should update updatedAt timestamp                               00:15 +282: /Users/mac/Documents/baudex/frontend/test/unit/data/models/isar_product_test.dart: IsarProduct sync methods markAsSynced should set isSynced to true                                       00:15 +283: /Users/mac/Documents/baudex/frontend/test/unit/data/models/isar_product_test.dart: IsarProduct sync methods markAsSynced should set isSynced to true                                       00:15 +283: /Users/mac/Documents/baudex/frontend/test/unit/data/models/isar_product_test.dart: IsarProduct sync methods markAsSynced should update lastSyncAt timestamp                                00:15 +284: /Users/mac/Documents/baudex/frontend/test/unit/data/models/isar_product_test.dart: IsarProduct sync methods markAsSynced should update lastSyncAt timestamp                                00:15 +284: /Users/mac/Documents/baudex/frontend/test/unit/data/models/isar_product_test.dart: IsarProduct soft delete softDelete should set deletedAt timestamp                                       00:15 +285: /Users/mac/Documents/baudex/frontend/test/unit/data/models/isar_product_test.dart: IsarProduct soft delete softDelete should set deletedAt timestamp                                       00:15 +285: /Users/mac/Documents/baudex/frontend/test/unit/data/models/isar_product_test.dart: IsarProduct soft delete softDelete should mark as unsynced                                              00:15 +286: /Users/mac/Documents/baudex/frontend/test/unit/data/models/isar_product_test.dart: IsarProduct soft delete softDelete should mark as unsynced                                              00:15 +286: /Users/mac/Documents/baudex/frontend/test/unit/data/models/isar_product_test.dart: IsarProduct entity roundtrip should maintain data integrity through fromEntity -> toEntity              00:15 +287: /Users/mac/Documents/baudex/frontend/test/unit/data/models/isar_product_test.dart: IsarProduct entity roundtrip should maintain data integrity through fromEntity -> toEntity              00:15 +287: /Users/mac/Documents/baudex/frontend/test/unit/data/models/isar_product_test.dart: IsarProduct entity roundtrip should handle low stock product roundtrip                                  00:15 +288: /Users/mac/Documents/baudex/frontend/test/unit/data/models/isar_product_test.dart: IsarProduct entity roundtrip should handle low stock product roundtrip                                  00:15 +288: /Users/mac/Documents/baudex/frontend/test/unit/data/models/isar_product_test.dart: IsarProduct entity roundtrip should handle service product roundtrip                                    00:15 +289: /Users/mac/Documents/baudex/frontend/test/unit/data/models/isar_product_test.dart: IsarProduct entity roundtrip should handle service product roundtrip                                    00:15 +289: /Users/mac/Documents/baudex/frontend/test/unit/data/models/isar_product_test.dart: IsarProduct entity roundtrip should handle product with multiple prices roundtrip                       00:15 +290: /Users/mac/Documents/baudex/frontend/test/unit/data/models/isar_product_test.dart: IsarProduct entity roundtrip should handle product with multiple prices roundtrip                       00:15 +290: /Users/mac/Documents/baudex/frontend/test/unit/data/models/isar_product_test.dart: IsarProduct toString should return formatted string representation                                      00:15 +291: /Users/mac/Documents/baudex/frontend/test/unit/data/models/isar_product_test.dart: IsarProduct toString should return formatted string representation                                      00:16 +291: /Users/mac/Documents/baudex/frontend/test/unit/data/models/isar_product_test.dart: IsarProduct toString should return formatted string representation                                      00:16 +291: loading /Users/mac/Documents/baudex/frontend/test/unit/data/models/category_model_test.dart                                                                                                00:16 +291: /Users/mac/Documents/baudex/frontend/test/unit/data/models/category_model_test.dart: CategoryModel fromJson should return valid CategoryModel from JSON                                    00:16 +291: /Users/mac/Documents/baudex/frontend/test/unit/data/models/category_model_test.dart: CategoryModel fromJson should return valid CategoryModel from JSON                                    
🏗️ CategoryModel.fromJson processing: Test Category
   Available fields: [id, name, description, slug, image, status, sortOrder, parentId, parent, children, productsCount, createdAt, updatedAt, deletedAt]
00:16 +292: /Users/mac/Documents/baudex/frontend/test/unit/data/models/category_model_test.dart: CategoryModel fromJson should return valid CategoryModel from JSON                                    00:16 +292: /Users/mac/Documents/baudex/frontend/test/unit/data/models/category_model_test.dart: CategoryModel fromJson should handle null optional fields                                             00:16 +292: /Users/mac/Documents/baudex/frontend/test/unit/data/models/category_model_test.dart: CategoryModel fromJson should handle null optional fields                                             
🏗️ CategoryModel.fromJson processing: Test Category
   Available fields: [id, name, description, slug, image, status, sortOrder, parentId, parent, children, productsCount, createdAt, updatedAt, deletedAt]
00:16 +293: /Users/mac/Documents/baudex/frontend/test/unit/data/models/category_model_test.dart: CategoryModel fromJson should handle null optional fields                                             00:16 +293: /Users/mac/Documents/baudex/frontend/test/unit/data/models/category_model_test.dart: CategoryModel fromJson should parse sortOrder as int from number                                      00:16 +293: /Users/mac/Documents/baudex/frontend/test/unit/data/models/category_model_test.dart: CategoryModel fromJson should parse sortOrder as int from number                                      
🏗️ CategoryModel.fromJson processing: Test Category
   Available fields: [id, name, description, slug, image, status, sortOrder, parentId, parent, children, productsCount, createdAt, updatedAt, deletedAt]
00:16 +294: /Users/mac/Documents/baudex/frontend/test/unit/data/models/category_model_test.dart: CategoryModel fromJson should parse sortOrder as int from number                                      00:16 +294: /Users/mac/Documents/baudex/frontend/test/unit/data/models/category_model_test.dart: CategoryModel fromJson should parse sortOrder as int from double                                      00:16 +294: /Users/mac/Documents/baudex/frontend/test/unit/data/models/category_model_test.dart: CategoryModel fromJson should parse sortOrder as int from double                                      
🏗️ CategoryModel.fromJson processing: Test Category
   Available fields: [id, name, description, slug, image, status, sortOrder, parentId, parent, children, productsCount, createdAt, updatedAt, deletedAt]
00:16 +295: /Users/mac/Documents/baudex/frontend/test/unit/data/models/category_model_test.dart: CategoryModel fromJson should parse sortOrder as int from double                                      00:16 +295: /Users/mac/Documents/baudex/frontend/test/unit/data/models/category_model_test.dart: CategoryModel fromJson should default sortOrder to 0 when null                                        00:16 +295: /Users/mac/Documents/baudex/frontend/test/unit/data/models/category_model_test.dart: CategoryModel fromJson should default sortOrder to 0 when null                                        
🏗️ CategoryModel.fromJson processing: Test Category
   Available fields: [id, name, description, slug, image, status, sortOrder, parentId, parent, children, productsCount, createdAt, updatedAt, deletedAt]
00:16 +296: /Users/mac/Documents/baudex/frontend/test/unit/data/models/category_model_test.dart: CategoryModel fromJson should default sortOrder to 0 when null                                        00:16 +296: /Users/mac/Documents/baudex/frontend/test/unit/data/models/category_model_test.dart: CategoryModel fromJson should parse productsCount as int from number                                  00:16 +296: /Users/mac/Documents/baudex/frontend/test/unit/data/models/category_model_test.dart: CategoryModel fromJson should parse productsCount as int from number                                  
🏗️ CategoryModel.fromJson processing: Test Category
   Available fields: [id, name, description, slug, image, status, sortOrder, parentId, parent, children, productsCount, createdAt, updatedAt, deletedAt]
00:16 +297: /Users/mac/Documents/baudex/frontend/test/unit/data/models/category_model_test.dart: CategoryModel fromJson should parse productsCount as int from number                                  00:16 +297: /Users/mac/Documents/baudex/frontend/test/unit/data/models/category_model_test.dart: CategoryModel fromJson should parse productsCount as int from double                                  00:16 +297: /Users/mac/Documents/baudex/frontend/test/unit/data/models/category_model_test.dart: CategoryModel fromJson should parse productsCount as int from double                                  
🏗️ CategoryModel.fromJson processing: Test Category
   Available fields: [id, name, description, slug, image, status, sortOrder, parentId, parent, children, productsCount, createdAt, updatedAt, deletedAt]
00:16 +298: /Users/mac/Documents/baudex/frontend/test/unit/data/models/category_model_test.dart: CategoryModel fromJson should parse productsCount as int from double                                  00:16 +298: /Users/mac/Documents/baudex/frontend/test/unit/data/models/category_model_test.dart: CategoryModel fromJson should parse parent object correctly                                           00:16 +298: /Users/mac/Documents/baudex/frontend/test/unit/data/models/category_model_test.dart: CategoryModel fromJson should parse parent object correctly                                           
🏗️ CategoryModel.fromJson processing: Test Category
   Available fields: [id, name, description, slug, image, status, sortOrder, parentId, parent, children, productsCount, createdAt, updatedAt, deletedAt]
🏗️ CategoryModel.fromJson processing: Parent Category
   Available fields: [id, name, slug, status, sortOrder, createdAt, updatedAt]
00:16 +299: /Users/mac/Documents/baudex/frontend/test/unit/data/models/category_model_test.dart: CategoryModel fromJson should parse parent object correctly                                           00:16 +299: /Users/mac/Documents/baudex/frontend/test/unit/data/models/category_model_test.dart: CategoryModel fromJson should parse children array correctly                                          00:16 +299: /Users/mac/Documents/baudex/frontend/test/unit/data/models/category_model_test.dart: CategoryModel fromJson should parse children array correctly                                          
🏗️ CategoryModel.fromJson processing: Test Category
   Available fields: [id, name, description, slug, image, status, sortOrder, parentId, parent, children, productsCount, createdAt, updatedAt, deletedAt]
🏗️ CategoryModel.fromJson processing: Child 1
   Available fields: [id, name, slug, status, sortOrder, createdAt, updatedAt]
🏗️ CategoryModel.fromJson processing: Child 2
   Available fields: [id, name, slug, status, sortOrder, createdAt, updatedAt]
00:16 +300: /Users/mac/Documents/baudex/frontend/test/unit/data/models/category_model_test.dart: CategoryModel fromJson should parse children array correctly                                          00:16 +300: /Users/mac/Documents/baudex/frontend/test/unit/data/models/category_model_test.dart: CategoryModel fromJson should parse status as active                                                  00:16 +300: /Users/mac/Documents/baudex/frontend/test/unit/data/models/category_model_test.dart: CategoryModel fromJson should parse status as active                                                  
🏗️ CategoryModel.fromJson processing: Test Category
   Available fields: [id, name, description, slug, image, status, sortOrder, parentId, parent, children, productsCount, createdAt, updatedAt, deletedAt]
00:16 +301: /Users/mac/Documents/baudex/frontend/test/unit/data/models/category_model_test.dart: CategoryModel fromJson should parse status as active                                                  00:16 +301: /Users/mac/Documents/baudex/frontend/test/unit/data/models/category_model_test.dart: CategoryModel fromJson should parse status as inactive                                                00:16 +301: /Users/mac/Documents/baudex/frontend/test/unit/data/models/category_model_test.dart: CategoryModel fromJson should parse status as inactive                                                
🏗️ CategoryModel.fromJson processing: Test Category
   Available fields: [id, name, description, slug, image, status, sortOrder, parentId, parent, children, productsCount, createdAt, updatedAt, deletedAt]
00:16 +302: /Users/mac/Documents/baudex/frontend/test/unit/data/models/category_model_test.dart: CategoryModel fromJson should parse status as inactive                                                00:16 +302: /Users/mac/Documents/baudex/frontend/test/unit/data/models/category_model_test.dart: CategoryModel fromJson should default to active when status is null                                   00:16 +302: /Users/mac/Documents/baudex/frontend/test/unit/data/models/category_model_test.dart: CategoryModel fromJson should default to active when status is null                                   
🏗️ CategoryModel.fromJson processing: Test Category
   Available fields: [id, name, description, slug, image, status, sortOrder, parentId, parent, children, productsCount, createdAt, updatedAt, deletedAt]
00:16 +303: /Users/mac/Documents/baudex/frontend/test/unit/data/models/category_model_test.dart: CategoryModel fromJson should default to active when status is null                                   00:16 +303: /Users/mac/Documents/baudex/frontend/test/unit/data/models/category_model_test.dart: CategoryModel fromJson should default to active when status is unknown                                00:16 +303: /Users/mac/Documents/baudex/frontend/test/unit/data/models/category_model_test.dart: CategoryModel fromJson should default to active when status is unknown                                
🏗️ CategoryModel.fromJson processing: Test Category
   Available fields: [id, name, description, slug, image, status, sortOrder, parentId, parent, children, productsCount, createdAt, updatedAt, deletedAt]
00:16 +304: /Users/mac/Documents/baudex/frontend/test/unit/data/models/category_model_test.dart: CategoryModel fromJson should default to active when status is unknown                                00:16 +304: /Users/mac/Documents/baudex/frontend/test/unit/data/models/category_model_test.dart: CategoryModel fromJson should parse createdAt as DateTime                                             00:16 +304: /Users/mac/Documents/baudex/frontend/test/unit/data/models/category_model_test.dart: CategoryModel fromJson should parse createdAt as DateTime                                             
🏗️ CategoryModel.fromJson processing: Test Category
   Available fields: [id, name, description, slug, image, status, sortOrder, parentId, parent, children, productsCount, createdAt, updatedAt, deletedAt]
00:16 +305: /Users/mac/Documents/baudex/frontend/test/unit/data/models/category_model_test.dart: CategoryModel fromJson should parse createdAt as DateTime                                             00:16 +305: /Users/mac/Documents/baudex/frontend/test/unit/data/models/category_model_test.dart: CategoryModel fromJson should use DateTime.now() when createdAt is null                               00:16 +305: /Users/mac/Documents/baudex/frontend/test/unit/data/models/category_model_test.dart: CategoryModel fromJson should use DateTime.now() when createdAt is null                               
🏗️ CategoryModel.fromJson processing: Test Category
   Available fields: [id, name, description, slug, image, status, sortOrder, parentId, parent, children, productsCount, createdAt, updatedAt, deletedAt]
00:16 +306: /Users/mac/Documents/baudex/frontend/test/unit/data/models/category_model_test.dart: CategoryModel fromJson should use DateTime.now() when createdAt is null                               00:16 +306: /Users/mac/Documents/baudex/frontend/test/unit/data/models/category_model_test.dart: CategoryModel fromJson should parse updatedAt as DateTime                                             00:16 +306: /Users/mac/Documents/baudex/frontend/test/unit/data/models/category_model_test.dart: CategoryModel fromJson should parse updatedAt as DateTime                                             
🏗️ CategoryModel.fromJson processing: Test Category
   Available fields: [id, name, description, slug, image, status, sortOrder, parentId, parent, children, productsCount, createdAt, updatedAt, deletedAt]
00:16 +307: /Users/mac/Documents/baudex/frontend/test/unit/data/models/category_model_test.dart: CategoryModel fromJson should parse updatedAt as DateTime                                             00:16 +307: /Users/mac/Documents/baudex/frontend/test/unit/data/models/category_model_test.dart: CategoryModel fromJson should use DateTime.now() when updatedAt is null                               00:16 +307: /Users/mac/Documents/baudex/frontend/test/unit/data/models/category_model_test.dart: CategoryModel fromJson should use DateTime.now() when updatedAt is null                               
🏗️ CategoryModel.fromJson processing: Test Category
   Available fields: [id, name, description, slug, image, status, sortOrder, parentId, parent, children, productsCount, createdAt, updatedAt, deletedAt]
00:16 +308: /Users/mac/Documents/baudex/frontend/test/unit/data/models/category_model_test.dart: CategoryModel fromJson should use DateTime.now() when updatedAt is null                               00:16 +308: /Users/mac/Documents/baudex/frontend/test/unit/data/models/category_model_test.dart: CategoryModel fromJson should parse deletedAt when present                                            00:16 +308: /Users/mac/Documents/baudex/frontend/test/unit/data/models/category_model_test.dart: CategoryModel fromJson should parse deletedAt when present                                            
🏗️ CategoryModel.fromJson processing: Test Category
   Available fields: [id, name, description, slug, image, status, sortOrder, parentId, parent, children, productsCount, createdAt, updatedAt, deletedAt]
00:16 +309: /Users/mac/Documents/baudex/frontend/test/unit/data/models/category_model_test.dart: CategoryModel fromJson should parse deletedAt when present                                            00:16 +309: /Users/mac/Documents/baudex/frontend/test/unit/data/models/category_model_test.dart: CategoryModel fromJson should handle null deletedAt                                                   00:16 +309: /Users/mac/Documents/baudex/frontend/test/unit/data/models/category_model_test.dart: CategoryModel fromJson should handle null deletedAt                                                   
🏗️ CategoryModel.fromJson processing: Test Category
   Available fields: [id, name, description, slug, image, status, sortOrder, parentId, parent, children, productsCount, createdAt, updatedAt, deletedAt]
00:16 +310: /Users/mac/Documents/baudex/frontend/test/unit/data/models/category_model_test.dart: CategoryModel fromJson should handle null deletedAt                                                   00:16 +310: /Users/mac/Documents/baudex/frontend/test/unit/data/models/category_model_test.dart: CategoryModel toJson should return valid JSON map                                                     00:16 +311: /Users/mac/Documents/baudex/frontend/test/unit/data/models/category_model_test.dart: CategoryModel toJson should return valid JSON map                                                     00:16 +311: /Users/mac/Documents/baudex/frontend/test/unit/data/models/category_model_test.dart: CategoryModel toJson should serialize dates as ISO 8601 strings                                       00:16 +312: /Users/mac/Documents/baudex/frontend/test/unit/data/models/category_model_test.dart: CategoryModel toJson should serialize dates as ISO 8601 strings                                       00:16 +312: /Users/mac/Documents/baudex/frontend/test/unit/data/models/category_model_test.dart: CategoryModel toJson should serialize null fields as null                                             00:16 +313: /Users/mac/Documents/baudex/frontend/test/unit/data/models/category_model_test.dart: CategoryModel toJson should serialize null fields as null                                             00:16 +313: /Users/mac/Documents/baudex/frontend/test/unit/data/models/category_model_test.dart: CategoryModel toJson should serialize status as string                                                00:16 +314: /Users/mac/Documents/baudex/frontend/test/unit/data/models/category_model_test.dart: CategoryModel toJson should serialize status as string                                                00:16 +314: /Users/mac/Documents/baudex/frontend/test/unit/data/models/category_model_test.dart: CategoryModel toJson should serialize inactive status as string                                       00:16 +315: /Users/mac/Documents/baudex/frontend/test/unit/data/models/category_model_test.dart: CategoryModel toJson should serialize inactive status as string                                       00:16 +315: /Users/mac/Documents/baudex/frontend/test/unit/data/models/category_model_test.dart: CategoryModel toJson should serialize parent when present                                             00:16 +316: /Users/mac/Documents/baudex/frontend/test/unit/data/models/category_model_test.dart: CategoryModel toJson should serialize parent when present                                             00:16 +316: /Users/mac/Documents/baudex/frontend/test/unit/data/models/category_model_test.dart: CategoryModel toJson should serialize children array when present                                     00:16 +317: /Users/mac/Documents/baudex/frontend/test/unit/data/models/category_model_test.dart: CategoryModel toJson should serialize children array when present                                     00:16 +317: /Users/mac/Documents/baudex/frontend/test/unit/data/models/category_model_test.dart: CategoryModel toJson should serialize deletedAt when present                                          00:16 +318: /Users/mac/Documents/baudex/frontend/test/unit/data/models/category_model_test.dart: CategoryModel toJson should serialize deletedAt when present                                          00:16 +318: /Users/mac/Documents/baudex/frontend/test/unit/data/models/category_model_test.dart: CategoryModel toJson should serialize null deletedAt                                                  00:16 +319: /Users/mac/Documents/baudex/frontend/test/unit/data/models/category_model_test.dart: CategoryModel toJson should serialize null deletedAt                                                  00:16 +319: /Users/mac/Documents/baudex/frontend/test/unit/data/models/category_model_test.dart: CategoryModel toEntity should convert to Category entity                                              00:16 +320: /Users/mac/Documents/baudex/frontend/test/unit/data/models/category_model_test.dart: CategoryModel toEntity should convert to Category entity                                              00:16 +320: /Users/mac/Documents/baudex/frontend/test/unit/data/models/category_model_test.dart: CategoryModel toEntity should preserve all fields                                                     00:16 +321: /Users/mac/Documents/baudex/frontend/test/unit/data/models/category_model_test.dart: CategoryModel toEntity should preserve all fields                                                     00:16 +321: /Users/mac/Documents/baudex/frontend/test/unit/data/models/category_model_test.dart: CategoryModel toEntity should preserve status                                                         00:16 +322: /Users/mac/Documents/baudex/frontend/test/unit/data/models/category_model_test.dart: CategoryModel toEntity should preserve status                                                         00:16 +322: /Users/mac/Documents/baudex/frontend/test/unit/data/models/category_model_test.dart: CategoryModel toEntity should handle null optional fields                                             00:16 +323: /Users/mac/Documents/baudex/frontend/test/unit/data/models/category_model_test.dart: CategoryModel toEntity should handle null optional fields                                             00:16 +323: /Users/mac/Documents/baudex/frontend/test/unit/data/models/category_model_test.dart: CategoryModel fromEntity should create CategoryModel from Category entity                             00:16 +324: /Users/mac/Documents/baudex/frontend/test/unit/data/models/category_model_test.dart: CategoryModel fromEntity should create CategoryModel from Category entity                             00:17 +324: /Users/mac/Documents/baudex/frontend/test/unit/data/models/category_model_test.dart: CategoryModel fromEntity should preserve all entity fields                                            00:17 +325: /Users/mac/Documents/baudex/frontend/test/unit/data/models/category_model_test.dart: CategoryModel fromEntity should preserve all entity fields                                            00:17 +325: /Users/mac/Documents/baudex/frontend/test/unit/data/models/category_model_test.dart: CategoryModel fromEntity should convert parent entity to model                                        00:17 +326: /Users/mac/Documents/baudex/frontend/test/unit/data/models/category_model_test.dart: CategoryModel fromEntity should convert parent entity to model                                        00:17 +326: /Users/mac/Documents/baudex/frontend/test/unit/data/models/category_model_test.dart: CategoryModel fromEntity should convert children entities to models                                   00:17 +327: /Users/mac/Documents/baudex/frontend/test/unit/data/models/category_model_test.dart: CategoryModel fromEntity should convert children entities to models                                   00:17 +327: /Users/mac/Documents/baudex/frontend/test/unit/data/models/category_model_test.dart: CategoryModel fromEntity should handle null parent                                                    00:17 +328: /Users/mac/Documents/baudex/frontend/test/unit/data/models/category_model_test.dart: CategoryModel fromEntity should handle null parent                                                    00:17 +328: /Users/mac/Documents/baudex/frontend/test/unit/data/models/category_model_test.dart: CategoryModel fromEntity should handle null children                                                  00:17 +329: /Users/mac/Documents/baudex/frontend/test/unit/data/models/category_model_test.dart: CategoryModel fromEntity should handle null children                                                  00:17 +329: /Users/mac/Documents/baudex/frontend/test/unit/data/models/category_model_test.dart: CategoryModel fromEntity should preserve inactive status                                              00:17 +330: /Users/mac/Documents/baudex/frontend/test/unit/data/models/category_model_test.dart: CategoryModel fromEntity should preserve inactive status                                              00:17 +330: /Users/mac/Documents/baudex/frontend/test/unit/data/models/category_model_test.dart: CategoryModel JSON roundtrip should maintain data integrity through toJson -> fromJson                00:17 +330: /Users/mac/Documents/baudex/frontend/test/unit/data/models/category_model_test.dart: CategoryModel JSON roundtrip should maintain data integrity through toJson -> fromJson                
🏗️ CategoryModel.fromJson processing: Test Category
   Available fields: [id, name, description, slug, image, status, sortOrder, parentId, parent, children, productsCount, createdAt, updatedAt, deletedAt]
00:17 +331: /Users/mac/Documents/baudex/frontend/test/unit/data/models/category_model_test.dart: CategoryModel JSON roundtrip should maintain data integrity through toJson -> fromJson                00:17 +331: /Users/mac/Documents/baudex/frontend/test/unit/data/models/category_model_test.dart: CategoryModel JSON roundtrip should maintain data integrity through toEntity -> fromEntity            00:17 +332: /Users/mac/Documents/baudex/frontend/test/unit/data/models/category_model_test.dart: CategoryModel JSON roundtrip should maintain data integrity through toEntity -> fromEntity            00:17 +332: /Users/mac/Documents/baudex/frontend/test/unit/data/models/category_model_test.dart: CategoryModel JSON roundtrip should handle category with children roundtrip                           00:17 +332: /Users/mac/Documents/baudex/frontend/test/unit/data/models/category_model_test.dart: CategoryModel JSON roundtrip should handle category with children roundtrip                           
🏗️ CategoryModel.fromJson processing: Parent Category
   Available fields: [id, name, description, slug, image, status, sortOrder, parentId, parent, children, productsCount, createdAt, updatedAt, deletedAt]
🏗️ CategoryModel.fromJson processing: Child Category 1
   Available fields: [id, name, description, slug, image, status, sortOrder, parentId, parent, children, productsCount, createdAt, updatedAt, deletedAt]
🏗️ CategoryModel.fromJson processing: Child Category 2
   Available fields: [id, name, description, slug, image, status, sortOrder, parentId, parent, children, productsCount, createdAt, updatedAt, deletedAt]
🏗️ CategoryModel.fromJson processing: Child Category 3
   Available fields: [id, name, description, slug, image, status, sortOrder, parentId, parent, children, productsCount, createdAt, updatedAt, deletedAt]
00:17 +333: /Users/mac/Documents/baudex/frontend/test/unit/data/models/category_model_test.dart: CategoryModel JSON roundtrip should handle category with children roundtrip                           00:17 +333: /Users/mac/Documents/baudex/frontend/test/unit/data/models/category_model_test.dart: CategoryModel JSON roundtrip should handle inactive category roundtrip                                00:17 +333: /Users/mac/Documents/baudex/frontend/test/unit/data/models/category_model_test.dart: CategoryModel JSON roundtrip should handle inactive category roundtrip                                
🏗️ CategoryModel.fromJson processing: Inactive Category
   Available fields: [id, name, description, slug, image, status, sortOrder, parentId, parent, children, productsCount, createdAt, updatedAt, deletedAt]
00:17 +334: /Users/mac/Documents/baudex/frontend/test/unit/data/models/category_model_test.dart: CategoryModel JSON roundtrip should handle inactive category roundtrip                                00:17 +334: loading /Users/mac/Documents/baudex/frontend/test/unit/data/models/isar_category_test.dart                                                                                                 00:17 +334: /Users/mac/Documents/baudex/frontend/test/unit/data/models/isar_category_test.dart: IsarCategory fromEntity should convert Category entity to IsarCategory                                 00:17 +335: /Users/mac/Documents/baudex/frontend/test/unit/data/models/isar_category_test.dart: IsarCategory fromEntity should convert Category entity to IsarCategory                                 00:17 +335: /Users/mac/Documents/baudex/frontend/test/unit/data/models/isar_category_test.dart: IsarCategory fromEntity should map CategoryStatus enum to IsarCategoryStatus                           00:17 +336: /Users/mac/Documents/baudex/frontend/test/unit/data/models/isar_category_test.dart: IsarCategory fromEntity should map CategoryStatus enum to IsarCategoryStatus                           00:17 +336: /Users/mac/Documents/baudex/frontend/test/unit/data/models/isar_category_test.dart: IsarCategory fromEntity should map inactive CategoryStatus to IsarCategoryStatus                       00:17 +337: /Users/mac/Documents/baudex/frontend/test/unit/data/models/isar_category_test.dart: IsarCategory fromEntity should map inactive CategoryStatus to IsarCategoryStatus                       00:17 +337: /Users/mac/Documents/baudex/frontend/test/unit/data/models/isar_category_test.dart: IsarCategory fromEntity should preserve isSynced from entity                                           00:17 +338: /Users/mac/Documents/baudex/frontend/test/unit/data/models/isar_category_test.dart: IsarCategory fromEntity should preserve isSynced from entity                                           00:17 +338: /Users/mac/Documents/baudex/frontend/test/unit/data/models/isar_category_test.dart: IsarCategory fromEntity should handle null optional fields                                             00:17 +339: /Users/mac/Documents/baudex/frontend/test/unit/data/models/isar_category_test.dart: IsarCategory fromEntity should handle null optional fields                                             00:17 +339: /Users/mac/Documents/baudex/frontend/test/unit/data/models/isar_category_test.dart: IsarCategory fromEntity should handle null productsCount                                               00:17 +340: /Users/mac/Documents/baudex/frontend/test/unit/data/models/isar_category_test.dart: IsarCategory fromEntity should handle null productsCount                                               00:17 +340: /Users/mac/Documents/baudex/frontend/test/unit/data/models/isar_category_test.dart: IsarCategory fromEntity should convert parent category                                                 00:17 +341: /Users/mac/Documents/baudex/frontend/test/unit/data/models/isar_category_test.dart: IsarCategory fromEntity should convert parent category                                                 00:17 +341: /Users/mac/Documents/baudex/frontend/test/unit/data/models/isar_category_test.dart: IsarCategory fromEntity should handle products count correctly                                         00:17 +342: /Users/mac/Documents/baudex/frontend/test/unit/data/models/isar_category_test.dart: IsarCategory fromEntity should handle products count correctly                                         00:17 +342: /Users/mac/Documents/baudex/frontend/test/unit/data/models/isar_category_test.dart: IsarCategory toEntity should convert IsarCategory to Category entity                                   00:17 +343: /Users/mac/Documents/baudex/frontend/test/unit/data/models/isar_category_test.dart: IsarCategory toEntity should convert IsarCategory to Category entity                                   00:17 +343: /Users/mac/Documents/baudex/frontend/test/unit/data/models/isar_category_test.dart: IsarCategory toEntity should map IsarCategoryStatus to CategoryStatus enum                             00:17 +344: /Users/mac/Documents/baudex/frontend/test/unit/data/models/isar_category_test.dart: IsarCategory toEntity should map IsarCategoryStatus to CategoryStatus enum                             00:17 +344: /Users/mac/Documents/baudex/frontend/test/unit/data/models/isar_category_test.dart: IsarCategory toEntity should map inactive IsarCategoryStatus to CategoryStatus enum                    00:17 +345: /Users/mac/Documents/baudex/frontend/test/unit/data/models/isar_category_test.dart: IsarCategory toEntity should map inactive IsarCategoryStatus to CategoryStatus enum                    00:17 +345: /Users/mac/Documents/baudex/frontend/test/unit/data/models/isar_category_test.dart: IsarCategory toEntity should preserve sync flags                                                       00:17 +346: /Users/mac/Documents/baudex/frontend/test/unit/data/models/isar_category_test.dart: IsarCategory toEntity should preserve sync flags                                                       00:17 +346: /Users/mac/Documents/baudex/frontend/test/unit/data/models/isar_category_test.dart: IsarCategory toEntity should handle null optional fields                                               00:17 +347: /Users/mac/Documents/baudex/frontend/test/unit/data/models/isar_category_test.dart: IsarCategory toEntity should handle null optional fields                                               00:17 +347: /Users/mac/Documents/baudex/frontend/test/unit/data/models/isar_category_test.dart: IsarCategory fromModel should create IsarCategory from CategoryModel                                   00:17 +348: /Users/mac/Documents/baudex/frontend/test/unit/data/models/isar_category_test.dart: IsarCategory fromModel should create IsarCategory from CategoryModel                                   00:17 +348: /Users/mac/Documents/baudex/frontend/test/unit/data/models/isar_category_test.dart: IsarCategory fromModel should mark as synced when created from model                                   00:17 +349: /Users/mac/Documents/baudex/frontend/test/unit/data/models/isar_category_test.dart: IsarCategory fromModel should mark as synced when created from model                                   00:17 +349: /Users/mac/Documents/baudex/frontend/test/unit/data/models/isar_category_test.dart: IsarCategory fromModel should handle all model fields correctly                                        00:17 +350: /Users/mac/Documents/baudex/frontend/test/unit/data/models/isar_category_test.dart: IsarCategory fromModel should handle all model fields correctly                                        00:17 +350: /Users/mac/Documents/baudex/frontend/test/unit/data/models/isar_category_test.dart: IsarCategory utility methods isDeleted should return true when deletedAt is set                        00:17 +351: /Users/mac/Documents/baudex/frontend/test/unit/data/models/isar_category_test.dart: IsarCategory utility methods isDeleted should return true when deletedAt is set                        00:17 +351: /Users/mac/Documents/baudex/frontend/test/unit/data/models/isar_category_test.dart: IsarCategory utility methods isDeleted should return false when deletedAt is null                      00:17 +352: /Users/mac/Documents/baudex/frontend/test/unit/data/models/isar_category_test.dart: IsarCategory utility methods isDeleted should return false when deletedAt is null                      00:17 +352: /Users/mac/Documents/baudex/frontend/test/unit/data/models/isar_category_test.dart: IsarCategory utility methods isActive should return true when status is active and not deleted         00:17 +353: /Users/mac/Documents/baudex/frontend/test/unit/data/models/isar_category_test.dart: IsarCategory utility methods isActive should return true when status is active and not deleted         00:17 +353: /Users/mac/Documents/baudex/frontend/test/unit/data/models/isar_category_test.dart: IsarCategory utility methods isActive should return false when deleted                                 00:17 +354: /Users/mac/Documents/baudex/frontend/test/unit/data/models/isar_category_test.dart: IsarCategory utility methods isActive should return false when deleted                                 00:17 +354: /Users/mac/Documents/baudex/frontend/test/unit/data/models/isar_category_test.dart: IsarCategory utility methods isActive should return false when status is inactive                      00:17 +355: /Users/mac/Documents/baudex/frontend/test/unit/data/models/isar_category_test.dart: IsarCategory utility methods isActive should return false when status is inactive                      00:17 +355: /Users/mac/Documents/baudex/frontend/test/unit/data/models/isar_category_test.dart: IsarCategory utility methods needsSync should return true when isSynced is false                       00:17 +356: /Users/mac/Documents/baudex/frontend/test/unit/data/models/isar_category_test.dart: IsarCategory utility methods needsSync should return true when isSynced is false                       00:17 +356: /Users/mac/Documents/baudex/frontend/test/unit/data/models/isar_category_test.dart: IsarCategory utility methods needsSync should return false when isSynced is true                       00:17 +357: /Users/mac/Documents/baudex/frontend/test/unit/data/models/isar_category_test.dart: IsarCategory utility methods needsSync should return false when isSynced is true                       00:17 +357: /Users/mac/Documents/baudex/frontend/test/unit/data/models/isar_category_test.dart: IsarCategory utility methods isRoot should return true when parentId is null                           00:17 +358: /Users/mac/Documents/baudex/frontend/test/unit/data/models/isar_category_test.dart: IsarCategory utility methods isRoot should return true when parentId is null                           00:17 +358: /Users/mac/Documents/baudex/frontend/test/unit/data/models/isar_category_test.dart: IsarCategory utility methods isRoot should return false when parentId is set                           00:17 +359: /Users/mac/Documents/baudex/frontend/test/unit/data/models/isar_category_test.dart: IsarCategory utility methods isRoot should return false when parentId is set                           00:17 +359: /Users/mac/Documents/baudex/frontend/test/unit/data/models/isar_category_test.dart: IsarCategory utility methods hasProducts should return true when productsCount > 0                     00:17 +360: /Users/mac/Documents/baudex/frontend/test/unit/data/models/isar_category_test.dart: IsarCategory utility methods hasProducts should return true when productsCount > 0                     00:17 +360: /Users/mac/Documents/baudex/frontend/test/unit/data/models/isar_category_test.dart: IsarCategory utility methods hasProducts should return false when productsCount is 0                   00:17 +361: /Users/mac/Documents/baudex/frontend/test/unit/data/models/isar_category_test.dart: IsarCategory utility methods hasProducts should return false when productsCount is 0                   00:17 +361: /Users/mac/Documents/baudex/frontend/test/unit/data/models/isar_category_test.dart: IsarCategory utility methods hasProducts should return false when productsCount is null                00:18 +362: /Users/mac/Documents/baudex/frontend/test/unit/data/models/isar_category_test.dart: IsarCategory utility methods hasProducts should return false when productsCount is null                00:18 +362: /Users/mac/Documents/baudex/frontend/test/unit/data/models/isar_category_test.dart: IsarCategory sync methods markAsUnsynced should set isSynced to false                                  00:18 +363: /Users/mac/Documents/baudex/frontend/test/unit/data/models/isar_category_test.dart: IsarCategory sync methods markAsUnsynced should set isSynced to false                                  00:18 +363: /Users/mac/Documents/baudex/frontend/test/unit/data/models/isar_category_test.dart: IsarCategory sync methods markAsUnsynced should update updatedAt timestamp                             00:18 +364: /Users/mac/Documents/baudex/frontend/test/unit/data/models/isar_category_test.dart: IsarCategory sync methods markAsUnsynced should update updatedAt timestamp                             00:18 +364: /Users/mac/Documents/baudex/frontend/test/unit/data/models/isar_category_test.dart: IsarCategory sync methods markAsSynced should set isSynced to true                                     00:18 +365: /Users/mac/Documents/baudex/frontend/test/unit/data/models/isar_category_test.dart: IsarCategory sync methods markAsSynced should set isSynced to true                                     00:18 +365: /Users/mac/Documents/baudex/frontend/test/unit/data/models/isar_category_test.dart: IsarCategory sync methods markAsSynced should update lastSyncAt timestamp                              00:18 +366: /Users/mac/Documents/baudex/frontend/test/unit/data/models/isar_category_test.dart: IsarCategory sync methods markAsSynced should update lastSyncAt timestamp                              00:18 +366: /Users/mac/Documents/baudex/frontend/test/unit/data/models/isar_category_test.dart: IsarCategory soft delete softDelete should set deletedAt timestamp                                     00:18 +367: /Users/mac/Documents/baudex/frontend/test/unit/data/models/isar_category_test.dart: IsarCategory soft delete softDelete should set deletedAt timestamp                                     00:18 +367: /Users/mac/Documents/baudex/frontend/test/unit/data/models/isar_category_test.dart: IsarCategory soft delete softDelete should mark as unsynced                                            00:18 +368: /Users/mac/Documents/baudex/frontend/test/unit/data/models/isar_category_test.dart: IsarCategory soft delete softDelete should mark as unsynced                                            00:18 +368: /Users/mac/Documents/baudex/frontend/test/unit/data/models/isar_category_test.dart: IsarCategory updateProductCount should update productsCount                                            00:18 +369: /Users/mac/Documents/baudex/frontend/test/unit/data/models/isar_category_test.dart: IsarCategory updateProductCount should update productsCount                                            00:18 +369: /Users/mac/Documents/baudex/frontend/test/unit/data/models/isar_category_test.dart: IsarCategory updateProductCount should mark as unsynced when updating product count                    00:18 +370: /Users/mac/Documents/baudex/frontend/test/unit/data/models/isar_category_test.dart: IsarCategory updateProductCount should mark as unsynced when updating product count                    00:18 +370: /Users/mac/Documents/baudex/frontend/test/unit/data/models/isar_category_test.dart: IsarCategory updateFromModel should update all fields from model                                       00:18 +371: /Users/mac/Documents/baudex/frontend/test/unit/data/models/isar_category_test.dart: IsarCategory updateFromModel should update all fields from model                                       00:18 +371: /Users/mac/Documents/baudex/frontend/test/unit/data/models/isar_category_test.dart: IsarCategory updateFromModel should mark as synced when updating from model                            00:18 +372: /Users/mac/Documents/baudex/frontend/test/unit/data/models/isar_category_test.dart: IsarCategory updateFromModel should mark as synced when updating from model                            00:18 +372: /Users/mac/Documents/baudex/frontend/test/unit/data/models/isar_category_test.dart: IsarCategory entity roundtrip should maintain data integrity through fromEntity -> toEntity            00:18 +373: /Users/mac/Documents/baudex/frontend/test/unit/data/models/isar_category_test.dart: IsarCategory entity roundtrip should maintain data integrity through fromEntity -> toEntity            00:18 +373: /Users/mac/Documents/baudex/frontend/test/unit/data/models/isar_category_test.dart: IsarCategory entity roundtrip should handle inactive category roundtrip                                00:18 +374: /Users/mac/Documents/baudex/frontend/test/unit/data/models/isar_category_test.dart: IsarCategory entity roundtrip should handle inactive category roundtrip                                00:18 +374: /Users/mac/Documents/baudex/frontend/test/unit/data/models/isar_category_test.dart: IsarCategory entity roundtrip should handle child category roundtrip                                   00:18 +375: /Users/mac/Documents/baudex/frontend/test/unit/data/models/isar_category_test.dart: IsarCategory entity roundtrip should handle child category roundtrip                                   00:18 +375: /Users/mac/Documents/baudex/frontend/test/unit/data/models/isar_category_test.dart: IsarCategory entity roundtrip should handle category with products roundtrip                           00:18 +376: /Users/mac/Documents/baudex/frontend/test/unit/data/models/isar_category_test.dart: IsarCategory entity roundtrip should handle category with products roundtrip                           00:18 +376: /Users/mac/Documents/baudex/frontend/test/unit/data/models/isar_category_test.dart: IsarCategory entity roundtrip should handle empty category roundtrip                                   00:18 +377: /Users/mac/Documents/baudex/frontend/test/unit/data/models/isar_category_test.dart: IsarCategory entity roundtrip should handle empty category roundtrip                                   00:18 +377: /Users/mac/Documents/baudex/frontend/test/unit/data/models/isar_category_test.dart: IsarCategory toString should return formatted string representation                                    00:18 +378: /Users/mac/Documents/baudex/frontend/test/unit/data/models/isar_category_test.dart: IsarCategory toString should return formatted string representation                                    00:18 +378: /Users/mac/Documents/baudex/frontend/test/unit/data/models/isar_category_test.dart: IsarCategory toString should include sync status in string representation                              00:18 +379: /Users/mac/Documents/baudex/frontend/test/unit/data/models/isar_category_test.dart: IsarCategory toString should include sync status in string representation                              00:18 +379: loading /Users/mac/Documents/baudex/frontend/test/unit/data/models/product_model_test.dart                                                                                                 00:18 +379: /Users/mac/Documents/baudex/frontend/test/unit/data/models/product_model_test.dart: ProductModel fromJson should return valid ProductModel from JSON                                       00:19 +379: /Users/mac/Documents/baudex/frontend/test/unit/data/models/product_model_test.dart: ProductModel fromJson should return valid ProductModel from JSON                                       00:19 +379: /Users/mac/Documents/baudex/frontend/test/unit/data/models/product_model_test.dart: ProductModel fromJson should return valid ProductModel from JSON                                       
🔍 ProductModel.fromJson: Procesando JSON
📋 JSON keys: [id, name, description, sku, barcode, type, status, stock, minStock, unit, weight, length, width, height, images, metadata, categoryId, createdById, prices, category, createdBy, createdAt, updatedAt, taxCategory, taxRate, isTaxable, taxDescription, retentionCategory, retentionRate, hasRetention]
🔍 ProductPriceModel.fromJson: Procesando precio price-001
00:19 +380: /Users/mac/Documents/baudex/frontend/test/unit/data/models/product_model_test.dart: ProductModel fromJson should return valid ProductModel from JSON                                       00:19 +380: /Users/mac/Documents/baudex/frontend/test/unit/data/models/product_model_test.dart: ProductModel fromJson should handle null optional fields                                               00:19 +380: /Users/mac/Documents/baudex/frontend/test/unit/data/models/product_model_test.dart: ProductModel fromJson should handle null optional fields                                               
🔍 ProductModel.fromJson: Procesando JSON
📋 JSON keys: [id, name, description, sku, barcode, type, status, stock, minStock, unit, weight, length, width, height, images, metadata, categoryId, createdById, prices, category, createdBy, createdAt, updatedAt, taxCategory, taxRate, isTaxable, taxDescription, retentionCategory, retentionRate, hasRetention]
00:19 +381: /Users/mac/Documents/baudex/frontend/test/unit/data/models/product_model_test.dart: ProductModel fromJson should handle null optional fields                                               00:19 +381: /Users/mac/Documents/baudex/frontend/test/unit/data/models/product_model_test.dart: ProductModel fromJson should parse stock and minStock as double from int                               00:19 +381: /Users/mac/Documents/baudex/frontend/test/unit/data/models/product_model_test.dart: ProductModel fromJson should parse stock and minStock as double from int                               
🔍 ProductModel.fromJson: Procesando JSON
📋 JSON keys: [id, name, description, sku, barcode, type, status, stock, minStock, unit, weight, length, width, height, images, metadata, categoryId, createdById, prices, category, createdBy, createdAt, updatedAt, taxCategory, taxRate, isTaxable, taxDescription, retentionCategory, retentionRate, hasRetention]
🔍 ProductPriceModel.fromJson: Procesando precio price-001
00:19 +382: /Users/mac/Documents/baudex/frontend/test/unit/data/models/product_model_test.dart: ProductModel fromJson should parse stock and minStock as double from int                               00:19 +382: /Users/mac/Documents/baudex/frontend/test/unit/data/models/product_model_test.dart: ProductModel fromJson should parse stock and minStock as double from string                            00:19 +382: /Users/mac/Documents/baudex/frontend/test/unit/data/models/product_model_test.dart: ProductModel fromJson should parse stock and minStock as double from string                            
🔍 ProductModel.fromJson: Procesando JSON
📋 JSON keys: [id, name, description, sku, barcode, type, status, stock, minStock, unit, weight, length, width, height, images, metadata, categoryId, createdById, prices, category, createdBy, createdAt, updatedAt, taxCategory, taxRate, isTaxable, taxDescription, retentionCategory, retentionRate, hasRetention]
🔍 ProductPriceModel.fromJson: Procesando precio price-001
00:19 +383: /Users/mac/Documents/baudex/frontend/test/unit/data/models/product_model_test.dart: ProductModel fromJson should parse stock and minStock as double from string                            00:19 +383: /Users/mac/Documents/baudex/frontend/test/unit/data/models/product_model_test.dart: ProductModel fromJson should parse prices list correctly                                               00:19 +383: /Users/mac/Documents/baudex/frontend/test/unit/data/models/product_model_test.dart: ProductModel fromJson should parse prices list correctly                                               
🔍 ProductModel.fromJson: Procesando JSON
📋 JSON keys: [id, name, description, sku, barcode, type, status, stock, minStock, unit, weight, length, width, height, images, metadata, categoryId, createdById, prices, category, createdBy, createdAt, updatedAt, taxCategory, taxRate, isTaxable, taxDescription, retentionCategory, retentionRate, hasRetention]
🔍 ProductPriceModel.fromJson: Procesando precio price-001
00:19 +384: /Users/mac/Documents/baudex/frontend/test/unit/data/models/product_model_test.dart: ProductModel fromJson should parse prices list correctly                                               00:19 +384: /Users/mac/Documents/baudex/frontend/test/unit/data/models/product_model_test.dart: ProductModel fromJson should parse category object correctly                                           00:19 +384: /Users/mac/Documents/baudex/frontend/test/unit/data/models/product_model_test.dart: ProductModel fromJson should parse category object correctly                                           
🔍 ProductModel.fromJson: Procesando JSON
📋 JSON keys: [id, name, description, sku, barcode, type, status, stock, minStock, unit, weight, length, width, height, images, metadata, categoryId, createdById, prices, category, createdBy, createdAt, updatedAt, taxCategory, taxRate, isTaxable, taxDescription, retentionCategory, retentionRate, hasRetention]
🔍 ProductPriceModel.fromJson: Procesando precio price-001
00:19 +385: /Users/mac/Documents/baudex/frontend/test/unit/data/models/product_model_test.dart: ProductModel fromJson should parse category object correctly                                           00:19 +385: /Users/mac/Documents/baudex/frontend/test/unit/data/models/product_model_test.dart: ProductModel fromJson should parse createdBy object correctly                                          00:19 +385: /Users/mac/Documents/baudex/frontend/test/unit/data/models/product_model_test.dart: ProductModel fromJson should parse createdBy object correctly                                          
🔍 ProductModel.fromJson: Procesando JSON
📋 JSON keys: [id, name, description, sku, barcode, type, status, stock, minStock, unit, weight, length, width, height, images, metadata, categoryId, createdById, prices, category, createdBy, createdAt, updatedAt, taxCategory, taxRate, isTaxable, taxDescription, retentionCategory, retentionRate, hasRetention]
🔍 ProductPriceModel.fromJson: Procesando precio price-001
00:19 +386: /Users/mac/Documents/baudex/frontend/test/unit/data/models/product_model_test.dart: ProductModel fromJson should parse createdBy object correctly                                          00:19 +386: /Users/mac/Documents/baudex/frontend/test/unit/data/models/product_model_test.dart: ProductModel fromJson should parse tax fields correctly                                                00:19 +386: /Users/mac/Documents/baudex/frontend/test/unit/data/models/product_model_test.dart: ProductModel fromJson should parse tax fields correctly                                                
🔍 ProductModel.fromJson: Procesando JSON
📋 JSON keys: [id, name, description, sku, barcode, type, status, stock, minStock, unit, weight, length, width, height, images, metadata, categoryId, createdById, prices, category, createdBy, createdAt, updatedAt, taxCategory, taxRate, isTaxable, taxDescription, retentionCategory, retentionRate, hasRetention]
🔍 ProductPriceModel.fromJson: Procesando precio price-001
00:19 +387: /Users/mac/Documents/baudex/frontend/test/unit/data/models/product_model_test.dart: ProductModel fromJson should parse tax fields correctly                                                00:19 +387: /Users/mac/Documents/baudex/frontend/test/unit/data/models/product_model_test.dart: ProductModel fromJson should parse retention fields correctly                                          00:19 +387: /Users/mac/Documents/baudex/frontend/test/unit/data/models/product_model_test.dart: ProductModel fromJson should parse retention fields correctly                                          
🔍 ProductModel.fromJson: Procesando JSON
📋 JSON keys: [id, name, description, sku, barcode, type, status, stock, minStock, unit, weight, length, width, height, images, metadata, categoryId, createdById, prices, category, createdBy, createdAt, updatedAt, taxCategory, taxRate, isTaxable, taxDescription, retentionCategory, retentionRate, hasRetention]
🔍 ProductPriceModel.fromJson: Procesando precio price-001
00:19 +388: /Users/mac/Documents/baudex/frontend/test/unit/data/models/product_model_test.dart: ProductModel fromJson should parse retention fields correctly                                          00:19 +388: /Users/mac/Documents/baudex/frontend/test/unit/data/models/product_model_test.dart: ProductModel toJson should return valid JSON map                                                       00:19 +389: /Users/mac/Documents/baudex/frontend/test/unit/data/models/product_model_test.dart: ProductModel toJson should return valid JSON map                                                       00:19 +389: /Users/mac/Documents/baudex/frontend/test/unit/data/models/product_model_test.dart: ProductModel toJson should serialize dates as ISO 8601 strings                                         00:19 +390: /Users/mac/Documents/baudex/frontend/test/unit/data/models/product_model_test.dart: ProductModel toJson should serialize dates as ISO 8601 strings                                         00:19 +390: /Users/mac/Documents/baudex/frontend/test/unit/data/models/product_model_test.dart: ProductModel toJson should serialize prices list                                                       00:19 +391: /Users/mac/Documents/baudex/frontend/test/unit/data/models/product_model_test.dart: ProductModel toJson should serialize prices list                                                       00:19 +391: /Users/mac/Documents/baudex/frontend/test/unit/data/models/product_model_test.dart: ProductModel toJson should serialize null fields as null                                               00:19 +392: /Users/mac/Documents/baudex/frontend/test/unit/data/models/product_model_test.dart: ProductModel toJson should serialize null fields as null                                               00:19 +392: /Users/mac/Documents/baudex/frontend/test/unit/data/models/product_model_test.dart: ProductModel toJson should serialize tax fields                                                        00:19 +393: /Users/mac/Documents/baudex/frontend/test/unit/data/models/product_model_test.dart: ProductModel toJson should serialize tax fields                                                        00:19 +393: /Users/mac/Documents/baudex/frontend/test/unit/data/models/product_model_test.dart: ProductModel toEntity should convert to Product entity                                                 00:19 +394: /Users/mac/Documents/baudex/frontend/test/unit/data/models/product_model_test.dart: ProductModel toEntity should convert to Product entity                                                 00:19 +394: /Users/mac/Documents/baudex/frontend/test/unit/data/models/product_model_test.dart: ProductModel toEntity should map type string to ProductType enum                                       00:19 +395: /Users/mac/Documents/baudex/frontend/test/unit/data/models/product_model_test.dart: ProductModel toEntity should map type string to ProductType enum                                       00:19 +395: /Users/mac/Documents/baudex/frontend/test/unit/data/models/product_model_test.dart: ProductModel toEntity should map status string to ProductStatus enum                                   00:19 +396: /Users/mac/Documents/baudex/frontend/test/unit/data/models/product_model_test.dart: ProductModel toEntity should map status string to ProductStatus enum                                   00:19 +396: /Users/mac/Documents/baudex/frontend/test/unit/data/models/product_model_test.dart: ProductModel toEntity should convert prices to entities                                                00:19 +397: /Users/mac/Documents/baudex/frontend/test/unit/data/models/product_model_test.dart: ProductModel toEntity should convert prices to entities                                                00:19 +397: /Users/mac/Documents/baudex/frontend/test/unit/data/models/product_model_test.dart: ProductModel toEntity should map tax fields correctly                                                  00:19 +398: /Users/mac/Documents/baudex/frontend/test/unit/data/models/product_model_test.dart: ProductModel toEntity should map tax fields correctly                                                  00:19 +398: /Users/mac/Documents/baudex/frontend/test/unit/data/models/product_model_test.dart: ProductModel fromEntity should create ProductModel from Product entity                                 00:19 +399: /Users/mac/Documents/baudex/frontend/test/unit/data/models/product_model_test.dart: ProductModel fromEntity should create ProductModel from Product entity                                 00:19 +399: /Users/mac/Documents/baudex/frontend/test/unit/data/models/product_model_test.dart: ProductModel fromEntity should map ProductType enum to string                                          00:19 +400: /Users/mac/Documents/baudex/frontend/test/unit/data/models/product_model_test.dart: ProductModel fromEntity should map ProductType enum to string                                          00:19 +400: /Users/mac/Documents/baudex/frontend/test/unit/data/models/product_model_test.dart: ProductModel fromEntity should map ProductStatus enum to string                                        00:19 +401: /Users/mac/Documents/baudex/frontend/test/unit/data/models/product_model_test.dart: ProductModel fromEntity should map ProductStatus enum to string                                        00:19 +401: /Users/mac/Documents/baudex/frontend/test/unit/data/models/product_model_test.dart: ProductModel fromEntity should convert price entities to models                                        00:19 +402: /Users/mac/Documents/baudex/frontend/test/unit/data/models/product_model_test.dart: ProductModel fromEntity should convert price entities to models                                        00:19 +402: /Users/mac/Documents/baudex/frontend/test/unit/data/models/product_model_test.dart: ProductModel fromEntity should map tax category enum to string                                         00:19 +403: /Users/mac/Documents/baudex/frontend/test/unit/data/models/product_model_test.dart: ProductModel fromEntity should map tax category enum to string                                         00:19 +403: /Users/mac/Documents/baudex/frontend/test/unit/data/models/product_model_test.dart: ProductModel fromEntity should handle null retention category                                          00:19 +404: /Users/mac/Documents/baudex/frontend/test/unit/data/models/product_model_test.dart: ProductModel fromEntity should handle null retention category                                          00:19 +404: /Users/mac/Documents/baudex/frontend/test/unit/data/models/product_model_test.dart: ProductModel JSON roundtrip should maintain data integrity through toJson -> fromJson                  00:19 +404: /Users/mac/Documents/baudex/frontend/test/unit/data/models/product_model_test.dart: ProductModel JSON roundtrip should maintain data integrity through toJson -> fromJson                  
🔍 ProductModel.fromJson: Procesando JSON
📋 JSON keys: [id, name, description, sku, barcode, type, status, stock, minStock, unit, weight, length, width, height, images, metadata, categoryId, createdById, prices, category, createdBy, createdAt, updatedAt, taxCategory, taxRate, isTaxable, taxDescription, retentionCategory, retentionRate, hasRetention]
🔍 ProductPriceModel.fromJson: Procesando precio price-001
00:19 +405: /Users/mac/Documents/baudex/frontend/test/unit/data/models/product_model_test.dart: ProductModel JSON roundtrip should maintain data integrity through toJson -> fromJson                  00:19 +405: /Users/mac/Documents/baudex/frontend/test/unit/data/models/product_model_test.dart: ProductModel JSON roundtrip should maintain data integrity through toEntity -> fromEntity              00:19 +406: /Users/mac/Documents/baudex/frontend/test/unit/data/models/product_model_test.dart: ProductModel JSON roundtrip should maintain data integrity through toEntity -> fromEntity              00:19 +406: loading /Users/mac/Documents/baudex/frontend/test/unit/domain/usecases/products/get_products_usecase_test.dart                                                                             00:19 +406: /Users/mac/Documents/baudex/frontend/test/unit/domain/usecases/products/get_products_usecase_test.dart: GetProductsUseCase should call repository.getProducts with correct parameters      00:20 +406: /Users/mac/Documents/baudex/frontend/test/unit/domain/usecases/products/get_products_usecase_test.dart: GetProductsUseCase should call repository.getProducts with correct parameters      00:20 +406: /Users/mac/Documents/baudex/frontend/test/unit/domain/usecases/products/get_products_usecase_test.dart: GetProductsUseCase should call repository.getProducts with correct parameters      
🎯 GetProductsUseCase: LLAMADO con params: page=1, limit=10
🎯 GetProductsUseCase: Repository instance = MockProductRepository
🎯 GetProductsUseCase: ANTES de llamar repository.getProducts()...
✅ GetProductsUseCase: ÉXITO con 5 productos
00:20 +407: /Users/mac/Documents/baudex/frontend/test/unit/domain/usecases/products/get_products_usecase_test.dart: GetProductsUseCase should call repository.getProducts with correct parameters      00:20 +407: /Users/mac/Documents/baudex/frontend/test/unit/domain/usecases/products/get_products_usecase_test.dart: GetProductsUseCase should return PaginatedResult when repository call is successful00:20 +407: /Users/mac/Documents/baudex/frontend/test/unit/domain/usecases/products/get_products_usecase_test.dart: GetProductsUseCase should return PaginatedResult when repository call is successful
🎯 GetProductsUseCase: LLAMADO con params: page=1, limit=10
🎯 GetProductsUseCase: Repository instance = MockProductRepository
🎯 GetProductsUseCase: ANTES de llamar repository.getProducts()...
✅ GetProductsUseCase: ÉXITO con 5 productos
00:20 +408: /Users/mac/Documents/baudex/frontend/test/unit/domain/usecases/products/get_products_usecase_test.dart: GetProductsUseCase should return PaginatedResult when repository call is successful00:20 +408: /Users/mac/Documents/baudex/frontend/test/unit/domain/usecases/products/get_products_usecase_test.dart: GetProductsUseCase should return Failure when repository call fails                00:20 +408: /Users/mac/Documents/baudex/frontend/test/unit/domain/usecases/products/get_products_usecase_test.dart: GetProductsUseCase should return Failure when repository call fails                
🎯 GetProductsUseCase: LLAMADO con params: page=1, limit=10
🎯 GetProductsUseCase: Repository instance = MockProductRepository
🎯 GetProductsUseCase: ANTES de llamar repository.getProducts()...
❌ GetProductsUseCase: FALLÓ con error: Server error
00:20 +409: /Users/mac/Documents/baudex/frontend/test/unit/domain/usecases/products/get_products_usecase_test.dart: GetProductsUseCase should return Failure when repository call fails                00:20 +409: /Users/mac/Documents/baudex/frontend/test/unit/domain/usecases/products/get_products_usecase_test.dart: GetProductsUseCase should handle search parameter correctly                        00:20 +409: /Users/mac/Documents/baudex/frontend/test/unit/domain/usecases/products/get_products_usecase_test.dart: GetProductsUseCase should handle search parameter correctly                        
🎯 GetProductsUseCase: LLAMADO con params: page=1, limit=10
🎯 GetProductsUseCase: Repository instance = MockProductRepository
🎯 GetProductsUseCase: ANTES de llamar repository.getProducts()...
✅ GetProductsUseCase: ÉXITO con 5 productos
00:20 +410: /Users/mac/Documents/baudex/frontend/test/unit/domain/usecases/products/get_products_usecase_test.dart: GetProductsUseCase should handle search parameter correctly                        00:20 +410: /Users/mac/Documents/baudex/frontend/test/unit/domain/usecases/products/get_products_usecase_test.dart: GetProductsUseCase should handle status filter parameter correctly                 00:20 +410: /Users/mac/Documents/baudex/frontend/test/unit/domain/usecases/products/get_products_usecase_test.dart: GetProductsUseCase should handle status filter parameter correctly                 
🎯 GetProductsUseCase: LLAMADO con params: page=1, limit=10
🎯 GetProductsUseCase: Repository instance = MockProductRepository
🎯 GetProductsUseCase: ANTES de llamar repository.getProducts()...
✅ GetProductsUseCase: ÉXITO con 5 productos
00:20 +411: /Users/mac/Documents/baudex/frontend/test/unit/domain/usecases/products/get_products_usecase_test.dart: GetProductsUseCase should handle status filter parameter correctly                 00:20 +411: /Users/mac/Documents/baudex/frontend/test/unit/domain/usecases/products/get_products_usecase_test.dart: GetProductsUseCase should handle type filter parameter correctly                   00:20 +411: /Users/mac/Documents/baudex/frontend/test/unit/domain/usecases/products/get_products_usecase_test.dart: GetProductsUseCase should handle type filter parameter correctly                   
🎯 GetProductsUseCase: LLAMADO con params: page=1, limit=10
🎯 GetProductsUseCase: Repository instance = MockProductRepository
🎯 GetProductsUseCase: ANTES de llamar repository.getProducts()...
✅ GetProductsUseCase: ÉXITO con 5 productos
00:20 +412: /Users/mac/Documents/baudex/frontend/test/unit/domain/usecases/products/get_products_usecase_test.dart: GetProductsUseCase should handle type filter parameter correctly                   00:20 +412: /Users/mac/Documents/baudex/frontend/test/unit/domain/usecases/products/get_products_usecase_test.dart: GetProductsUseCase should handle price range filter parameters correctly           00:20 +412: /Users/mac/Documents/baudex/frontend/test/unit/domain/usecases/products/get_products_usecase_test.dart: GetProductsUseCase should handle price range filter parameters correctly           
🎯 GetProductsUseCase: LLAMADO con params: page=1, limit=10
🎯 GetProductsUseCase: Repository instance = MockProductRepository
🎯 GetProductsUseCase: ANTES de llamar repository.getProducts()...
✅ GetProductsUseCase: ÉXITO con 5 productos
00:20 +413: /Users/mac/Documents/baudex/frontend/test/unit/domain/usecases/products/get_products_usecase_test.dart: GetProductsUseCase should handle price range filter parameters correctly           00:20 +413: /Users/mac/Documents/baudex/frontend/test/unit/domain/usecases/products/get_products_usecase_test.dart: GetProductsUseCase should handle stock filter parameters correctly                 00:20 +413: /Users/mac/Documents/baudex/frontend/test/unit/domain/usecases/products/get_products_usecase_test.dart: GetProductsUseCase should handle stock filter parameters correctly                 
🎯 GetProductsUseCase: LLAMADO con params: page=1, limit=10
🎯 GetProductsUseCase: Repository instance = MockProductRepository
🎯 GetProductsUseCase: ANTES de llamar repository.getProducts()...
✅ GetProductsUseCase: ÉXITO con 5 productos
00:20 +414: /Users/mac/Documents/baudex/frontend/test/unit/domain/usecases/products/get_products_usecase_test.dart: GetProductsUseCase should handle stock filter parameters correctly                 00:20 +414: /Users/mac/Documents/baudex/frontend/test/unit/domain/usecases/products/get_products_usecase_test.dart: GetProductsUseCase should handle sorting parameters correctly                      00:20 +414: /Users/mac/Documents/baudex/frontend/test/unit/domain/usecases/products/get_products_usecase_test.dart: GetProductsUseCase should handle sorting parameters correctly                      
🎯 GetProductsUseCase: LLAMADO con params: page=1, limit=10
🎯 GetProductsUseCase: Repository instance = MockProductRepository
🎯 GetProductsUseCase: ANTES de llamar repository.getProducts()...
✅ GetProductsUseCase: ÉXITO con 5 productos
00:20 +415: /Users/mac/Documents/baudex/frontend/test/unit/domain/usecases/products/get_products_usecase_test.dart: GetProductsUseCase should handle sorting parameters correctly                      00:20 +415: /Users/mac/Documents/baudex/frontend/test/unit/domain/usecases/products/get_products_usecase_test.dart: GetProductsUseCase should return empty list when no products found                 00:20 +415: /Users/mac/Documents/baudex/frontend/test/unit/domain/usecases/products/get_products_usecase_test.dart: GetProductsUseCase should return empty list when no products found                 
🎯 GetProductsUseCase: LLAMADO con params: page=1, limit=10
🎯 GetProductsUseCase: Repository instance = MockProductRepository
🎯 GetProductsUseCase: ANTES de llamar repository.getProducts()...
✅ GetProductsUseCase: ÉXITO con 0 productos
00:20 +416: /Users/mac/Documents/baudex/frontend/test/unit/domain/usecases/products/get_products_usecase_test.dart: GetProductsUseCase should return empty list when no products found                 00:20 +416: /Users/mac/Documents/baudex/frontend/test/unit/domain/usecases/products/get_products_usecase_test.dart: GetProductsUseCase should handle NetworkFailure correctly                          00:20 +416: /Users/mac/Documents/baudex/frontend/test/unit/domain/usecases/products/get_products_usecase_test.dart: GetProductsUseCase should handle NetworkFailure correctly                          
🎯 GetProductsUseCase: LLAMADO con params: page=1, limit=10
🎯 GetProductsUseCase: Repository instance = MockProductRepository
🎯 GetProductsUseCase: ANTES de llamar repository.getProducts()...
❌ GetProductsUseCase: FALLÓ con error: No internet connection
00:20 +417: /Users/mac/Documents/baudex/frontend/test/unit/domain/usecases/products/get_products_usecase_test.dart: GetProductsUseCase should handle NetworkFailure correctly                          00:20 +417: /Users/mac/Documents/baudex/frontend/test/unit/domain/usecases/products/get_products_usecase_test.dart: GetProductsParams should have default values                                       00:20 +418: /Users/mac/Documents/baudex/frontend/test/unit/domain/usecases/products/get_products_usecase_test.dart: GetProductsParams should have default values                                       00:20 +418: /Users/mac/Documents/baudex/frontend/test/unit/domain/usecases/products/get_products_usecase_test.dart: GetProductsParams should support value equality                                    00:20 +419: /Users/mac/Documents/baudex/frontend/test/unit/domain/usecases/products/get_products_usecase_test.dart: GetProductsParams should support value equality                                    00:20 +419: /Users/mac/Documents/baudex/frontend/test/unit/domain/usecases/products/get_products_usecase_test.dart: GetProductsParams copyWith should create new instance with updated values          00:20 +420: /Users/mac/Documents/baudex/frontend/test/unit/domain/usecases/products/get_products_usecase_test.dart: GetProductsParams copyWith should create new instance with updated values          00:20 +420: loading /Users/mac/Documents/baudex/frontend/test/unit/domain/usecases/products/update_product_stock_usecase_test.dart                                                                     00:20 +420: /Users/mac/Documents/baudex/frontend/test/unit/domain/usecases/products/update_product_stock_usecase_test.dart: ... should call repository.updateProductStock with correct parameters      00:21 +420: /Users/mac/Documents/baudex/frontend/test/unit/domain/usecases/products/update_product_stock_usecase_test.dart: ... should call repository.updateProductStock with correct parameters      00:21 +421: /Users/mac/Documents/baudex/frontend/test/unit/domain/usecases/products/update_product_stock_usecase_test.dart: ... should call repository.updateProductStock with correct parameters      00:21 +421: /Users/mac/Documents/baudex/frontend/test/unit/domain/usecases/products/update_product_stock_usecase_test.dart: ... should return updated Product when repository call is successful       00:21 +422: /Users/mac/Documents/baudex/frontend/test/unit/domain/usecases/products/update_product_stock_usecase_test.dart: ... should return updated Product when repository call is successful       00:21 +422: /Users/mac/Documents/baudex/frontend/test/unit/domain/usecases/products/update_product_stock_usecase_test.dart: UpdateProductStockUseCase should return Failure when repository call fails 00:21 +423: /Users/mac/Documents/baudex/frontend/test/unit/domain/usecases/products/update_product_stock_usecase_test.dart: UpdateProductStockUseCase should return Failure when repository call fails 00:21 +423: /Users/mac/Documents/baudex/frontend/test/unit/domain/usecases/products/update_product_stock_usecase_test.dart: UpdateProductStockUseCase should handle subtract operation correctly       00:21 +424: /Users/mac/Documents/baudex/frontend/test/unit/domain/usecases/products/update_product_stock_usecase_test.dart: UpdateProductStockUseCase should handle subtract operation correctly       00:21 +424: /Users/mac/Documents/baudex/frontend/test/unit/domain/usecases/products/update_product_stock_usecase_test.dart: UpdateProductStockUseCase should handle add operation correctly            00:21 +425: /Users/mac/Documents/baudex/frontend/test/unit/domain/usecases/products/update_product_stock_usecase_test.dart: UpdateProductStockUseCase should handle add operation correctly            00:21 +425: /Users/mac/Documents/baudex/frontend/test/unit/domain/usecases/products/update_product_stock_usecase_test.dart: ... should use default operation "subtract" when not specified             00:21 +426: /Users/mac/Documents/baudex/frontend/test/unit/domain/usecases/products/update_product_stock_usecase_test.dart: ... should use default operation "subtract" when not specified             00:21 +426: /Users/mac/Documents/baudex/frontend/test/unit/domain/usecases/products/update_product_stock_usecase_test.dart: ... should return ValidationFailure when insufficient stock for subtract   00:21 +427: /Users/mac/Documents/baudex/frontend/test/unit/domain/usecases/products/update_product_stock_usecase_test.dart: ... should return ValidationFailure when insufficient stock for subtract   00:21 +427: /Users/mac/Documents/baudex/frontend/test/unit/domain/usecases/products/update_product_stock_usecase_test.dart: ... should return NotFoundFailure when product does not exist              00:21 +428: /Users/mac/Documents/baudex/frontend/test/unit/domain/usecases/products/update_product_stock_usecase_test.dart: ... should return NotFoundFailure when product does not exist              00:21 +428: /Users/mac/Documents/baudex/frontend/test/unit/domain/usecases/products/update_product_stock_usecase_test.dart: UpdateProductStockUseCase should handle fractional quantities correctly    00:21 +429: /Users/mac/Documents/baudex/frontend/test/unit/domain/usecases/products/update_product_stock_usecase_test.dart: UpdateProductStockUseCase should handle fractional quantities correctly    00:21 +429: /Users/mac/Documents/baudex/frontend/test/unit/domain/usecases/products/update_product_stock_usecase_test.dart: UpdateProductStockUseCase should handle large quantity updates             00:21 +430: /Users/mac/Documents/baudex/frontend/test/unit/domain/usecases/products/update_product_stock_usecase_test.dart: UpdateProductStockUseCase should handle large quantity updates             00:21 +430: /Users/mac/Documents/baudex/frontend/test/unit/domain/usecases/products/update_product_stock_usecase_test.dart: UpdateProductStockUseCase should return NetworkFailure when offline        00:21 +431: /Users/mac/Documents/baudex/frontend/test/unit/domain/usecases/products/update_product_stock_usecase_test.dart: UpdateProductStockUseCase should return NetworkFailure when offline        00:21 +431: /Users/mac/Documents/baudex/frontend/test/unit/domain/usecases/products/update_product_stock_usecase_test.dart: UpdateProductStockUseCase should handle stock reaching zero                00:21 +432: /Users/mac/Documents/baudex/frontend/test/unit/domain/usecases/products/update_product_stock_usecase_test.dart: UpdateProductStockUseCase should handle stock reaching zero                00:21 +432: /Users/mac/Documents/baudex/frontend/test/unit/domain/usecases/products/update_product_stock_usecase_test.dart: UpdateProductStockParams should support value equality                     00:21 +433: /Users/mac/Documents/baudex/frontend/test/unit/domain/usecases/products/update_product_stock_usecase_test.dart: UpdateProductStockParams should support value equality                     00:21 +433: /Users/mac/Documents/baudex/frontend/test/unit/domain/usecases/products/update_product_stock_usecase_test.dart: UpdateProductStockParams should have default operation of "subtract"       00:21 +434: /Users/mac/Documents/baudex/frontend/test/unit/domain/usecases/products/update_product_stock_usecase_test.dart: UpdateProductStockParams should have default operation of "subtract"       00:21 +434: /Users/mac/Documents/baudex/frontend/test/unit/domain/usecases/products/update_product_stock_usecase_test.dart: UpdateProductStockParams should have required fields                       00:21 +435: /Users/mac/Documents/baudex/frontend/test/unit/domain/usecases/products/update_product_stock_usecase_test.dart: UpdateProductStockParams should have required fields                       00:21 +435: loading /Users/mac/Documents/baudex/frontend/test/unit/domain/usecases/products/create_product_usecase_test.dart                                                                           00:21 +435: /Users/mac/Documents/baudex/frontend/test/unit/domain/usecases/products/create_product_usecase_test.dart: CreateProductUseCase should call repository.createProduct with correct parameters00:22 +435: /Users/mac/Documents/baudex/frontend/test/unit/domain/usecases/products/create_product_usecase_test.dart: CreateProductUseCase should call repository.createProduct with correct parameters00:22 +436: /Users/mac/Documents/baudex/frontend/test/unit/domain/usecases/products/create_product_usecase_test.dart: CreateProductUseCase should call repository.createProduct with correct parameters00:22 +436: /Users/mac/Documents/baudex/frontend/test/unit/domain/usecases/products/create_product_usecase_test.dart: CreateProductUseCase should return Product when repository call is successful    00:22 +437: /Users/mac/Documents/baudex/frontend/test/unit/domain/usecases/products/create_product_usecase_test.dart: CreateProductUseCase should return Product when repository call is successful    00:22 +437: /Users/mac/Documents/baudex/frontend/test/unit/domain/usecases/products/create_product_usecase_test.dart: CreateProductUseCase should return Failure when repository call fails            00:22 +438: /Users/mac/Documents/baudex/frontend/test/unit/domain/usecases/products/create_product_usecase_test.dart: CreateProductUseCase should return Failure when repository call fails            00:22 +438: /Users/mac/Documents/baudex/frontend/test/unit/domain/usecases/products/create_product_usecase_test.dart: CreateProductUseCase should return ValidationFailure when SKU already exists     00:22 +439: /Users/mac/Documents/baudex/frontend/test/unit/domain/usecases/products/create_product_usecase_test.dart: CreateProductUseCase should return ValidationFailure when SKU already exists     00:22 +439: /Users/mac/Documents/baudex/frontend/test/unit/domain/usecases/products/create_product_usecase_test.dart: CreateProductUseCase should create product with minimum required fields          00:22 +440: /Users/mac/Documents/baudex/frontend/test/unit/domain/usecases/products/create_product_usecase_test.dart: CreateProductUseCase should create product with minimum required fields          00:22 +440: /Users/mac/Documents/baudex/frontend/test/unit/domain/usecases/products/create_product_usecase_test.dart: CreateProductUseCase should create product with tax configuration                00:22 +441: /Users/mac/Documents/baudex/frontend/test/unit/domain/usecases/products/create_product_usecase_test.dart: CreateProductUseCase should create product with tax configuration                00:22 +441: /Users/mac/Documents/baudex/frontend/test/unit/domain/usecases/products/create_product_usecase_test.dart: CreateProductUseCase should create service type product with zero stock          00:22 +442: /Users/mac/Documents/baudex/frontend/test/unit/domain/usecases/products/create_product_usecase_test.dart: CreateProductUseCase should create service type product with zero stock          00:22 +442: /Users/mac/Documents/baudex/frontend/test/unit/domain/usecases/products/create_product_usecase_test.dart: CreateProductUseCase should return NetworkFailure when offline                   00:22 +443: /Users/mac/Documents/baudex/frontend/test/unit/domain/usecases/products/create_product_usecase_test.dart: CreateProductUseCase should return NetworkFailure when offline                   00:22 +443: /Users/mac/Documents/baudex/frontend/test/unit/domain/usecases/products/create_product_usecase_test.dart: CreateProductParams should support value equality                                00:22 +444: /Users/mac/Documents/baudex/frontend/test/unit/domain/usecases/products/create_product_usecase_test.dart: CreateProductParams should support value equality                                00:22 +444: /Users/mac/Documents/baudex/frontend/test/unit/domain/usecases/products/create_product_usecase_test.dart: CreateProductParams should have required fields                                  00:22 +445: /Users/mac/Documents/baudex/frontend/test/unit/domain/usecases/products/create_product_usecase_test.dart: CreateProductParams should have required fields                                  00:22 +445: loading /Users/mac/Documents/baudex/frontend/test/unit/domain/usecases/products/search_products_usecase_test.dart                                                                          00:22 +445: /Users/mac/Documents/baudex/frontend/test/unit/domain/usecases/products/search_products_usecase_test.dart: ... should call repository.searchProducts with correct parameters               00:23 +445: /Users/mac/Documents/baudex/frontend/test/unit/domain/usecases/products/search_products_usecase_test.dart: ... should call repository.searchProducts with correct parameters               00:23 +446: /Users/mac/Documents/baudex/frontend/test/unit/domain/usecases/products/search_products_usecase_test.dart: ... should call repository.searchProducts with correct parameters               00:23 +446: /Users/mac/Documents/baudex/frontend/test/unit/domain/usecases/products/search_products_usecase_test.dart: ... should return List<Product> when repository call is successful              00:23 +447: /Users/mac/Documents/baudex/frontend/test/unit/domain/usecases/products/search_products_usecase_test.dart: ... should return List<Product> when repository call is successful              00:23 +447: /Users/mac/Documents/baudex/frontend/test/unit/domain/usecases/products/search_products_usecase_test.dart: SearchProductsUseCase should return Failure when repository call fails          00:23 +448: /Users/mac/Documents/baudex/frontend/test/unit/domain/usecases/products/search_products_usecase_test.dart: SearchProductsUseCase should return Failure when repository call fails          00:23 +448: /Users/mac/Documents/baudex/frontend/test/unit/domain/usecases/products/search_products_usecase_test.dart: ... should return empty list when no products match search term                 00:23 +449: /Users/mac/Documents/baudex/frontend/test/unit/domain/usecases/products/search_products_usecase_test.dart: ... should return empty list when no products match search term                 00:23 +449: /Users/mac/Documents/baudex/frontend/test/unit/domain/usecases/products/search_products_usecase_test.dart: SearchProductsUseCase should handle search by SKU                               00:23 +450: /Users/mac/Documents/baudex/frontend/test/unit/domain/usecases/products/search_products_usecase_test.dart: SearchProductsUseCase should handle search by SKU                               00:23 +450: /Users/mac/Documents/baudex/frontend/test/unit/domain/usecases/products/search_products_usecase_test.dart: SearchProductsUseCase should handle search by barcode                           00:23 +451: /Users/mac/Documents/baudex/frontend/test/unit/domain/usecases/products/search_products_usecase_test.dart: SearchProductsUseCase should handle search by barcode                           00:23 +451: /Users/mac/Documents/baudex/frontend/test/unit/domain/usecases/products/search_products_usecase_test.dart: SearchProductsUseCase should respect limit parameter                            00:23 +452: /Users/mac/Documents/baudex/frontend/test/unit/domain/usecases/products/search_products_usecase_test.dart: SearchProductsUseCase should respect limit parameter                            00:23 +452: /Users/mac/Documents/baudex/frontend/test/unit/domain/usecases/products/search_products_usecase_test.dart: SearchProductsUseCase should use default limit of 10 when not specified         00:23 +453: /Users/mac/Documents/baudex/frontend/test/unit/domain/usecases/products/search_products_usecase_test.dart: SearchProductsUseCase should use default limit of 10 when not specified         00:23 +453: /Users/mac/Documents/baudex/frontend/test/unit/domain/usecases/products/search_products_usecase_test.dart: SearchProductsUseCase should handle partial name matches                        00:23 +454: /Users/mac/Documents/baudex/frontend/test/unit/domain/usecases/products/search_products_usecase_test.dart: SearchProductsUseCase should handle partial name matches                        00:23 +454: /Users/mac/Documents/baudex/frontend/test/unit/domain/usecases/products/search_products_usecase_test.dart: SearchProductsUseCase should return NetworkFailure when offline                 00:23 +455: /Users/mac/Documents/baudex/frontend/test/unit/domain/usecases/products/search_products_usecase_test.dart: SearchProductsUseCase should return NetworkFailure when offline                 00:23 +455: /Users/mac/Documents/baudex/frontend/test/unit/domain/usecases/products/search_products_usecase_test.dart: SearchProductsUseCase should handle case-insensitive search                     00:23 +456: /Users/mac/Documents/baudex/frontend/test/unit/domain/usecases/products/search_products_usecase_test.dart: SearchProductsUseCase should handle case-insensitive search                     00:23 +456: /Users/mac/Documents/baudex/frontend/test/unit/domain/usecases/products/search_products_usecase_test.dart: SearchProductsParams should support value equality                              00:23 +457: /Users/mac/Documents/baudex/frontend/test/unit/domain/usecases/products/search_products_usecase_test.dart: SearchProductsParams should support value equality                              00:23 +457: /Users/mac/Documents/baudex/frontend/test/unit/domain/usecases/products/search_products_usecase_test.dart: SearchProductsParams should have default limit of 10                            00:23 +458: /Users/mac/Documents/baudex/frontend/test/unit/domain/usecases/products/search_products_usecase_test.dart: SearchProductsParams should have default limit of 10                            00:23 +458: /Users/mac/Documents/baudex/frontend/test/unit/domain/usecases/products/search_products_usecase_test.dart: SearchProductsParams should have required searchTerm field                      00:23 +459: /Users/mac/Documents/baudex/frontend/test/unit/domain/usecases/products/search_products_usecase_test.dart: SearchProductsParams should have required searchTerm field                      00:23 +459: loading /Users/mac/Documents/baudex/frontend/test/unit/domain/usecases/products/get_products_by_category_usecase_test.dart                                                                 00:23 +459: /Users/mac/Documents/baudex/frontend/test/unit/domain/usecases/products/get_products_by_category_usecase_test.dart: ... call repository.getProductsByCategory with correct category ID     00:23 +460: /Users/mac/Documents/baudex/frontend/test/unit/domain/usecases/products/get_products_by_category_usecase_test.dart: ... call repository.getProductsByCategory with correct category ID     00:23 +460: /Users/mac/Documents/baudex/frontend/test/unit/domain/usecases/products/get_products_by_category_usecase_test.dart: ... should return List<Product> when repository call is successful     00:23 +461: /Users/mac/Documents/baudex/frontend/test/unit/domain/usecases/products/get_products_by_category_usecase_test.dart: ... should return List<Product> when repository call is successful     00:23 +461: /Users/mac/Documents/baudex/frontend/test/unit/domain/usecases/products/get_products_by_category_usecase_test.dart: ... should return Failure when repository call fails                   00:23 +462: /Users/mac/Documents/baudex/frontend/test/unit/domain/usecases/products/get_products_by_category_usecase_test.dart: ... should return Failure when repository call fails                   00:23 +462: /Users/mac/Documents/baudex/frontend/test/unit/domain/usecases/products/get_products_by_category_usecase_test.dart: ... should return empty list when category has no products             00:23 +463: /Users/mac/Documents/baudex/frontend/test/unit/domain/usecases/products/get_products_by_category_usecase_test.dart: ... should return empty list when category has no products             00:23 +463: /Users/mac/Documents/baudex/frontend/test/unit/domain/usecases/products/get_products_by_category_usecase_test.dart: ... should return products only from specified category                00:23 +464: /Users/mac/Documents/baudex/frontend/test/unit/domain/usecases/products/get_products_by_category_usecase_test.dart: ... should return products only from specified category                00:23 +464: /Users/mac/Documents/baudex/frontend/test/unit/domain/usecases/products/get_products_by_category_usecase_test.dart: GetProductsByCategoryUseCase should handle different category IDs      00:23 +465: /Users/mac/Documents/baudex/frontend/test/unit/domain/usecases/products/get_products_by_category_usecase_test.dart: GetProductsByCategoryUseCase should handle different category IDs      00:23 +465: /Users/mac/Documents/baudex/frontend/test/unit/domain/usecases/products/get_products_by_category_usecase_test.dart: ... should return NotFoundFailure when category does not exist         00:23 +466: /Users/mac/Documents/baudex/frontend/test/unit/domain/usecases/products/get_products_by_category_usecase_test.dart: ... should return NotFoundFailure when category does not exist         00:23 +466: /Users/mac/Documents/baudex/frontend/test/unit/domain/usecases/products/get_products_by_category_usecase_test.dart: GetProductsByCategoryUseCase should return NetworkFailure when offline 00:23 +467: /Users/mac/Documents/baudex/frontend/test/unit/domain/usecases/products/get_products_by_category_usecase_test.dart: GetProductsByCategoryUseCase should return NetworkFailure when offline 00:23 +467: /Users/mac/Documents/baudex/frontend/test/unit/domain/usecases/products/get_products_by_category_usecase_test.dart: ... should return CacheFailure when offline and no cached data         00:23 +468: /Users/mac/Documents/baudex/frontend/test/unit/domain/usecases/products/get_products_by_category_usecase_test.dart: ... should return CacheFailure when offline and no cached data         00:23 +468: /Users/mac/Documents/baudex/frontend/test/unit/domain/usecases/products/get_products_by_category_usecase_test.dart: ... should return products with different statuses from same category  00:23 +469: /Users/mac/Documents/baudex/frontend/test/unit/domain/usecases/products/get_products_by_category_usecase_test.dart: ... should return products with different statuses from same category  00:23 +469: /Users/mac/Documents/baudex/frontend/test/unit/domain/usecases/products/get_products_by_category_usecase_test.dart: ... should return products with different types from same category     00:23 +470: /Users/mac/Documents/baudex/frontend/test/unit/domain/usecases/products/get_products_by_category_usecase_test.dart: ... should return products with different types from same category     00:23 +470: /Users/mac/Documents/baudex/frontend/test/unit/domain/usecases/products/get_products_by_category_usecase_test.dart: GetProductsByCategoryParams should support value equality              00:23 +471: /Users/mac/Documents/baudex/frontend/test/unit/domain/usecases/products/get_products_by_category_usecase_test.dart: GetProductsByCategoryParams should support value equality              00:23 +471: /Users/mac/Documents/baudex/frontend/test/unit/domain/usecases/products/get_products_by_category_usecase_test.dart: GetProductsByCategoryParams should have required categoryId field      00:23 +472: /Users/mac/Documents/baudex/frontend/test/unit/domain/usecases/products/get_products_by_category_usecase_test.dart: GetProductsByCategoryParams should have required categoryId field      00:24 +472: /Users/mac/Documents/baudex/frontend/test/unit/domain/usecases/products/get_products_by_category_usecase_test.dart: GetProductsByCategoryParams should have required categoryId field      00:25 +472: /Users/mac/Documents/baudex/frontend/test/unit/domain/usecases/products/get_products_by_category_usecase_test.dart: GetProductsByCategoryParams should have required categoryId field      00:25 +472: loading /Users/mac/Documents/baudex/frontend/test/unit/domain/usecases/products/update_product_usecase_test.dart                                                                           00:25 +472: /Users/mac/Documents/baudex/frontend/test/unit/domain/usecases/products/update_product_usecase_test.dart: UpdateProductUseCase should call repository.updateProduct with correct parameters00:25 +473: /Users/mac/Documents/baudex/frontend/test/unit/domain/usecases/products/update_product_usecase_test.dart: UpdateProductUseCase should call repository.updateProduct with correct parameters00:25 +473: /Users/mac/Documents/baudex/frontend/test/unit/domain/usecases/products/update_product_usecase_test.dart: ... should return updated Product when repository call is successful             00:25 +474: /Users/mac/Documents/baudex/frontend/test/unit/domain/usecases/products/update_product_usecase_test.dart: ... should return updated Product when repository call is successful             00:25 +474: /Users/mac/Documents/baudex/frontend/test/unit/domain/usecases/products/update_product_usecase_test.dart: UpdateProductUseCase should return Failure when repository call fails            00:25 +475: /Users/mac/Documents/baudex/frontend/test/unit/domain/usecases/products/update_product_usecase_test.dart: UpdateProductUseCase should return Failure when repository call fails            00:25 +475: /Users/mac/Documents/baudex/frontend/test/unit/domain/usecases/products/update_product_usecase_test.dart: UpdateProductUseCase should return NotFoundFailure when product does not exist   00:25 +476: /Users/mac/Documents/baudex/frontend/test/unit/domain/usecases/products/update_product_usecase_test.dart: UpdateProductUseCase should return NotFoundFailure when product does not exist   00:25 +476: /Users/mac/Documents/baudex/frontend/test/unit/domain/usecases/products/update_product_usecase_test.dart: UpdateProductUseCase should update only specified fields                         00:25 +477: /Users/mac/Documents/baudex/frontend/test/unit/domain/usecases/products/update_product_usecase_test.dart: UpdateProductUseCase should update only specified fields                         00:25 +477: /Users/mac/Documents/baudex/frontend/test/unit/domain/usecases/products/update_product_usecase_test.dart: UpdateProductUseCase should update product status                                00:25 +478: /Users/mac/Documents/baudex/frontend/test/unit/domain/usecases/products/update_product_usecase_test.dart: UpdateProductUseCase should update product status                                00:25 +478: /Users/mac/Documents/baudex/frontend/test/unit/domain/usecases/products/update_product_usecase_test.dart: UpdateProductUseCase should return NetworkFailure when offline                   00:25 +479: /Users/mac/Documents/baudex/frontend/test/unit/domain/usecases/products/update_product_usecase_test.dart: UpdateProductUseCase should return NetworkFailure when offline                   00:25 +479: /Users/mac/Documents/baudex/frontend/test/unit/domain/usecases/products/update_product_usecase_test.dart: UpdateProductParams should support value equality                                00:25 +480: /Users/mac/Documents/baudex/frontend/test/unit/domain/usecases/products/update_product_usecase_test.dart: UpdateProductParams should support value equality                                00:25 +480: /Users/mac/Documents/baudex/frontend/test/unit/domain/usecases/products/update_product_usecase_test.dart: UpdateProductParams should have required id field                                00:25 +481: /Users/mac/Documents/baudex/frontend/test/unit/domain/usecases/products/update_product_usecase_test.dart: UpdateProductParams should have required id field                                00:26 +481: /Users/mac/Documents/baudex/frontend/test/unit/domain/usecases/products/update_product_usecase_test.dart: UpdateProductParams should have required id field                                00:26 +481: loading /Users/mac/Documents/baudex/frontend/test/unit/domain/usecases/products/delete_product_usecase_test.dart                                                                           00:26 +481: /Users/mac/Documents/baudex/frontend/test/unit/domain/usecases/products/delete_product_usecase_test.dart: DeleteProductUseCase should call repository.deleteProduct with correct product ID00:26 +482: /Users/mac/Documents/baudex/frontend/test/unit/domain/usecases/products/delete_product_usecase_test.dart: DeleteProductUseCase should call repository.deleteProduct with correct product ID00:26 +482: /Users/mac/Documents/baudex/frontend/test/unit/domain/usecases/products/delete_product_usecase_test.dart: DeleteProductUseCase should return Unit when deletion is successful              00:26 +483: /Users/mac/Documents/baudex/frontend/test/unit/domain/usecases/products/delete_product_usecase_test.dart: DeleteProductUseCase should return Unit when deletion is successful              00:26 +483: /Users/mac/Documents/baudex/frontend/test/unit/domain/usecases/products/delete_product_usecase_test.dart: DeleteProductUseCase should return Failure when repository call fails            00:26 +484: /Users/mac/Documents/baudex/frontend/test/unit/domain/usecases/products/delete_product_usecase_test.dart: DeleteProductUseCase should return Failure when repository call fails            00:26 +484: /Users/mac/Documents/baudex/frontend/test/unit/domain/usecases/products/delete_product_usecase_test.dart: DeleteProductUseCase should return NotFoundFailure when product does not exist   00:26 +485: /Users/mac/Documents/baudex/frontend/test/unit/domain/usecases/products/delete_product_usecase_test.dart: DeleteProductUseCase should return NotFoundFailure when product does not exist   00:26 +485: /Users/mac/Documents/baudex/frontend/test/unit/domain/usecases/products/delete_product_usecase_test.dart: DeleteProductUseCase should return NetworkFailure when network is unavailable    00:26 +486: /Users/mac/Documents/baudex/frontend/test/unit/domain/usecases/products/delete_product_usecase_test.dart: DeleteProductUseCase should return NetworkFailure when network is unavailable    00:26 +486: /Users/mac/Documents/baudex/frontend/test/unit/domain/usecases/products/delete_product_usecase_test.dart: DeleteProductUseCase should return ValidationFailure when product is in use      00:26 +487: /Users/mac/Documents/baudex/frontend/test/unit/domain/usecases/products/delete_product_usecase_test.dart: DeleteProductUseCase should return ValidationFailure when product is in use      00:26 +487: /Users/mac/Documents/baudex/frontend/test/unit/domain/usecases/products/delete_product_usecase_test.dart: DeleteProductUseCase should handle deletion of different product IDs             00:26 +488: /Users/mac/Documents/baudex/frontend/test/unit/domain/usecases/products/delete_product_usecase_test.dart: DeleteProductUseCase should handle deletion of different product IDs             00:26 +488: /Users/mac/Documents/baudex/frontend/test/unit/domain/usecases/products/delete_product_usecase_test.dart: DeleteProductParams should support value equality                                00:26 +489: /Users/mac/Documents/baudex/frontend/test/unit/domain/usecases/products/delete_product_usecase_test.dart: DeleteProductParams should support value equality                                00:26 +489: /Users/mac/Documents/baudex/frontend/test/unit/domain/usecases/products/delete_product_usecase_test.dart: DeleteProductParams should have required id field                                00:26 +490: /Users/mac/Documents/baudex/frontend/test/unit/domain/usecases/products/delete_product_usecase_test.dart: DeleteProductParams should have required id field                                00:27 +490: /Users/mac/Documents/baudex/frontend/test/unit/domain/usecases/products/delete_product_usecase_test.dart: DeleteProductParams should have required id field                                00:27 +490: loading /Users/mac/Documents/baudex/frontend/test/unit/domain/usecases/products/get_low_stock_products_usecase_test.dart                                                                   00:27 +490: /Users/mac/Documents/baudex/frontend/test/unit/domain/usecases/products/get_low_stock_products_usecase_test.dart: GetLowStockProductsUseCase should call repository.getLowStockProducts    00:27 +491: /Users/mac/Documents/baudex/frontend/test/unit/domain/usecases/products/get_low_stock_products_usecase_test.dart: GetLowStockProductsUseCase should call repository.getLowStockProducts    00:27 +491: /Users/mac/Documents/baudex/frontend/test/unit/domain/usecases/products/get_low_stock_products_usecase_test.dart: ... should return List<Product> when repository call is successful       00:27 +492: /Users/mac/Documents/baudex/frontend/test/unit/domain/usecases/products/get_low_stock_products_usecase_test.dart: ... should return List<Product> when repository call is successful       00:27 +492: /Users/mac/Documents/baudex/frontend/test/unit/domain/usecases/products/get_low_stock_products_usecase_test.dart: ... should return only products with stock <= minStock                   00:27 +493: /Users/mac/Documents/baudex/frontend/test/unit/domain/usecases/products/get_low_stock_products_usecase_test.dart: ... should return only products with stock <= minStock                   00:27 +493: /Users/mac/Documents/baudex/frontend/test/unit/domain/usecases/products/get_low_stock_products_usecase_test.dart: ... should return Failure when repository call fails                     00:27 +494: /Users/mac/Documents/baudex/frontend/test/unit/domain/usecases/products/get_low_stock_products_usecase_test.dart: ... should return Failure when repository call fails                     00:27 +494: /Users/mac/Documents/baudex/frontend/test/unit/domain/usecases/products/get_low_stock_products_usecase_test.dart: ... should return empty list when no low stock products exist            00:27 +495: /Users/mac/Documents/baudex/frontend/test/unit/domain/usecases/products/get_low_stock_products_usecase_test.dart: ... should return empty list when no low stock products exist            00:27 +495: /Users/mac/Documents/baudex/frontend/test/unit/domain/usecases/products/get_low_stock_products_usecase_test.dart: ... should include out of stock products (stock = 0)                     00:27 +496: /Users/mac/Documents/baudex/frontend/test/unit/domain/usecases/products/get_low_stock_products_usecase_test.dart: ... should include out of stock products (stock = 0)                     00:27 +496: /Users/mac/Documents/baudex/frontend/test/unit/domain/usecases/products/get_low_stock_products_usecase_test.dart: GetLowStockProductsUseCase should return NetworkFailure when offline     00:27 +497: /Users/mac/Documents/baudex/frontend/test/unit/domain/usecases/products/get_low_stock_products_usecase_test.dart: GetLowStockProductsUseCase should return NetworkFailure when offline     00:27 +497: /Users/mac/Documents/baudex/frontend/test/unit/domain/usecases/products/get_low_stock_products_usecase_test.dart: ... should return CacheFailure when offline and no cached data           00:27 +498: /Users/mac/Documents/baudex/frontend/test/unit/domain/usecases/products/get_low_stock_products_usecase_test.dart: ... should return CacheFailure when offline and no cached data           00:27 +498: /Users/mac/Documents/baudex/frontend/test/unit/domain/usecases/products/get_low_stock_products_usecase_test.dart: ... should handle products with different stock levels                   00:27 +499: /Users/mac/Documents/baudex/frontend/test/unit/domain/usecases/products/get_low_stock_products_usecase_test.dart: ... should handle products with different stock levels                   00:27 +499: /Users/mac/Documents/baudex/frontend/test/unit/domain/usecases/products/get_low_stock_products_usecase_test.dart: ... should not include service products (stock tracking disabled)        00:27 +500: /Users/mac/Documents/baudex/frontend/test/unit/domain/usecases/products/get_low_stock_products_usecase_test.dart: ... should not include service products (stock tracking disabled)        00:28 +500: /Users/mac/Documents/baudex/frontend/test/unit/domain/usecases/products/get_low_stock_products_usecase_test.dart: ... should not include service products (stock tracking disabled)        00:28 +500: loading /Users/mac/Documents/baudex/frontend/test/unit/domain/usecases/products/get_product_stats_usecase_test.dart                                                                        00:28 +500: /Users/mac/Documents/baudex/frontend/test/unit/domain/usecases/products/get_product_stats_usecase_test.dart: GetProductStatsUseCase should call repository.getProductStats                 00:28 +501: /Users/mac/Documents/baudex/frontend/test/unit/domain/usecases/products/get_product_stats_usecase_test.dart: GetProductStatsUseCase should call repository.getProductStats                 00:28 +501: /Users/mac/Documents/baudex/frontend/test/unit/domain/usecases/products/get_product_stats_usecase_test.dart: ... should return ProductStats when repository call is successful             00:28 +502: /Users/mac/Documents/baudex/frontend/test/unit/domain/usecases/products/get_product_stats_usecase_test.dart: ... should return ProductStats when repository call is successful             00:28 +502: /Users/mac/Documents/baudex/frontend/test/unit/domain/usecases/products/get_product_stats_usecase_test.dart: GetProductStatsUseCase should return Failure when repository call fails       00:28 +503: /Users/mac/Documents/baudex/frontend/test/unit/domain/usecases/products/get_product_stats_usecase_test.dart: GetProductStatsUseCase should return Failure when repository call fails       00:28 +503: /Users/mac/Documents/baudex/frontend/test/unit/domain/usecases/products/get_product_stats_usecase_test.dart: ... should return stats with zero values when no products exist               00:28 +504: /Users/mac/Documents/baudex/frontend/test/unit/domain/usecases/products/get_product_stats_usecase_test.dart: ... should return stats with zero values when no products exist               00:28 +504: /Users/mac/Documents/baudex/frontend/test/unit/domain/usecases/products/get_product_stats_usecase_test.dart: GetProductStatsUseCase should return NetworkFailure when offline              00:28 +505: /Users/mac/Documents/baudex/frontend/test/unit/domain/usecases/products/get_product_stats_usecase_test.dart: GetProductStatsUseCase should return NetworkFailure when offline              00:28 +505: /Users/mac/Documents/baudex/frontend/test/unit/domain/usecases/products/get_product_stats_usecase_test.dart: ... should return CacheFailure when offline and no cached data                00:28 +506: /Users/mac/Documents/baudex/frontend/test/unit/domain/usecases/products/get_product_stats_usecase_test.dart: ... should return CacheFailure when offline and no cached data                00:28 +506: /Users/mac/Documents/baudex/frontend/test/unit/domain/usecases/products/get_product_stats_usecase_test.dart: GetProductStatsUseCase should handle stats with high values                   00:28 +507: /Users/mac/Documents/baudex/frontend/test/unit/domain/usecases/products/get_product_stats_usecase_test.dart: GetProductStatsUseCase should handle stats with high values                   00:28 +507: /Users/mac/Documents/baudex/frontend/test/unit/domain/usecases/products/get_product_stats_usecase_test.dart: ... should validate stats consistency (total = active + inactive + outOfStock)00:28 +508: /Users/mac/Documents/baudex/frontend/test/unit/domain/usecases/products/get_product_stats_usecase_test.dart: ... should validate stats consistency (total = active + inactive + outOfStock)00:28 +508: /Users/mac/Documents/baudex/frontend/test/unit/domain/usecases/products/get_product_stats_usecase_test.dart: GetProductStatsUseCase should handle stats with fractional values             00:28 +509: /Users/mac/Documents/baudex/frontend/test/unit/domain/usecases/products/get_product_stats_usecase_test.dart: GetProductStatsUseCase should handle stats with fractional values             00:28 +509: /Users/mac/Documents/baudex/frontend/test/unit/domain/usecases/products/get_product_stats_usecase_test.dart: GetProductStatsUseCase should return stats even when lowStock is high         00:28 +510: /Users/mac/Documents/baudex/frontend/test/unit/domain/usecases/products/get_product_stats_usecase_test.dart: GetProductStatsUseCase should return stats even when lowStock is high         00:29 +510: /Users/mac/Documents/baudex/frontend/test/unit/domain/usecases/products/get_product_stats_usecase_test.dart: GetProductStatsUseCase should return stats even when lowStock is high         00:29 +510: loading /Users/mac/Documents/baudex/frontend/test/unit/domain/usecases/products/get_product_by_id_usecase_test.dart                                                                        00:29 +510: /Users/mac/Documents/baudex/frontend/test/unit/domain/usecases/products/get_product_by_id_usecase_test.dart: ... should call repository.getProductById with correct product ID             00:29 +511: /Users/mac/Documents/baudex/frontend/test/unit/domain/usecases/products/get_product_by_id_usecase_test.dart: ... should call repository.getProductById with correct product ID             00:29 +511: /Users/mac/Documents/baudex/frontend/test/unit/domain/usecases/products/get_product_by_id_usecase_test.dart: GetProductByIdUseCase should return Product when repository call is successful00:29 +512: /Users/mac/Documents/baudex/frontend/test/unit/domain/usecases/products/get_product_by_id_usecase_test.dart: GetProductByIdUseCase should return Product when repository call is successful00:29 +512: /Users/mac/Documents/baudex/frontend/test/unit/domain/usecases/products/get_product_by_id_usecase_test.dart: GetProductByIdUseCase should return Failure when repository call fails        00:29 +513: /Users/mac/Documents/baudex/frontend/test/unit/domain/usecases/products/get_product_by_id_usecase_test.dart: GetProductByIdUseCase should return Failure when repository call fails        00:29 +513: /Users/mac/Documents/baudex/frontend/test/unit/domain/usecases/products/get_product_by_id_usecase_test.dart: ... should return NotFoundFailure when product does not exist                 00:29 +514: /Users/mac/Documents/baudex/frontend/test/unit/domain/usecases/products/get_product_by_id_usecase_test.dart: ... should return NotFoundFailure when product does not exist                 00:29 +514: /Users/mac/Documents/baudex/frontend/test/unit/domain/usecases/products/get_product_by_id_usecase_test.dart: GetProductByIdUseCase should return NetworkFailure when network is unavailable00:29 +515: /Users/mac/Documents/baudex/frontend/test/unit/domain/usecases/products/get_product_by_id_usecase_test.dart: GetProductByIdUseCase should return NetworkFailure when network is unavailable00:29 +515: /Users/mac/Documents/baudex/frontend/test/unit/domain/usecases/products/get_product_by_id_usecase_test.dart: ... should return CacheFailure when offline and no cached data                00:29 +516: /Users/mac/Documents/baudex/frontend/test/unit/domain/usecases/products/get_product_by_id_usecase_test.dart: ... should return CacheFailure when offline and no cached data                00:29 +516: /Users/mac/Documents/baudex/frontend/test/unit/domain/usecases/products/get_product_by_id_usecase_test.dart: GetProductByIdUseCase should handle product with multiple prices              00:29 +517: /Users/mac/Documents/baudex/frontend/test/unit/domain/usecases/products/get_product_by_id_usecase_test.dart: GetProductByIdUseCase should handle product with multiple prices              00:29 +517: /Users/mac/Documents/baudex/frontend/test/unit/domain/usecases/products/get_product_by_id_usecase_test.dart: GetProductByIdUseCase should handle low stock product                         00:29 +518: /Users/mac/Documents/baudex/frontend/test/unit/domain/usecases/products/get_product_by_id_usecase_test.dart: GetProductByIdUseCase should handle low stock product                         00:29 +518: /Users/mac/Documents/baudex/frontend/test/unit/domain/usecases/products/get_product_by_id_usecase_test.dart: GetProductByIdUseCase should handle service type product                      00:29 +519: /Users/mac/Documents/baudex/frontend/test/unit/domain/usecases/products/get_product_by_id_usecase_test.dart: GetProductByIdUseCase should handle service type product                      00:29 +519: /Users/mac/Documents/baudex/frontend/test/unit/domain/usecases/products/get_product_by_id_usecase_test.dart: GetProductByIdUseCase should handle inactive product                          00:29 +520: /Users/mac/Documents/baudex/frontend/test/unit/domain/usecases/products/get_product_by_id_usecase_test.dart: GetProductByIdUseCase should handle inactive product                          00:29 +520: /Users/mac/Documents/baudex/frontend/test/unit/domain/usecases/products/get_product_by_id_usecase_test.dart: GetProductByIdParams should support value equality                            00:29 +521: /Users/mac/Documents/baudex/frontend/test/unit/domain/usecases/products/get_product_by_id_usecase_test.dart: GetProductByIdParams should support value equality                            00:29 +521: /Users/mac/Documents/baudex/frontend/test/unit/domain/usecases/products/get_product_by_id_usecase_test.dart: GetProductByIdParams should have required id field                            00:29 +522: /Users/mac/Documents/baudex/frontend/test/unit/domain/usecases/products/get_product_by_id_usecase_test.dart: GetProductByIdParams should have required id field                            00:30 +522: /Users/mac/Documents/baudex/frontend/test/unit/domain/usecases/products/get_product_by_id_usecase_test.dart: GetProductByIdParams should have required id field                            00:30 +522: loading /Users/mac/Documents/baudex/frontend/test/integration/products/product_crud_flow_test.dart                                                                                         00:30 +522: /Users/mac/Documents/baudex/frontend/test/integration/products/product_crud_flow_test.dart: Product CRUD Flow Integration complete CRUD flow: Create → Read → Update → Delete              00:30 +522: /Users/mac/Documents/baudex/frontend/test/integration/products/product_crud_flow_test.dart: Product CRUD Flow Integration complete CRUD flow: Create → Read → Update → Delete              
Warning: Could not add to sync queue: "SyncService" not found. You need to call "Get.put(SyncService())" or "Get.lazyPut(()=>SyncService())"
Warning: Could not add to sync queue: "SyncService" not found. You need to call "Get.put(SyncService())" or "Get.lazyPut(()=>SyncService())"
Warning: Could not add to sync queue: "SyncService" not found. You need to call "Get.put(SyncService())" or "Get.lazyPut(()=>SyncService())"
00:30 +523: /Users/mac/Documents/baudex/frontend/test/integration/products/product_crud_flow_test.dart: Product CRUD Flow Integration complete CRUD flow: Create → Read → Update → Delete              00:30 +523: /Users/mac/Documents/baudex/frontend/test/integration/products/product_crud_flow_test.dart: Product CRUD Flow Integration CRUD flow with stock operations                                  00:30 +523: /Users/mac/Documents/baudex/frontend/test/integration/products/product_crud_flow_test.dart: Product CRUD Flow Integration CRUD flow with stock operations                                  
Warning: Could not add to sync queue: "SyncService" not found. You need to call "Get.put(SyncService())" or "Get.lazyPut(()=>SyncService())"
00:30 +524: /Users/mac/Documents/baudex/frontend/test/integration/products/product_crud_flow_test.dart: Product CRUD Flow Integration CRUD flow with stock operations                                  00:30 +524: /Users/mac/Documents/baudex/frontend/test/integration/products/product_crud_flow_test.dart: Product CRUD Flow Integration multiple products CRUD flow                                      00:30 +524: /Users/mac/Documents/baudex/frontend/test/integration/products/product_crud_flow_test.dart: Product CRUD Flow Integration multiple products CRUD flow                                      
Warning: Could not add to sync queue: "SyncService" not found. You need to call "Get.put(SyncService())" or "Get.lazyPut(()=>SyncService())"
Warning: Could not add to sync queue: "SyncService" not found. You need to call "Get.put(SyncService())" or "Get.lazyPut(()=>SyncService())"
Warning: Could not add to sync queue: "SyncService" not found. You need to call "Get.put(SyncService())" or "Get.lazyPut(()=>SyncService())"
Warning: Could not add to sync queue: "SyncService" not found. You need to call "Get.put(SyncService())" or "Get.lazyPut(()=>SyncService())"
Warning: Could not add to sync queue: "SyncService" not found. You need to call "Get.put(SyncService())" or "Get.lazyPut(()=>SyncService())"
Warning: Could not add to sync queue: "SyncService" not found. You need to call "Get.put(SyncService())" or "Get.lazyPut(()=>SyncService())"
Warning: Could not add to sync queue: "SyncService" not found. You need to call "Get.put(SyncService())" or "Get.lazyPut(()=>SyncService())"
00:30 +525: /Users/mac/Documents/baudex/frontend/test/integration/products/product_crud_flow_test.dart: Product CRUD Flow Integration multiple products CRUD flow                                      00:30 +525: /Users/mac/Documents/baudex/frontend/test/integration/products/product_crud_flow_test.dart: Product CRUD Flow Integration CRUD with cache consistency                                      00:30 +525: /Users/mac/Documents/baudex/frontend/test/integration/products/product_crud_flow_test.dart: Product CRUD Flow Integration CRUD with cache consistency                                      
Warning: Could not add to sync queue: "SyncService" not found. You need to call "Get.put(SyncService())" or "Get.lazyPut(()=>SyncService())"
Warning: Could not add to sync queue: "SyncService" not found. You need to call "Get.put(SyncService())" or "Get.lazyPut(()=>SyncService())"
Warning: Could not add to sync queue: "SyncService" not found. You need to call "Get.put(SyncService())" or "Get.lazyPut(()=>SyncService())"
00:30 +526: /Users/mac/Documents/baudex/frontend/test/integration/products/product_crud_flow_test.dart: Product CRUD Flow Integration CRUD with cache consistency                                      00:31 +526: /Users/mac/Documents/baudex/frontend/test/integration/products/product_crud_flow_test.dart: Product CRUD Flow Integration CRUD with cache consistency                                      00:31 +526: loading /Users/mac/Documents/baudex/frontend/test/integration/products/product_offline_flow_test.dart                                                                                      00:31 +526: /Users/mac/Documents/baudex/frontend/test/integration/products/product_offline_flow_test.dart: Product Offline Flow Integration create multiple products offline                           00:31 +526: /Users/mac/Documents/baudex/frontend/test/integration/products/product_offline_flow_test.dart: Product Offline Flow Integration create multiple products offline                           
Warning: Could not add to sync queue: "SyncService" not found. You need to call "Get.put(SyncService())" or "Get.lazyPut(()=>SyncService())"
Warning: Could not add to sync queue: "SyncService" not found. You need to call "Get.put(SyncService())" or "Get.lazyPut(()=>SyncService())"
Warning: Could not add to sync queue: "SyncService" not found. You need to call "Get.put(SyncService())" or "Get.lazyPut(()=>SyncService())"
Warning: Could not add to sync queue: "SyncService" not found. You need to call "Get.put(SyncService())" or "Get.lazyPut(()=>SyncService())"
Warning: Could not add to sync queue: "SyncService" not found. You need to call "Get.put(SyncService())" or "Get.lazyPut(()=>SyncService())"
Warning: Could not add to sync queue: "SyncService" not found. You need to call "Get.put(SyncService())" or "Get.lazyPut(()=>SyncService())"
Warning: Could not add to sync queue: "SyncService" not found. You need to call "Get.put(SyncService())" or "Get.lazyPut(()=>SyncService())"
Warning: Could not add to sync queue: "SyncService" not found. You need to call "Get.put(SyncService())" or "Get.lazyPut(()=>SyncService())"
Warning: Could not add to sync queue: "SyncService" not found. You need to call "Get.put(SyncService())" or "Get.lazyPut(()=>SyncService())"
Warning: Could not add to sync queue: "SyncService" not found. You need to call "Get.put(SyncService())" or "Get.lazyPut(()=>SyncService())"
00:31 +527: /Users/mac/Documents/baudex/frontend/test/integration/products/product_offline_flow_test.dart: Product Offline Flow Integration create multiple products offline                           00:31 +527: /Users/mac/Documents/baudex/frontend/test/integration/products/product_offline_flow_test.dart: Product Offline Flow Integration search products offline                                    00:31 +527: /Users/mac/Documents/baudex/frontend/test/integration/products/product_offline_flow_test.dart: Product Offline Flow Integration search products offline                                    
Warning: Could not add to sync queue: "SyncService" not found. You need to call "Get.put(SyncService())" or "Get.lazyPut(()=>SyncService())"
Warning: Could not add to sync queue: "SyncService" not found. You need to call "Get.put(SyncService())" or "Get.lazyPut(()=>SyncService())"
Warning: Could not add to sync queue: "SyncService" not found. You need to call "Get.put(SyncService())" or "Get.lazyPut(()=>SyncService())"
00:31 +528: /Users/mac/Documents/baudex/frontend/test/integration/products/product_offline_flow_test.dart: Product Offline Flow Integration search products offline                                    00:31 +528: /Users/mac/Documents/baudex/frontend/test/integration/products/product_offline_flow_test.dart: Product Offline Flow Integration filter products by status offline                          00:31 +528: /Users/mac/Documents/baudex/frontend/test/integration/products/product_offline_flow_test.dart: Product Offline Flow Integration filter products by status offline                          
Warning: Could not add to sync queue: "SyncService" not found. You need to call "Get.put(SyncService())" or "Get.lazyPut(()=>SyncService())"
Warning: Could not add to sync queue: "SyncService" not found. You need to call "Get.put(SyncService())" or "Get.lazyPut(()=>SyncService())"
00:31 +529: /Users/mac/Documents/baudex/frontend/test/integration/products/product_offline_flow_test.dart: Product Offline Flow Integration filter products by status offline                          00:31 +529: /Users/mac/Documents/baudex/frontend/test/integration/products/product_offline_flow_test.dart: Product Offline Flow Integration filter products by category offline                        00:31 +529: /Users/mac/Documents/baudex/frontend/test/integration/products/product_offline_flow_test.dart: Product Offline Flow Integration filter products by category offline                        
Warning: Could not add to sync queue: "SyncService" not found. You need to call "Get.put(SyncService())" or "Get.lazyPut(()=>SyncService())"
Warning: Could not add to sync queue: "SyncService" not found. You need to call "Get.put(SyncService())" or "Get.lazyPut(()=>SyncService())"
Warning: Could not add to sync queue: "SyncService" not found. You need to call "Get.put(SyncService())" or "Get.lazyPut(()=>SyncService())"
00:31 +530: /Users/mac/Documents/baudex/frontend/test/integration/products/product_offline_flow_test.dart: Product Offline Flow Integration filter products by category offline                        00:31 +530: /Users/mac/Documents/baudex/frontend/test/integration/products/product_offline_flow_test.dart: Product Offline Flow Integration paginate products offline                                  00:31 +530: /Users/mac/Documents/baudex/frontend/test/integration/products/product_offline_flow_test.dart: Product Offline Flow Integration paginate products offline                                  
Warning: Could not add to sync queue: "SyncService" not found. You need to call "Get.put(SyncService())" or "Get.lazyPut(()=>SyncService())"
Warning: Could not add to sync queue: "SyncService" not found. You need to call "Get.put(SyncService())" or "Get.lazyPut(()=>SyncService())"
Warning: Could not add to sync queue: "SyncService" not found. You need to call "Get.put(SyncService())" or "Get.lazyPut(()=>SyncService())"
Warning: Could not add to sync queue: "SyncService" not found. You need to call "Get.put(SyncService())" or "Get.lazyPut(()=>SyncService())"
Warning: Could not add to sync queue: "SyncService" not found. You need to call "Get.put(SyncService())" or "Get.lazyPut(()=>SyncService())"
Warning: Could not add to sync queue: "SyncService" not found. You need to call "Get.put(SyncService())" or "Get.lazyPut(()=>SyncService())"
Warning: Could not add to sync queue: "SyncService" not found. You need to call "Get.put(SyncService())" or "Get.lazyPut(()=>SyncService())"
Warning: Could not add to sync queue: "SyncService" not found. You need to call "Get.put(SyncService())" or "Get.lazyPut(()=>SyncService())"
Warning: Could not add to sync queue: "SyncService" not found. You need to call "Get.put(SyncService())" or "Get.lazyPut(()=>SyncService())"
Warning: Could not add to sync queue: "SyncService" not found. You need to call "Get.put(SyncService())" or "Get.lazyPut(()=>SyncService())"
Warning: Could not add to sync queue: "SyncService" not found. You need to call "Get.put(SyncService())" or "Get.lazyPut(()=>SyncService())"
Warning: Could not add to sync queue: "SyncService" not found. You need to call "Get.put(SyncService())" or "Get.lazyPut(()=>SyncService())"
Warning: Could not add to sync queue: "SyncService" not found. You need to call "Get.put(SyncService())" or "Get.lazyPut(()=>SyncService())"
Warning: Could not add to sync queue: "SyncService" not found. You need to call "Get.put(SyncService())" or "Get.lazyPut(()=>SyncService())"
Warning: Could not add to sync queue: "SyncService" not found. You need to call "Get.put(SyncService())" or "Get.lazyPut(()=>SyncService())"
Warning: Could not add to sync queue: "SyncService" not found. You need to call "Get.put(SyncService())" or "Get.lazyPut(()=>SyncService())"
Warning: Could not add to sync queue: "SyncService" not found. You need to call "Get.put(SyncService())" or "Get.lazyPut(()=>SyncService())"
Warning: Could not add to sync queue: "SyncService" not found. You need to call "Get.put(SyncService())" or "Get.lazyPut(()=>SyncService())"
Warning: Could not add to sync queue: "SyncService" not found. You need to call "Get.put(SyncService())" or "Get.lazyPut(()=>SyncService())"
Warning: Could not add to sync queue: "SyncService" not found. You need to call "Get.put(SyncService())" or "Get.lazyPut(()=>SyncService())"
Warning: Could not add to sync queue: "SyncService" not found. You need to call "Get.put(SyncService())" or "Get.lazyPut(()=>SyncService())"
Warning: Could not add to sync queue: "SyncService" not found. You need to call "Get.put(SyncService())" or "Get.lazyPut(()=>SyncService())"
Warning: Could not add to sync queue: "SyncService" not found. You need to call "Get.put(SyncService())" or "Get.lazyPut(()=>SyncService())"
Warning: Could not add to sync queue: "SyncService" not found. You need to call "Get.put(SyncService())" or "Get.lazyPut(()=>SyncService())"
Warning: Could not add to sync queue: "SyncService" not found. You need to call "Get.put(SyncService())" or "Get.lazyPut(()=>SyncService())"
00:31 +531: /Users/mac/Documents/baudex/frontend/test/integration/products/product_offline_flow_test.dart: Product Offline Flow Integration paginate products offline                                  00:31 +531: /Users/mac/Documents/baudex/frontend/test/integration/products/product_offline_flow_test.dart: Product Offline Flow Integration update stock offline                                       00:31 +531: /Users/mac/Documents/baudex/frontend/test/integration/products/product_offline_flow_test.dart: Product Offline Flow Integration update stock offline                                       
Warning: Could not add to sync queue: "SyncService" not found. You need to call "Get.put(SyncService())" or "Get.lazyPut(()=>SyncService())"
00:31 +532: /Users/mac/Documents/baudex/frontend/test/integration/products/product_offline_flow_test.dart: Product Offline Flow Integration update stock offline                                       00:31 +532: /Users/mac/Documents/baudex/frontend/test/integration/products/product_offline_flow_test.dart: Product Offline Flow Integration get low stock products offline                             00:31 +532: /Users/mac/Documents/baudex/frontend/test/integration/products/product_offline_flow_test.dart: Product Offline Flow Integration get low stock products offline                             
Warning: Could not add to sync queue: "SyncService" not found. You need to call "Get.put(SyncService())" or "Get.lazyPut(()=>SyncService())"
Warning: Could not add to sync queue: "SyncService" not found. You need to call "Get.put(SyncService())" or "Get.lazyPut(()=>SyncService())"
Warning: Could not add to sync queue: "SyncService" not found. You need to call "Get.put(SyncService())" or "Get.lazyPut(()=>SyncService())"
00:31 +533: /Users/mac/Documents/baudex/frontend/test/integration/products/product_offline_flow_test.dart: Product Offline Flow Integration get low stock products offline                             00:31 +533: /Users/mac/Documents/baudex/frontend/test/integration/products/product_offline_flow_test.dart: Product Offline Flow Integration delete product offline                                     00:31 +533: /Users/mac/Documents/baudex/frontend/test/integration/products/product_offline_flow_test.dart: Product Offline Flow Integration delete product offline                                     
Warning: Could not add to sync queue: "SyncService" not found. You need to call "Get.put(SyncService())" or "Get.lazyPut(()=>SyncService())"
Warning: Could not add to sync queue: "SyncService" not found. You need to call "Get.put(SyncService())" or "Get.lazyPut(()=>SyncService())"
00:31 +534: /Users/mac/Documents/baudex/frontend/test/integration/products/product_offline_flow_test.dart: Product Offline Flow Integration delete product offline                                     00:31 +534: /Users/mac/Documents/baudex/frontend/test/integration/products/product_offline_flow_test.dart: Product Offline Flow Integration complete offline workflow with all operations              00:31 +534: /Users/mac/Documents/baudex/frontend/test/integration/products/product_offline_flow_test.dart: Product Offline Flow Integration complete offline workflow with all operations              
Warning: Could not add to sync queue: "SyncService" not found. You need to call "Get.put(SyncService())" or "Get.lazyPut(()=>SyncService())"
Warning: Could not add to sync queue: "SyncService" not found. You need to call "Get.put(SyncService())" or "Get.lazyPut(()=>SyncService())"
Warning: Could not add to sync queue: "SyncService" not found. You need to call "Get.put(SyncService())" or "Get.lazyPut(()=>SyncService())"
Warning: Could not add to sync queue: "SyncService" not found. You need to call "Get.put(SyncService())" or "Get.lazyPut(()=>SyncService())"
Warning: Could not add to sync queue: "SyncService" not found. You need to call "Get.put(SyncService())" or "Get.lazyPut(()=>SyncService())"
Warning: Could not add to sync queue: "SyncService" not found. You need to call "Get.put(SyncService())" or "Get.lazyPut(()=>SyncService())"
Warning: Could not add to sync queue: "SyncService" not found. You need to call "Get.put(SyncService())" or "Get.lazyPut(()=>SyncService())"
00:31 +535: /Users/mac/Documents/baudex/frontend/test/integration/products/product_offline_flow_test.dart: Product Offline Flow Integration complete offline workflow with all operations              00:32 +535: /Users/mac/Documents/baudex/frontend/test/integration/products/product_offline_flow_test.dart: Product Offline Flow Integration complete offline workflow with all operations              00:32 +535: loading /Users/mac/Documents/baudex/frontend/test/integration/products/product_sync_flow_test.dart                                                                                         00:32 +535: /Users/mac/Documents/baudex/frontend/test/integration/products/product_sync_flow_test.dart: Product Sync Flow Integration offline creation creates sync operation                          00:32 +535: /Users/mac/Documents/baudex/frontend/test/integration/products/product_sync_flow_test.dart: Product Sync Flow Integration offline creation creates sync operation                          
Warning: Could not add to sync queue: "SyncService" not found. You need to call "Get.put(SyncService())" or "Get.lazyPut(()=>SyncService())"
00:32 +536: /Users/mac/Documents/baudex/frontend/test/integration/products/product_sync_flow_test.dart: Product Sync Flow Integration offline creation creates sync operation                          00:32 +536: /Users/mac/Documents/baudex/frontend/test/integration/products/product_sync_flow_test.dart: Product Sync Flow Integration offline update creates sync operation                            00:32 +536: /Users/mac/Documents/baudex/frontend/test/integration/products/product_sync_flow_test.dart: Product Sync Flow Integration offline update creates sync operation                            
Warning: Could not add to sync queue: "SyncService" not found. You need to call "Get.put(SyncService())" or "Get.lazyPut(()=>SyncService())"
Warning: Could not add to sync queue: "SyncService" not found. You need to call "Get.put(SyncService())" or "Get.lazyPut(()=>SyncService())"
00:32 +537: /Users/mac/Documents/baudex/frontend/test/integration/products/product_sync_flow_test.dart: Product Sync Flow Integration offline update creates sync operation                            00:32 +537: /Users/mac/Documents/baudex/frontend/test/integration/products/product_sync_flow_test.dart: Product Sync Flow Integration offline deletion creates sync operation                          00:32 +537: /Users/mac/Documents/baudex/frontend/test/integration/products/product_sync_flow_test.dart: Product Sync Flow Integration offline deletion creates sync operation                          
Warning: Could not add to sync queue: "SyncService" not found. You need to call "Get.put(SyncService())" or "Get.lazyPut(()=>SyncService())"
Warning: Could not add to sync queue: "SyncService" not found. You need to call "Get.put(SyncService())" or "Get.lazyPut(()=>SyncService())"
00:32 +538: /Users/mac/Documents/baudex/frontend/test/integration/products/product_sync_flow_test.dart: Product Sync Flow Integration offline deletion creates sync operation                          00:32 +538: /Users/mac/Documents/baudex/frontend/test/integration/products/product_sync_flow_test.dart: Product Sync Flow Integration multiple offline operations create multiple sync operations      00:32 +538: /Users/mac/Documents/baudex/frontend/test/integration/products/product_sync_flow_test.dart: Product Sync Flow Integration multiple offline operations create multiple sync operations      
Warning: Could not add to sync queue: "SyncService" not found. You need to call "Get.put(SyncService())" or "Get.lazyPut(()=>SyncService())"
Warning: Could not add to sync queue: "SyncService" not found. You need to call "Get.put(SyncService())" or "Get.lazyPut(()=>SyncService())"
Warning: Could not add to sync queue: "SyncService" not found. You need to call "Get.put(SyncService())" or "Get.lazyPut(()=>SyncService())"
Warning: Could not add to sync queue: "SyncService" not found. You need to call "Get.put(SyncService())" or "Get.lazyPut(()=>SyncService())"
Warning: Could not add to sync queue: "SyncService" not found. You need to call "Get.put(SyncService())" or "Get.lazyPut(()=>SyncService())"
00:32 +539: /Users/mac/Documents/baudex/frontend/test/integration/products/product_sync_flow_test.dart: Product Sync Flow Integration multiple offline operations create multiple sync operations      00:32 +539: /Users/mac/Documents/baudex/frontend/test/integration/products/product_sync_flow_test.dart: Product Sync Flow Integration product created with all specified data                          00:32 +539: /Users/mac/Documents/baudex/frontend/test/integration/products/product_sync_flow_test.dart: Product Sync Flow Integration product created with all specified data                          
Warning: Could not add to sync queue: "SyncService" not found. You need to call "Get.put(SyncService())" or "Get.lazyPut(()=>SyncService())"
00:32 +540: /Users/mac/Documents/baudex/frontend/test/integration/products/product_sync_flow_test.dart: Product Sync Flow Integration product created with all specified data                          00:32 +540: /Users/mac/Documents/baudex/frontend/test/integration/products/product_sync_flow_test.dart: Product Sync Flow Integration products marked as unsynced after offline operations             00:32 +540: /Users/mac/Documents/baudex/frontend/test/integration/products/product_sync_flow_test.dart: Product Sync Flow Integration products marked as unsynced after offline operations             
Warning: Could not add to sync queue: "SyncService" not found. You need to call "Get.put(SyncService())" or "Get.lazyPut(()=>SyncService())"
Warning: Could not add to sync queue: "SyncService" not found. You need to call "Get.put(SyncService())" or "Get.lazyPut(()=>SyncService())"
00:32 +541: /Users/mac/Documents/baudex/frontend/test/integration/products/product_sync_flow_test.dart: Product Sync Flow Integration products marked as unsynced after offline operations             00:33 +541: /Users/mac/Documents/baudex/frontend/test/integration/products/product_sync_flow_test.dart: Product Sync Flow Integration products marked as unsynced after offline operations             00:33 +541: loading /Users/mac/Documents/baudex/frontend/test/integration/categories/category_offline_flow_test.dart                                                                                   00:33 +541: /Users/mac/Documents/baudex/frontend/test/integration/categories/category_offline_flow_test.dart: Category Offline Flow Integration create multiple categories offline                     00:33 +541: /Users/mac/Documents/baudex/frontend/test/integration/categories/category_offline_flow_test.dart: Category Offline Flow Integration create multiple categories offline                     
Warning: Could not add to sync queue: "SyncService" not found. You need to call "Get.put(SyncService())" or "Get.lazyPut(()=>SyncService())"
Warning: Could not add to sync queue: "SyncService" not found. You need to call "Get.put(SyncService())" or "Get.lazyPut(()=>SyncService())"
Warning: Could not add to sync queue: "SyncService" not found. You need to call "Get.put(SyncService())" or "Get.lazyPut(()=>SyncService())"
Warning: Could not add to sync queue: "SyncService" not found. You need to call "Get.put(SyncService())" or "Get.lazyPut(()=>SyncService())"
Warning: Could not add to sync queue: "SyncService" not found. You need to call "Get.put(SyncService())" or "Get.lazyPut(()=>SyncService())"
Warning: Could not add to sync queue: "SyncService" not found. You need to call "Get.put(SyncService())" or "Get.lazyPut(()=>SyncService())"
Warning: Could not add to sync queue: "SyncService" not found. You need to call "Get.put(SyncService())" or "Get.lazyPut(()=>SyncService())"
Warning: Could not add to sync queue: "SyncService" not found. You need to call "Get.put(SyncService())" or "Get.lazyPut(()=>SyncService())"
Warning: Could not add to sync queue: "SyncService" not found. You need to call "Get.put(SyncService())" or "Get.lazyPut(()=>SyncService())"
Warning: Could not add to sync queue: "SyncService" not found. You need to call "Get.put(SyncService())" or "Get.lazyPut(()=>SyncService())"
00:33 +542: /Users/mac/Documents/baudex/frontend/test/integration/categories/category_offline_flow_test.dart: Category Offline Flow Integration create multiple categories offline                     00:33 +542: /Users/mac/Documents/baudex/frontend/test/integration/categories/category_offline_flow_test.dart: Category Offline Flow Integration search categories offline                              00:33 +542: /Users/mac/Documents/baudex/frontend/test/integration/categories/category_offline_flow_test.dart: Category Offline Flow Integration search categories offline                              
Warning: Could not add to sync queue: "SyncService" not found. You need to call "Get.put(SyncService())" or "Get.lazyPut(()=>SyncService())"
Warning: Could not add to sync queue: "SyncService" not found. You need to call "Get.put(SyncService())" or "Get.lazyPut(()=>SyncService())"
Warning: Could not add to sync queue: "SyncService" not found. You need to call "Get.put(SyncService())" or "Get.lazyPut(()=>SyncService())"
00:33 +543: /Users/mac/Documents/baudex/frontend/test/integration/categories/category_offline_flow_test.dart: Category Offline Flow Integration search categories offline                              00:33 +543: /Users/mac/Documents/baudex/frontend/test/integration/categories/category_offline_flow_test.dart: Category Offline Flow Integration filter categories by status offline                    00:33 +543: /Users/mac/Documents/baudex/frontend/test/integration/categories/category_offline_flow_test.dart: Category Offline Flow Integration filter categories by status offline                    
Warning: Could not add to sync queue: "SyncService" not found. You need to call "Get.put(SyncService())" or "Get.lazyPut(()=>SyncService())"
Warning: Could not add to sync queue: "SyncService" not found. You need to call "Get.put(SyncService())" or "Get.lazyPut(()=>SyncService())"
00:33 +544: /Users/mac/Documents/baudex/frontend/test/integration/categories/category_offline_flow_test.dart: Category Offline Flow Integration filter categories by status offline                    00:33 +544: /Users/mac/Documents/baudex/frontend/test/integration/categories/category_offline_flow_test.dart: Category Offline Flow Integration filter categories by parent offline                    00:33 +544: /Users/mac/Documents/baudex/frontend/test/integration/categories/category_offline_flow_test.dart: Category Offline Flow Integration filter categories by parent offline                    
Warning: Could not add to sync queue: "SyncService" not found. You need to call "Get.put(SyncService())" or "Get.lazyPut(()=>SyncService())"
Warning: Could not add to sync queue: "SyncService" not found. You need to call "Get.put(SyncService())" or "Get.lazyPut(()=>SyncService())"
Warning: Could not add to sync queue: "SyncService" not found. You need to call "Get.put(SyncService())" or "Get.lazyPut(()=>SyncService())"
Warning: Could not add to sync queue: "SyncService" not found. You need to call "Get.put(SyncService())" or "Get.lazyPut(()=>SyncService())"
00:33 +545: /Users/mac/Documents/baudex/frontend/test/integration/categories/category_offline_flow_test.dart: Category Offline Flow Integration filter categories by parent offline                    00:33 +545: /Users/mac/Documents/baudex/frontend/test/integration/categories/category_offline_flow_test.dart: Category Offline Flow Integration paginate categories offline                            00:33 +545: /Users/mac/Documents/baudex/frontend/test/integration/categories/category_offline_flow_test.dart: Category Offline Flow Integration paginate categories offline                            
Warning: Could not add to sync queue: "SyncService" not found. You need to call "Get.put(SyncService())" or "Get.lazyPut(()=>SyncService())"
Warning: Could not add to sync queue: "SyncService" not found. You need to call "Get.put(SyncService())" or "Get.lazyPut(()=>SyncService())"
Warning: Could not add to sync queue: "SyncService" not found. You need to call "Get.put(SyncService())" or "Get.lazyPut(()=>SyncService())"
Warning: Could not add to sync queue: "SyncService" not found. You need to call "Get.put(SyncService())" or "Get.lazyPut(()=>SyncService())"
Warning: Could not add to sync queue: "SyncService" not found. You need to call "Get.put(SyncService())" or "Get.lazyPut(()=>SyncService())"
Warning: Could not add to sync queue: "SyncService" not found. You need to call "Get.put(SyncService())" or "Get.lazyPut(()=>SyncService())"
Warning: Could not add to sync queue: "SyncService" not found. You need to call "Get.put(SyncService())" or "Get.lazyPut(()=>SyncService())"
Warning: Could not add to sync queue: "SyncService" not found. You need to call "Get.put(SyncService())" or "Get.lazyPut(()=>SyncService())"
Warning: Could not add to sync queue: "SyncService" not found. You need to call "Get.put(SyncService())" or "Get.lazyPut(()=>SyncService())"
Warning: Could not add to sync queue: "SyncService" not found. You need to call "Get.put(SyncService())" or "Get.lazyPut(()=>SyncService())"
Warning: Could not add to sync queue: "SyncService" not found. You need to call "Get.put(SyncService())" or "Get.lazyPut(()=>SyncService())"
Warning: Could not add to sync queue: "SyncService" not found. You need to call "Get.put(SyncService())" or "Get.lazyPut(()=>SyncService())"
Warning: Could not add to sync queue: "SyncService" not found. You need to call "Get.put(SyncService())" or "Get.lazyPut(()=>SyncService())"
Warning: Could not add to sync queue: "SyncService" not found. You need to call "Get.put(SyncService())" or "Get.lazyPut(()=>SyncService())"
Warning: Could not add to sync queue: "SyncService" not found. You need to call "Get.put(SyncService())" or "Get.lazyPut(()=>SyncService())"
Warning: Could not add to sync queue: "SyncService" not found. You need to call "Get.put(SyncService())" or "Get.lazyPut(()=>SyncService())"
Warning: Could not add to sync queue: "SyncService" not found. You need to call "Get.put(SyncService())" or "Get.lazyPut(()=>SyncService())"
Warning: Could not add to sync queue: "SyncService" not found. You need to call "Get.put(SyncService())" or "Get.lazyPut(()=>SyncService())"
Warning: Could not add to sync queue: "SyncService" not found. You need to call "Get.put(SyncService())" or "Get.lazyPut(()=>SyncService())"
Warning: Could not add to sync queue: "SyncService" not found. You need to call "Get.put(SyncService())" or "Get.lazyPut(()=>SyncService())"
Warning: Could not add to sync queue: "SyncService" not found. You need to call "Get.put(SyncService())" or "Get.lazyPut(()=>SyncService())"
Warning: Could not add to sync queue: "SyncService" not found. You need to call "Get.put(SyncService())" or "Get.lazyPut(()=>SyncService())"
Warning: Could not add to sync queue: "SyncService" not found. You need to call "Get.put(SyncService())" or "Get.lazyPut(()=>SyncService())"
Warning: Could not add to sync queue: "SyncService" not found. You need to call "Get.put(SyncService())" or "Get.lazyPut(()=>SyncService())"
Warning: Could not add to sync queue: "SyncService" not found. You need to call "Get.put(SyncService())" or "Get.lazyPut(()=>SyncService())"
00:33 +546: /Users/mac/Documents/baudex/frontend/test/integration/categories/category_offline_flow_test.dart: Category Offline Flow Integration paginate categories offline                            00:33 +546: /Users/mac/Documents/baudex/frontend/test/integration/categories/category_offline_flow_test.dart: Category Offline Flow Integration get category tree offline                              00:33 +546: /Users/mac/Documents/baudex/frontend/test/integration/categories/category_offline_flow_test.dart: Category Offline Flow Integration get category tree offline                              
Warning: Could not add to sync queue: "SyncService" not found. You need to call "Get.put(SyncService())" or "Get.lazyPut(()=>SyncService())"
Warning: Could not add to sync queue: "SyncService" not found. You need to call "Get.put(SyncService())" or "Get.lazyPut(()=>SyncService())"
Warning: Could not add to sync queue: "SyncService" not found. You need to call "Get.put(SyncService())" or "Get.lazyPut(()=>SyncService())"
Warning: Could not add to sync queue: "SyncService" not found. You need to call "Get.put(SyncService())" or "Get.lazyPut(()=>SyncService())"
00:33 +547: /Users/mac/Documents/baudex/frontend/test/integration/categories/category_offline_flow_test.dart: Category Offline Flow Integration get category tree offline                              00:33 +547: /Users/mac/Documents/baudex/frontend/test/integration/categories/category_offline_flow_test.dart: Category Offline Flow Integration delete category offline                                00:33 +547: /Users/mac/Documents/baudex/frontend/test/integration/categories/category_offline_flow_test.dart: Category Offline Flow Integration delete category offline                                
Warning: Could not add to sync queue: "SyncService" not found. You need to call "Get.put(SyncService())" or "Get.lazyPut(()=>SyncService())"
Warning: Could not add to sync queue: "SyncService" not found. You need to call "Get.put(SyncService())" or "Get.lazyPut(()=>SyncService())"
00:33 +548: /Users/mac/Documents/baudex/frontend/test/integration/categories/category_offline_flow_test.dart: Category Offline Flow Integration delete category offline                                00:33 +548: /Users/mac/Documents/baudex/frontend/test/integration/categories/category_offline_flow_test.dart: Category Offline Flow Integration get category stats offline                             00:33 +548: /Users/mac/Documents/baudex/frontend/test/integration/categories/category_offline_flow_test.dart: Category Offline Flow Integration get category stats offline                             
Warning: Could not add to sync queue: "SyncService" not found. You need to call "Get.put(SyncService())" or "Get.lazyPut(()=>SyncService())"
Warning: Could not add to sync queue: "SyncService" not found. You need to call "Get.put(SyncService())" or "Get.lazyPut(()=>SyncService())"
00:33 +549: /Users/mac/Documents/baudex/frontend/test/integration/categories/category_offline_flow_test.dart: Category Offline Flow Integration get category stats offline                             00:33 +549: /Users/mac/Documents/baudex/frontend/test/integration/categories/category_offline_flow_test.dart: Category Offline Flow Integration complete offline workflow with all operations          00:33 +549: /Users/mac/Documents/baudex/frontend/test/integration/categories/category_offline_flow_test.dart: Category Offline Flow Integration complete offline workflow with all operations          
Warning: Could not add to sync queue: "SyncService" not found. You need to call "Get.put(SyncService())" or "Get.lazyPut(()=>SyncService())"
Warning: Could not add to sync queue: "SyncService" not found. You need to call "Get.put(SyncService())" or "Get.lazyPut(()=>SyncService())"
Warning: Could not add to sync queue: "SyncService" not found. You need to call "Get.put(SyncService())" or "Get.lazyPut(()=>SyncService())"
Warning: Could not add to sync queue: "SyncService" not found. You need to call "Get.put(SyncService())" or "Get.lazyPut(()=>SyncService())"
Warning: Could not add to sync queue: "SyncService" not found. You need to call "Get.put(SyncService())" or "Get.lazyPut(()=>SyncService())"
Warning: Could not add to sync queue: "SyncService" not found. You need to call "Get.put(SyncService())" or "Get.lazyPut(()=>SyncService())"
Warning: Could not add to sync queue: "SyncService" not found. You need to call "Get.put(SyncService())" or "Get.lazyPut(()=>SyncService())"
Warning: Could not add to sync queue: "SyncService" not found. You need to call "Get.put(SyncService())" or "Get.lazyPut(()=>SyncService())"
00:33 +550: /Users/mac/Documents/baudex/frontend/test/integration/categories/category_offline_flow_test.dart: Category Offline Flow Integration complete offline workflow with all operations          00:34 +550: /Users/mac/Documents/baudex/frontend/test/integration/categories/category_offline_flow_test.dart: Category Offline Flow Integration complete offline workflow with all operations          00:34 +550: loading /Users/mac/Documents/baudex/frontend/test/safe_controller_test.dart                                                                                                                00:34 +550: /Users/mac/Documents/baudex/frontend/test/safe_controller_test.dart: SafeTextEditingController Tests should create controller safely                                                       00:34 +550: /Users/mac/Documents/baudex/frontend/test/safe_controller_test.dart: SafeTextEditingController Tests should create controller safely                                                       
🛡️ SafeTextEditingController (TestController): 🔧 SafeTextEditingController creado: TestController
🛡️ SafeTextEditingController (TestController): 🗑️ Iniciando dispose del controlador...
🛡️ SafeTextEditingController (TestController): 🧹 Removiendo 0 listeners...
🛡️ SafeTextEditingController (TestController): 🗑️ Llamando super.dispose()...
🛡️ SafeTextEditingController (TestController): ✅ Dispose completado exitosamente
00:34 +551: /Users/mac/Documents/baudex/frontend/test/safe_controller_test.dart: SafeTextEditingController Tests should create controller safely                                                       00:34 +551: /Users/mac/Documents/baudex/frontend/test/safe_controller_test.dart: SafeTextEditingController Tests should handle text operations safely                                                  00:34 +551: /Users/mac/Documents/baudex/frontend/test/safe_controller_test.dart: SafeTextEditingController Tests should handle text operations safely                                                  
🛡️ SafeTextEditingController (TestController): 🔧 SafeTextEditingController creado: TestController
🛡️ SafeTextEditingController (TestController): 🗑️ Iniciando dispose del controlador...
🛡️ SafeTextEditingController (TestController): 🧹 Removiendo 0 listeners...
🛡️ SafeTextEditingController (TestController): 🗑️ Llamando super.dispose()...
🛡️ SafeTextEditingController (TestController): ✅ Dispose completado exitosamente
00:34 +552: /Users/mac/Documents/baudex/frontend/test/safe_controller_test.dart: SafeTextEditingController Tests should handle text operations safely                                                  00:34 +552: /Users/mac/Documents/baudex/frontend/test/safe_controller_test.dart: SafeTextEditingController Tests should handle dispose safely                                                          00:34 +552: /Users/mac/Documents/baudex/frontend/test/safe_controller_test.dart: SafeTextEditingController Tests should handle dispose safely                                                          
🛡️ SafeTextEditingController (TestController): 🔧 SafeTextEditingController creado: TestController
🛡️ SafeTextEditingController (TestController): 🗑️ Iniciando dispose del controlador...
🛡️ SafeTextEditingController (TestController): 🧹 Removiendo 0 listeners...
🛡️ SafeTextEditingController (TestController): 🗑️ Llamando super.dispose()...
🛡️ SafeTextEditingController (TestController): ✅ Dispose completado exitosamente
00:34 +553: /Users/mac/Documents/baudex/frontend/test/safe_controller_test.dart: SafeTextEditingController Tests should handle dispose safely                                                          00:34 +553: /Users/mac/Documents/baudex/frontend/test/safe_controller_test.dart: SafeTextEditingController Tests should handle multiple dispose calls safely                                           00:34 +553: /Users/mac/Documents/baudex/frontend/test/safe_controller_test.dart: SafeTextEditingController Tests should handle multiple dispose calls safely                                           
🛡️ SafeTextEditingController (TestController): 🔧 SafeTextEditingController creado: TestController
🛡️ SafeTextEditingController (TestController): 🗑️ Iniciando dispose del controlador...
🛡️ SafeTextEditingController (TestController): 🧹 Removiendo 0 listeners...
🛡️ SafeTextEditingController (TestController): 🗑️ Llamando super.dispose()...
🛡️ SafeTextEditingController (TestController): ✅ Dispose completado exitosamente
🛡️ SafeTextEditingController (TestController): ⚠️ Dispose llamado en controlador ya disposed, ignorando
🛡️ SafeTextEditingController (TestController): ⚠️ Dispose llamado en controlador ya disposed, ignorando
00:34 +554: /Users/mac/Documents/baudex/frontend/test/safe_controller_test.dart: SafeTextEditingController Tests should handle multiple dispose calls safely                                           00:34 +554: /Users/mac/Documents/baudex/frontend/test/safe_controller_test.dart: SafeTextEditingController Tests should handle listeners safely                                                        00:34 +554: /Users/mac/Documents/baudex/frontend/test/safe_controller_test.dart: SafeTextEditingController Tests should handle listeners safely                                                        
🛡️ SafeTextEditingController (TestController): 🔧 SafeTextEditingController creado: TestController
🛡️ SafeTextEditingController (TestController): 🗑️ Iniciando dispose del controlador...
🛡️ SafeTextEditingController (TestController): 🧹 Removiendo 0 listeners...
🛡️ SafeTextEditingController (TestController): 🗑️ Llamando super.dispose()...
🛡️ SafeTextEditingController (TestController): ✅ Dispose completado exitosamente
00:34 +555: /Users/mac/Documents/baudex/frontend/test/safe_controller_test.dart: SafeTextEditingController Tests should handle listeners safely                                                        00:34 +555: /Users/mac/Documents/baudex/frontend/test/safe_controller_test.dart: SafeTextEditingController Tests should create from existing controller safely                                         00:34 +555: /Users/mac/Documents/baudex/frontend/test/safe_controller_test.dart: SafeTextEditingController Tests should create from existing controller safely                                         
🛡️ SafeTextEditingController (TestController): 🔧 SafeTextEditingController creado: TestController
🛡️ SafeTextEditingController (FromExisting): 🔧 SafeTextEditingController creado: FromExisting
🛡️ SafeTextEditingController (FromExisting): 🗑️ Iniciando dispose del controlador...
🛡️ SafeTextEditingController (FromExisting): 🧹 Removiendo 0 listeners...
🛡️ SafeTextEditingController (FromExisting): 🗑️ Llamando super.dispose()...
🛡️ SafeTextEditingController (FromExisting): ✅ Dispose completado exitosamente
🛡️ SafeTextEditingController (TestController): 🗑️ Iniciando dispose del controlador...
🛡️ SafeTextEditingController (TestController): 🧹 Removiendo 0 listeners...
🛡️ SafeTextEditingController (TestController): 🗑️ Llamando super.dispose()...
🛡️ SafeTextEditingController (TestController): ✅ Dispose completado exitosamente
00:34 +556: /Users/mac/Documents/baudex/frontend/test/safe_controller_test.dart: SafeTextEditingController Tests should create from existing controller safely                                         00:34 +556: /Users/mac/Documents/baudex/frontend/test/safe_controller_test.dart: SafeTextEditingController Tests should handle disposed source controller in fromExisting                              00:34 +556: /Users/mac/Documents/baudex/frontend/test/safe_controller_test.dart: SafeTextEditingController Tests should handle disposed source controller in fromExisting                              
🛡️ SafeTextEditingController (TestController): 🔧 SafeTextEditingController creado: TestController
🛡️ SafeTextEditingController (FromDisposed): 🔧 SafeTextEditingController creado: FromDisposed
00:34 +556 -1: /Users/mac/Documents/baudex/frontend/test/safe_controller_test.dart: SafeTextEditingController Tests should handle disposed source controller in fromExisting [E]                       
  Expected: empty
    Actual: 'test'
  
  package:matcher                                     expect
  package:flutter_test/src/widget_tester.dart 474:18  expect
  test/safe_controller_test.dart 105:7                main.<fn>.<fn>
  
🛡️ SafeTextEditingController (TestController): 🗑️ Iniciando dispose del controlador...
🛡️ SafeTextEditingController (TestController): 🧹 Removiendo 0 listeners...
🛡️ SafeTextEditingController (TestController): 🗑️ Llamando super.dispose()...
🛡️ SafeTextEditingController (TestController): ✅ Dispose completado exitosamente

To run this test again: /Users/mac/Develoment/flutter/bin/cache/dart-sdk/bin/dart test /Users/mac/Documents/baudex/frontend/test/safe_controller_test.dart -p vm --plain-name 'SafeTextEditingController Tests should handle disposed source controller in fromExisting'
00:34 +556 -1: /Users/mac/Documents/baudex/frontend/test/safe_controller_test.dart: SafeTextEditingController Extension Tests should check safety of normal controller                                 00:35 +556 -1: /Users/mac/Documents/baudex/frontend/test/safe_controller_test.dart: SafeTextEditingController Extension Tests should check safety of normal controller                                 00:35 +556 -2: /Users/mac/Documents/baudex/frontend/test/safe_controller_test.dart: SafeTextEditingController Extension Tests should check safety of normal controller [E]                             
  Expected: false
    Actual: <true>
  
  package:matcher                                     expect
  package:flutter_test/src/widget_tester.dart 474:18  expect
  test/safe_controller_test.dart 117:7                main.<fn>.<fn>
  

To run this test again: /Users/mac/Develoment/flutter/bin/cache/dart-sdk/bin/dart test /Users/mac/Documents/baudex/frontend/test/safe_controller_test.dart -p vm --plain-name 'SafeTextEditingController Extension Tests should check safety of normal controller'
00:35 +556 -2: /Users/mac/Documents/baudex/frontend/test/safe_controller_test.dart: SafeTextEditingController Extension Tests should convert to safe controller                                        00:35 +556 -2: /Users/mac/Documents/baudex/frontend/test/safe_controller_test.dart: SafeTextEditingController Extension Tests should convert to safe controller                                        
🛡️ SafeTextEditingController (ConvertedController): 🔧 SafeTextEditingController creado: ConvertedController
🛡️ SafeTextEditingController (ConvertedController): 🗑️ Iniciando dispose del controlador...
🛡️ SafeTextEditingController (ConvertedController): 🧹 Removiendo 0 listeners...
🛡️ SafeTextEditingController (ConvertedController): 🗑️ Llamando super.dispose()...
🛡️ SafeTextEditingController (ConvertedController): ✅ Dispose completado exitosamente
00:35 +557 -2: /Users/mac/Documents/baudex/frontend/test/safe_controller_test.dart: SafeTextEditingController Extension Tests should convert to safe controller                                        00:35 +557 -2: /Users/mac/Documents/baudex/frontend/test/safe_controller_test.dart: CustomTextFieldSafe Widget Tests should render without crashing                                                    00:35 +557 -2: /Users/mac/Documents/baudex/frontend/test/safe_controller_test.dart: CustomTextFieldSafe Widget Tests should render without crashing                                                    
🛡️ SafeTextEditingController (WidgetTest): 🔧 SafeTextEditingController creado: WidgetTest
00:36 +557 -2: /Users/mac/Documents/baudex/frontend/test/e2e/offline_first/product_low_stock_alert_test.dart: Product E2E: Low Stock Alert Scenarios product becomes low stock after sales - triggers alert
Warning: Could not add to sync queue: "SyncService" not found. You need to call "Get.put(SyncService())" or "Get.lazyPut(()=>SyncService())"
00:36 +558 -2: /Users/mac/Documents/baudex/frontend/test/safe_controller_test.dart: CustomTextFieldSafe Widget Tests should render without crashing                                                    00:36 +558 -2: /Users/mac/Documents/baudex/frontend/test/e2e/offline_first/product_low_stock_alert_test.dart: Product E2E: Low Stock Alert Scenarios restocking removes product from low stock alert   
Warning: Could not add to sync queue: "SyncService" not found. You need to call "Get.put(SyncService())" or "Get.lazyPut(()=>SyncService())"
00:36 +559 -2: /Users/mac/Documents/baudex/frontend/test/safe_controller_test.dart: CustomTextFieldSafe Widget Tests should render without crashing                                                    00:36 +559 -2: /Users/mac/Documents/baudex/frontend/test/e2e/offline_first/product_low_stock_alert_test.dart: Product E2E: Low Stock Alert Scenarios multiple products with different stock levels     
Warning: Could not add to sync queue: "SyncService" not found. You need to call "Get.put(SyncService())" or "Get.lazyPut(()=>SyncService())"
Warning: Could not add to sync queue: "SyncService" not found. You need to call "Get.put(SyncService())" or "Get.lazyPut(()=>SyncService())"
Warning: Could not add to sync queue: "SyncService" not found. You need to call "Get.put(SyncService())" or "Get.lazyPut(()=>SyncService())"
Warning: Could not add to sync queue: "SyncService" not found. You need to call "Get.put(SyncService())" or "Get.lazyPut(()=>SyncService())"
00:36 +560 -2: /Users/mac/Documents/baudex/frontend/test/safe_controller_test.dart: CustomTextFieldSafe Widget Tests should render without crashing                                                    00:36 +560 -2: /Users/mac/Documents/baudex/frontend/test/e2e/offline_first/product_low_stock_alert_test.dart: Product E2E: Low Stock Alert Scenarios low stock filter works both online and offline    
Warning: Could not add to sync queue: "SyncService" not found. You need to call "Get.put(SyncService())" or "Get.lazyPut(()=>SyncService())"
Warning: Could not add to sync queue: "SyncService" not found. You need to call "Get.put(SyncService())" or "Get.lazyPut(()=>SyncService())"
00:36 +561 -2: /Users/mac/Documents/baudex/frontend/test/safe_controller_test.dart: CustomTextFieldSafe Widget Tests should render without crashing                                                    00:36 +561 -2: /Users/mac/Documents/baudex/frontend/test/e2e/offline_first/product_low_stock_alert_test.dart: Product E2E: Low Stock Alert Scenarios stock at exactly minStock threshold triggers alert
Warning: Could not add to sync queue: "SyncService" not found. You need to call "Get.put(SyncService())" or "Get.lazyPut(()=>SyncService())"
00:36 +562 -2: /Users/mac/Documents/baudex/frontend/test/safe_controller_test.dart: CustomTextFieldSafe Widget Tests should render without crashing                                                    00:36 +562 -2: /Users/mac/Documents/baudex/frontend/test/e2e/offline_first/product_low_stock_alert_test.dart: Product E2E: Low Stock Alert Scenarios low stock detection works across pagination       
Warning: Could not add to sync queue: "SyncService" not found. You need to call "Get.put(SyncService())" or "Get.lazyPut(()=>SyncService())"
Warning: Could not add to sync queue: "SyncService" not found. You need to call "Get.put(SyncService())" or "Get.lazyPut(()=>SyncService())"
Warning: Could not add to sync queue: "SyncService" not found. You need to call "Get.put(SyncService())" or "Get.lazyPut(()=>SyncService())"
Warning: Could not add to sync queue: "SyncService" not found. You need to call "Get.put(SyncService())" or "Get.lazyPut(()=>SyncService())"
Warning: Could not add to sync queue: "SyncService" not found. You need to call "Get.put(SyncService())" or "Get.lazyPut(()=>SyncService())"
Warning: Could not add to sync queue: "SyncService" not found. You need to call "Get.put(SyncService())" or "Get.lazyPut(()=>SyncService())"
Warning: Could not add to sync queue: "SyncService" not found. You need to call "Get.put(SyncService())" or "Get.lazyPut(()=>SyncService())"
Warning: Could not add to sync queue: "SyncService" not found. You need to call "Get.put(SyncService())" or "Get.lazyPut(()=>SyncService())"
Warning: Could not add to sync queue: "SyncService" not found. You need to call "Get.put(SyncService())" or "Get.lazyPut(()=>SyncService())"
Warning: Could not add to sync queue: "SyncService" not found. You need to call "Get.put(SyncService())" or "Get.lazyPut(()=>SyncService())"
Warning: Could not add to sync queue: "SyncService" not found. You need to call "Get.put(SyncService())" or "Get.lazyPut(()=>SyncService())"
Warning: Could not add to sync queue: "SyncService" not found. You need to call "Get.put(SyncService())" or "Get.lazyPut(()=>SyncService())"
Warning: Could not add to sync queue: "SyncService" not found. You need to call "Get.put(SyncService())" or "Get.lazyPut(()=>SyncService())"
Warning: Could not add to sync queue: "SyncService" not found. You need to call "Get.put(SyncService())" or "Get.lazyPut(()=>SyncService())"
Warning: Could not add to sync queue: "SyncService" not found. You need to call "Get.put(SyncService())" or "Get.lazyPut(()=>SyncService())"
Warning: Could not add to sync queue: "SyncService" not found. You need to call "Get.put(SyncService())" or "Get.lazyPut(()=>SyncService())"
Warning: Could not add to sync queue: "SyncService" not found. You need to call "Get.put(SyncService())" or "Get.lazyPut(()=>SyncService())"
Warning: Could not add to sync queue: "SyncService" not found. You need to call "Get.put(SyncService())" or "Get.lazyPut(()=>SyncService())"
Warning: Could not add to sync queue: "SyncService" not found. You need to call "Get.put(SyncService())" or "Get.lazyPut(()=>SyncService())"
Warning: Could not add to sync queue: "SyncService" not found. You need to call "Get.put(SyncService())" or "Get.lazyPut(()=>SyncService())"
Warning: Could not add to sync queue: "SyncService" not found. You need to call "Get.put(SyncService())" or "Get.lazyPut(()=>SyncService())"
Warning: Could not add to sync queue: "SyncService" not found. You need to call "Get.put(SyncService())" or "Get.lazyPut(()=>SyncService())"
Warning: Could not add to sync queue: "SyncService" not found. You need to call "Get.put(SyncService())" or "Get.lazyPut(()=>SyncService())"
Warning: Could not add to sync queue: "SyncService" not found. You need to call "Get.put(SyncService())" or "Get.lazyPut(()=>SyncService())"
Warning: Could not add to sync queue: "SyncService" not found. You need to call "Get.put(SyncService())" or "Get.lazyPut(()=>SyncService())"
00:36 +563 -2: /Users/mac/Documents/baudex/frontend/test/safe_controller_test.dart: CustomTextFieldSafe Widget Tests should render without crashing                                                    00:36 +563 -2: /Users/mac/Documents/baudex/frontend/test/safe_controller_test.dart: CustomTextFieldSafe Widget Tests should render without crashing                                                    
🛡️ SafeTextEditingController (WidgetTest): 🗑️ Iniciando dispose del controlador...
🛡️ SafeTextEditingController (WidgetTest): 🧹 Removiendo 5 listeners...
🛡️ SafeTextEditingController (WidgetTest): 🗑️ Llamando super.dispose()...
🛡️ SafeTextEditingController (WidgetTest): ✅ Dispose completado exitosamente
00:36 +564 -2: /Users/mac/Documents/baudex/frontend/test/safe_controller_test.dart: CustomTextFieldSafe Widget Tests should render without crashing                                                    00:36 +564 -2: /Users/mac/Documents/baudex/frontend/test/safe_controller_test.dart: CustomTextFieldSafe Widget Tests should handle null controller gracefully                                          00:36 +564 -2: /Users/mac/Documents/baudex/frontend/test/safe_controller_test.dart: CustomTextFieldSafe Widget Tests should handle null controller gracefully                                          
🛡️ SafeTextEditingController (NullControllerTest): 🔧 SafeTextEditingController creado: NullControllerTest
🛡️ SafeTextEditingController (NullControllerTest): 🗑️ Iniciando dispose del controlador...
🛡️ SafeTextEditingController (NullControllerTest): 🧹 Removiendo 0 listeners...
🛡️ SafeTextEditingController (NullControllerTest): 🗑️ Llamando super.dispose()...
🛡️ SafeTextEditingController (NullControllerTest): ✅ Dispose completado exitosamente
00:36 +565 -2: /Users/mac/Documents/baudex/frontend/test/safe_controller_test.dart: CustomTextFieldSafe Widget Tests should handle null controller gracefully                                          00:36 +565 -2: /Users/mac/Documents/baudex/frontend/test/safe_controller_test.dart: CustomTextFieldSafe Widget Tests should handle disposed controller gracefully                                      00:36 +565 -2: /Users/mac/Documents/baudex/frontend/test/safe_controller_test.dart: CustomTextFieldSafe Widget Tests should handle disposed controller gracefully                                      
🛡️ SafeTextEditingController (DisposedTest): 🔧 SafeTextEditingController creado: DisposedTest
🛡️ SafeTextEditingController (DisposedTest): 🗑️ Iniciando dispose del controlador...
🛡️ SafeTextEditingController (DisposedTest): 🧹 Removiendo 0 listeners...
🛡️ SafeTextEditingController (DisposedTest): 🗑️ Llamando super.dispose()...
🛡️ SafeTextEditingController (DisposedTest): ✅ Dispose completado exitosamente
00:36 +566 -2: /Users/mac/Documents/baudex/frontend/test/safe_controller_test.dart: CustomTextFieldSafe Widget Tests should handle disposed controller gracefully                                      00:36 +566 -2: /Users/mac/Documents/baudex/frontend/test/safe_controller_test.dart: CustomTextFieldSafe Widget Tests should handle text input and changes                                              00:36 +566 -2: /Users/mac/Documents/baudex/frontend/test/safe_controller_test.dart: CustomTextFieldSafe Widget Tests should handle text input and changes                                              
🛡️ SafeTextEditingController (InputTest): 🔧 SafeTextEditingController creado: InputTest
🛡️ SafeTextEditingController (InputTest): 🗑️ Iniciando dispose del controlador...
🛡️ SafeTextEditingController (InputTest): 🧹 Removiendo 5 listeners...
🛡️ SafeTextEditingController (InputTest): 🗑️ Llamando super.dispose()...
🛡️ SafeTextEditingController (InputTest): ✅ Dispose completado exitosamente
00:37 +567 -2: /Users/mac/Documents/baudex/frontend/test/safe_controller_test.dart: CustomTextFieldSafe Widget Tests should handle text input and changes                                              00:37 +567 -2: /Users/mac/Documents/baudex/frontend/test/safe_controller_test.dart: Regression Tests should prevent disposed controller errors during navigation                                       00:37 +567 -2: /Users/mac/Documents/baudex/frontend/test/safe_controller_test.dart: Regression Tests should prevent disposed controller errors during navigation                                       
🛡️ SafeTextEditingController (NavigationTest0): 🔧 SafeTextEditingController creado: NavigationTest0
🛡️ SafeTextEditingController (NavigationTest0): 🗑️ Iniciando dispose del controlador...
🛡️ SafeTextEditingController (NavigationTest0): 🧹 Removiendo 0 listeners...
🛡️ SafeTextEditingController (NavigationTest0): 🗑️ Llamando super.dispose()...
🛡️ SafeTextEditingController (NavigationTest0): ✅ Dispose completado exitosamente
🛡️ SafeTextEditingController (NavigationTest1): 🔧 SafeTextEditingController creado: NavigationTest1
🛡️ SafeTextEditingController (NavigationTest2): 🔧 SafeTextEditingController creado: NavigationTest2
🛡️ SafeTextEditingController (NavigationTest2): 🗑️ Iniciando dispose del controlador...
🛡️ SafeTextEditingController (NavigationTest2): 🧹 Removiendo 0 listeners...
🛡️ SafeTextEditingController (NavigationTest2): 🗑️ Llamando super.dispose()...
🛡️ SafeTextEditingController (NavigationTest2): ✅ Dispose completado exitosamente
🛡️ SafeTextEditingController (NavigationTest3): 🔧 SafeTextEditingController creado: NavigationTest3
🛡️ SafeTextEditingController (NavigationTest4): 🔧 SafeTextEditingController creado: NavigationTest4
🛡️ SafeTextEditingController (NavigationTest4): 🗑️ Iniciando dispose del controlador...
🛡️ SafeTextEditingController (NavigationTest4): 🧹 Removiendo 0 listeners...
🛡️ SafeTextEditingController (NavigationTest4): 🗑️ Llamando super.dispose()...
🛡️ SafeTextEditingController (NavigationTest4): ✅ Dispose completado exitosamente
🛡️ SafeTextEditingController (NavigationTest5): 🔧 SafeTextEditingController creado: NavigationTest5
🛡️ SafeTextEditingController (NavigationTest6): 🔧 SafeTextEditingController creado: NavigationTest6
🛡️ SafeTextEditingController (NavigationTest6): 🗑️ Iniciando dispose del controlador...
🛡️ SafeTextEditingController (NavigationTest6): 🧹 Removiendo 0 listeners...
🛡️ SafeTextEditingController (NavigationTest6): 🗑️ Llamando super.dispose()...
🛡️ SafeTextEditingController (NavigationTest6): ✅ Dispose completado exitosamente
🛡️ SafeTextEditingController (NavigationTest7): 🔧 SafeTextEditingController creado: NavigationTest7
🛡️ SafeTextEditingController (NavigationTest8): 🔧 SafeTextEditingController creado: NavigationTest8
🛡️ SafeTextEditingController (NavigationTest8): 🗑️ Iniciando dispose del controlador...
🛡️ SafeTextEditingController (NavigationTest8): 🧹 Removiendo 0 listeners...
🛡️ SafeTextEditingController (NavigationTest8): 🗑️ Llamando super.dispose()...
🛡️ SafeTextEditingController (NavigationTest8): ✅ Dispose completado exitosamente
🛡️ SafeTextEditingController (NavigationTest9): 🔧 SafeTextEditingController creado: NavigationTest9
🛡️ SafeTextEditingController (NavigationTest1): 🗑️ Iniciando dispose del controlador...
🛡️ SafeTextEditingController (NavigationTest1): 🧹 Removiendo 0 listeners...
🛡️ SafeTextEditingController (NavigationTest1): 🗑️ Llamando super.dispose()...
🛡️ SafeTextEditingController (NavigationTest1): ✅ Dispose completado exitosamente
🛡️ SafeTextEditingController (NavigationTest3): 🗑️ Iniciando dispose del controlador...
🛡️ SafeTextEditingController (NavigationTest3): 🧹 Removiendo 0 listeners...
🛡️ SafeTextEditingController (NavigationTest3): 🗑️ Llamando super.dispose()...
🛡️ SafeTextEditingController (NavigationTest3): ✅ Dispose completado exitosamente
🛡️ SafeTextEditingController (NavigationTest5): 🗑️ Iniciando dispose del controlador...
🛡️ SafeTextEditingController (NavigationTest5): 🧹 Removiendo 0 listeners...
🛡️ SafeTextEditingController (NavigationTest5): 🗑️ Llamando super.dispose()...
🛡️ SafeTextEditingController (NavigationTest5): ✅ Dispose completado exitosamente
🛡️ SafeTextEditingController (NavigationTest7): 🗑️ Iniciando dispose del controlador...
🛡️ SafeTextEditingController (NavigationTest7): 🧹 Removiendo 0 listeners...
🛡️ SafeTextEditingController (NavigationTest7): 🗑️ Llamando super.dispose()...
🛡️ SafeTextEditingController (NavigationTest7): ✅ Dispose completado exitosamente
🛡️ SafeTextEditingController (NavigationTest9): 🗑️ Iniciando dispose del controlador...
🛡️ SafeTextEditingController (NavigationTest9): 🧹 Removiendo 0 listeners...
🛡️ SafeTextEditingController (NavigationTest9): 🗑️ Llamando super.dispose()...
🛡️ SafeTextEditingController (NavigationTest9): ✅ Dispose completado exitosamente
00:37 +568 -2: /Users/mac/Documents/baudex/frontend/test/safe_controller_test.dart: Regression Tests should prevent disposed controller errors during navigation                                       00:37 +568 -2: /Users/mac/Documents/baudex/frontend/test/safe_controller_test.dart: Regression Tests should handle rapid text changes without crashing                                                 00:37 +568 -2: /Users/mac/Documents/baudex/frontend/test/safe_controller_test.dart: Regression Tests should handle rapid text changes without crashing                                                 
🛡️ SafeTextEditingController (RapidChanges): 🔧 SafeTextEditingController creado: RapidChanges
🛡️ SafeTextEditingController (RapidChanges): 🗑️ Iniciando dispose del controlador...
🛡️ SafeTextEditingController (RapidChanges): 🧹 Removiendo 0 listeners...
🛡️ SafeTextEditingController (RapidChanges): 🗑️ Llamando super.dispose()...
🛡️ SafeTextEditingController (RapidChanges): ✅ Dispose completado exitosamente
00:37 +569 -2: /Users/mac/Documents/baudex/frontend/test/safe_controller_test.dart: Regression Tests should handle rapid text changes without crashing                                                 00:37 +569 -2: loading /Users/mac/Documents/baudex/frontend/test/e2e/offline_first/category_online_offline_online_test.dart                                                                            00:37 +569 -2: /Users/mac/Documents/baudex/frontend/test/e2e/offline_first/category_online_offline_online_test.dart: (setUpAll)                                                                        00:37 +569 -2: /Users/mac/Documents/baudex/frontend/test/e2e/offline_first/category_online_offline_online_test.dart: ... → Offline → Online complete flow: online create → offline read → online sync  00:37 +569 -2: /Users/mac/Documents/baudex/frontend/test/e2e/offline_first/category_online_offline_online_test.dart: Category E2E: Online → Offline → Online complete flow: online create → offline read → online sync
📱 CategoryRepository: Updating category offline: cat-001
⚠️ Error agregando a cola: "SyncService" not found. You need to call "Get.put(SyncService())" or "Get.lazyPut(()=>SyncService())"
✅ Category updated offline successfully
00:37 +570 -2: /Users/mac/Documents/baudex/frontend/test/e2e/offline_first/category_online_offline_online_test.dart: ... → Offline → Online complete flow: online create → offline read → online sync  00:37 +570 -2: /Users/mac/Documents/baudex/frontend/test/e2e/offline_first/category_online_offline_online_test.dart: ... → Online offline category creation then online sync with server ID replacement00:37 +570 -2: /Users/mac/Documents/baudex/frontend/test/e2e/offline_first/category_online_offline_online_test.dart: Category E2E: Online → Offline → Online offline category creation then online sync with server ID replacement
📱 CategoryRepository: Creating category offline: Offline Created Category
⚠️ Error agregando a cola: "SyncService" not found. You need to call "Get.put(SyncService())" or "Get.lazyPut(()=>SyncService())"
✅ Category created offline successfully
00:37 +571 -2: /Users/mac/Documents/baudex/frontend/test/e2e/offline_first/category_online_offline_online_test.dart: ... → Online offline category creation then online sync with server ID replacement00:37 +571 -2: /Users/mac/Documents/baudex/frontend/test/e2e/offline_first/category_online_offline_online_test.dart: ... → Online network interruption during operation with graceful degradation      00:37 +572 -2: /Users/mac/Documents/baudex/frontend/test/e2e/offline_first/category_online_offline_online_test.dart: ... → Online network interruption during operation with graceful degradation      00:37 +572 -2: /Users/mac/Documents/baudex/frontend/test/e2e/offline_first/category_online_offline_online_test.dart: (tearDownAll)                                                                     00:38 +572 -2: /Users/mac/Documents/baudex/frontend/test/e2e/offline_first/category_online_offline_online_test.dart: (tearDownAll)                                                                     00:38 +572 -2: loading /Users/mac/Documents/baudex/frontend/test/e2e/offline_first/product_online_offline_online_test.dart                                                                             00:38 +572 -2: /Users/mac/Documents/baudex/frontend/test/e2e/offline_first/product_online_offline_online_test.dart: (setUpAll)                                                                         00:38 +572 -2: /Users/mac/Documents/baudex/frontend/test/e2e/offline_first/product_online_offline_online_test.dart: ... → Offline → Online complete flow: online create → offline read → online sync   00:38 +572 -2: /Users/mac/Documents/baudex/frontend/test/e2e/offline_first/product_online_offline_online_test.dart: Product E2E: Online → Offline → Online complete flow: online create → offline read → online sync
📦 ISAR: Producto Test Product cacheado exitosamente
🔍 ProductPriceModel.fromJson: Procesando precio price-001
📱 ProductRepository: Updating product offline: prod-001
💾 ProductRepository: Producto del servidor - actualizando en ISAR y cache
✅ ProductRepository: Producto actualizado en ISAR
🔍 ProductPriceModel.fromJson: Procesando precio price-001
⚠️ ProductRepository: Error agregando actualización a cola: "SyncService" not found. You need to call "Get.put(SyncService())" or "Get.lazyPut(()=>SyncService())"
✅ ProductRepository: Producto del servidor actualizado en cache exitosamente
📦 ISAR: Producto Updated Offline cacheado exitosamente
00:38 +573 -2: /Users/mac/Documents/baudex/frontend/test/e2e/offline_first/product_online_offline_online_test.dart: ... → Offline → Online complete flow: online create → offline read → online sync   00:38 +573 -2: /Users/mac/Documents/baudex/frontend/test/e2e/offline_first/product_online_offline_online_test.dart: ... → Online offline product creation then online sync with server ID replacement  00:38 +573 -2: /Users/mac/Documents/baudex/frontend/test/e2e/offline_first/product_online_offline_online_test.dart: Product E2E: Online → Offline → Online offline product creation then online sync with server ID replacement
🔄 Producto offline encontrado por SKU: OFFLINE-SKU
   Actualizando serverId: product_offline_123 → prod-server-456
📦 ISAR: Producto Offline Created Product cacheado exitosamente
00:38 +574 -2: /Users/mac/Documents/baudex/frontend/test/e2e/offline_first/product_online_offline_online_test.dart: ... → Online offline product creation then online sync with server ID replacement  00:38 +574 -2: /Users/mac/Documents/baudex/frontend/test/e2e/offline_first/product_online_offline_online_test.dart: ... → Online network interruption during operation with graceful degradation       00:38 +574 -2: /Users/mac/Documents/baudex/frontend/test/e2e/offline_first/product_online_offline_online_test.dart: Product E2E: Online → Offline → Online network interruption during operation with graceful degradation
📦 ISAR: Producto Test Product cacheado exitosamente
🔍 ProductPriceModel.fromJson: Procesando precio price-001
00:38 +575 -2: /Users/mac/Documents/baudex/frontend/test/e2e/offline_first/product_online_offline_online_test.dart: ... → Online network interruption during operation with graceful degradation       00:38 +575 -2: /Users/mac/Documents/baudex/frontend/test/e2e/offline_first/product_online_offline_online_test.dart: (tearDownAll)                                                                      00:38 +575 -2: Some tests failed.                                                                                                                                                                      
